main.c:163:6:HAL_TIM_IC_CaptureCallback	16	static
main.c:177:5:main	8	static
main.c:267:6:SystemClock_Config	112	static
main.c:309:13:MX_I2C2_Init	8	static
main.c:355:13:MX_SPI2_Init	8	static
main.c:395:13:MX_TIM2_Init	64	static
main.c:444:13:MX_TSC_Init	8	static
main.c:524:6:InitShuttle	8	static
main.c:539:6:PollUserInput	48	static
main.c:605:6:WriteOutputToPC	24	static
main.c:622:6:WriteButtonState	32	static
main.c:661:7:ReadButtonState	24	static
main.c:702:6:Error_Handler	8	static,ignoring_inline_asm
