Archive member included to satisfy reference by file (symbol)

c:/st/stm32cubeide_1.8.0/stm32cubeide/plugins/com.st.stm32cube.ide.mcu.externaltools.gnu-tools-for-stm32.9-2020-q2-update.win32_2.0.0.202105311346/tools/bin/../lib/gcc/arm-none-eabi/9.3.1/../../../../arm-none-eabi/lib/thumb/v6-m/nofp\libc_nano.a(lib_a-errno.o)
                              ./Core/Src/syscalls.o (__errno)
c:/st/stm32cubeide_1.8.0/stm32cubeide/plugins/com.st.stm32cube.ide.mcu.externaltools.gnu-tools-for-stm32.9-2020-q2-update.win32_2.0.0.202105311346/tools/bin/../lib/gcc/arm-none-eabi/9.3.1/../../../../arm-none-eabi/lib/thumb/v6-m/nofp\libc_nano.a(lib_a-exit.o)
                              c:/st/stm32cubeide_1.8.0/stm32cubeide/plugins/com.st.stm32cube.ide.mcu.externaltools.gnu-tools-for-stm32.9-2020-q2-update.win32_2.0.0.202105311346/tools/bin/../lib/gcc/arm-none-eabi/9.3.1/../../../../arm-none-eabi/lib/thumb/v6-m/nofp/crt0.o (exit)
c:/st/stm32cubeide_1.8.0/stm32cubeide/plugins/com.st.stm32cube.ide.mcu.externaltools.gnu-tools-for-stm32.9-2020-q2-update.win32_2.0.0.202105311346/tools/bin/../lib/gcc/arm-none-eabi/9.3.1/../../../../arm-none-eabi/lib/thumb/v6-m/nofp\libc_nano.a(lib_a-impure.o)
                              c:/st/stm32cubeide_1.8.0/stm32cubeide/plugins/com.st.stm32cube.ide.mcu.externaltools.gnu-tools-for-stm32.9-2020-q2-update.win32_2.0.0.202105311346/tools/bin/../lib/gcc/arm-none-eabi/9.3.1/../../../../arm-none-eabi/lib/thumb/v6-m/nofp\libc_nano.a(lib_a-exit.o) (_global_impure_ptr)
c:/st/stm32cubeide_1.8.0/stm32cubeide/plugins/com.st.stm32cube.ide.mcu.externaltools.gnu-tools-for-stm32.9-2020-q2-update.win32_2.0.0.202105311346/tools/bin/../lib/gcc/arm-none-eabi/9.3.1/../../../../arm-none-eabi/lib/thumb/v6-m/nofp\libc_nano.a(lib_a-init.o)
                              c:/st/stm32cubeide_1.8.0/stm32cubeide/plugins/com.st.stm32cube.ide.mcu.externaltools.gnu-tools-for-stm32.9-2020-q2-update.win32_2.0.0.202105311346/tools/bin/../lib/gcc/arm-none-eabi/9.3.1/../../../../arm-none-eabi/lib/thumb/v6-m/nofp/crt0.o (__libc_init_array)
c:/st/stm32cubeide_1.8.0/stm32cubeide/plugins/com.st.stm32cube.ide.mcu.externaltools.gnu-tools-for-stm32.9-2020-q2-update.win32_2.0.0.202105311346/tools/bin/../lib/gcc/arm-none-eabi/9.3.1/../../../../arm-none-eabi/lib/thumb/v6-m/nofp\libc_nano.a(lib_a-memset.o)
                              c:/st/stm32cubeide_1.8.0/stm32cubeide/plugins/com.st.stm32cube.ide.mcu.externaltools.gnu-tools-for-stm32.9-2020-q2-update.win32_2.0.0.202105311346/tools/bin/../lib/gcc/arm-none-eabi/9.3.1/../../../../arm-none-eabi/lib/thumb/v6-m/nofp/crt0.o (memset)
c:/st/stm32cubeide_1.8.0/stm32cubeide/plugins/com.st.stm32cube.ide.mcu.externaltools.gnu-tools-for-stm32.9-2020-q2-update.win32_2.0.0.202105311346/tools/bin/../lib/gcc/arm-none-eabi/9.3.1/thumb/v6-m/nofp\libgcc.a(_udivsi3.o)
                              ./Core/Src/system_stm32f0xx.o (__aeabi_uidiv)
c:/st/stm32cubeide_1.8.0/stm32cubeide/plugins/com.st.stm32cube.ide.mcu.externaltools.gnu-tools-for-stm32.9-2020-q2-update.win32_2.0.0.202105311346/tools/bin/../lib/gcc/arm-none-eabi/9.3.1/thumb/v6-m/nofp\libgcc.a(_dvmd_tls.o)
                              c:/st/stm32cubeide_1.8.0/stm32cubeide/plugins/com.st.stm32cube.ide.mcu.externaltools.gnu-tools-for-stm32.9-2020-q2-update.win32_2.0.0.202105311346/tools/bin/../lib/gcc/arm-none-eabi/9.3.1/thumb/v6-m/nofp\libgcc.a(_udivsi3.o) (__aeabi_idiv0)

Allocating common symbols
Common symbol       size              file

hUsbDeviceFS        0x2c4             ./USB_DEVICE/App/usb_device.o
globalState         0x42              ./Core/Src/main.o
uwTick              0x4               ./Drivers/STM32F0xx_HAL_Driver/Src/stm32f0xx_hal.o
pFlash              0x20              ./Drivers/STM32F0xx_HAL_Driver/Src/stm32f0xx_hal_flash.o
hpcd_USB_FS         0x2f4             ./USB_DEVICE/Target/usbd_conf.o
USBD_StrDesc        0x200             ./USB_DEVICE/App/usbd_desc.o

Discarded input sections

 .text          0x0000000000000000        0x0 c:/st/stm32cubeide_1.8.0/stm32cubeide/plugins/com.st.stm32cube.ide.mcu.externaltools.gnu-tools-for-stm32.9-2020-q2-update.win32_2.0.0.202105311346/tools/bin/../lib/gcc/arm-none-eabi/9.3.1/thumb/v6-m/nofp/crti.o
 .data          0x0000000000000000        0x0 c:/st/stm32cubeide_1.8.0/stm32cubeide/plugins/com.st.stm32cube.ide.mcu.externaltools.gnu-tools-for-stm32.9-2020-q2-update.win32_2.0.0.202105311346/tools/bin/../lib/gcc/arm-none-eabi/9.3.1/thumb/v6-m/nofp/crti.o
 .bss           0x0000000000000000        0x0 c:/st/stm32cubeide_1.8.0/stm32cubeide/plugins/com.st.stm32cube.ide.mcu.externaltools.gnu-tools-for-stm32.9-2020-q2-update.win32_2.0.0.202105311346/tools/bin/../lib/gcc/arm-none-eabi/9.3.1/thumb/v6-m/nofp/crti.o
 .data          0x0000000000000000        0x4 c:/st/stm32cubeide_1.8.0/stm32cubeide/plugins/com.st.stm32cube.ide.mcu.externaltools.gnu-tools-for-stm32.9-2020-q2-update.win32_2.0.0.202105311346/tools/bin/../lib/gcc/arm-none-eabi/9.3.1/thumb/v6-m/nofp/crtbegin.o
[...]
Memory Configuration

Name             Origin             Length             Attributes
RAM              0x0000000020000000 0x0000000000004000 xrw
FLASH            0x0000000008000000 0x0000000000020000 xr
*default*        0x0000000000000000 0xffffffffffffffff

Linker script and memory map

LOAD c:/st/stm32cubeide_1.8.0/stm32cubeide/plugins/com.st.stm32cube.ide.mcu.externaltools.gnu-tools-for-stm32.9-2020-q2-update.win32_2.0.0.202105311346/tools/bin/../lib/gcc/arm-none-eabi/9.3.1/thumb/v6-m/nofp/crti.o
LOAD c:/st/stm32cubeide_1.8.0/stm32cubeide/plugins/com.st.stm32cube.ide.mcu.externaltools.gnu-tools-for-stm32.9-2020-q2-update.win32_2.0.0.202105311346/tools/bin/../lib/gcc/arm-none-eabi/9.3.1/thumb/v6-m/nofp/crtbegin.o
LOAD c:/st/stm32cubeide_1.8.0/stm32cubeide/plugins/com.st.stm32cube.ide.mcu.externaltools.gnu-tools-for-stm32.9-2020-q2-update.win32_2.0.0.202105311346/tools/bin/../lib/gcc/arm-none-eabi/9.3.1/../../../../arm-none-eabi/lib/thumb/v6-m/nofp/crt0.o
LOAD ./Core/Src/gpio.o
LOAD ./Core/Src/main.o
LOAD ./Core/Src/stm32f0xx_hal_msp.o
LOAD ./Core/Src/stm32f0xx_it.o
LOAD ./Core/Src/syscalls.o
LOAD ./Core/Src/sysmem.o
LOAD ./Core/Src/system_stm32f0xx.o
LOAD ./Core/Startup/startup_stm32f072rbtx.o
LOAD ./Drivers/STM32F0xx_HAL_Driver/Src/stm32f0xx_hal.o
LOAD ./Drivers/STM32F0xx_HAL_Driver/Src/stm32f0xx_hal_cortex.o
LOAD ./Drivers/STM32F0xx_HAL_Driver/Src/stm32f0xx_hal_dma.o
LOAD ./Drivers/STM32F0xx_HAL_Driver/Src/stm32f0xx_hal_exti.o
LOAD ./Drivers/STM32F0xx_HAL_Driver/Src/stm32f0xx_hal_flash.o
LOAD ./Drivers/STM32F0xx_HAL_Driver/Src/stm32f0xx_hal_flash_ex.o
LOAD ./Drivers/STM32F0xx_HAL_Driver/Src/stm32f0xx_hal_gpio.o
LOAD ./Drivers/STM32F0xx_HAL_Driver/Src/stm32f0xx_hal_i2c.o
LOAD ./Drivers/STM32F0xx_HAL_Driver/Src/stm32f0xx_hal_i2c_ex.o
LOAD ./Drivers/STM32F0xx_HAL_Driver/Src/stm32f0xx_hal_pcd.o
LOAD ./Drivers/STM32F0xx_HAL_Driver/Src/stm32f0xx_hal_pcd_ex.o
LOAD ./Drivers/STM32F0xx_HAL_Driver/Src/stm32f0xx_hal_pwr.o
LOAD ./Drivers/STM32F0xx_HAL_Driver/Src/stm32f0xx_hal_pwr_ex.o
LOAD ./Drivers/STM32F0xx_HAL_Driver/Src/stm32f0xx_hal_rcc.o
LOAD ./Drivers/STM32F0xx_HAL_Driver/Src/stm32f0xx_hal_rcc_ex.o
LOAD ./Drivers/STM32F0xx_HAL_Driver/Src/stm32f0xx_hal_tim.o
LOAD ./Drivers/STM32F0xx_HAL_Driver/Src/stm32f0xx_hal_tim_ex.o
LOAD ./Drivers/STM32F0xx_HAL_Driver/Src/stm32f0xx_ll_usb.o
LOAD ./Middlewares/ST/STM32_USB_Device_Library/Class/HID/Src/usbd_hid.o
LOAD ./Middlewares/ST/STM32_USB_Device_Library/Core/Src/usbd_core.o
LOAD ./Middlewares/ST/STM32_USB_Device_Library/Core/Src/usbd_ctlreq.o
LOAD ./Middlewares/ST/STM32_USB_Device_Library/Core/Src/usbd_ioreq.o
LOAD ./USB_DEVICE/App/usb_device.o
LOAD ./USB_DEVICE/App/usbd_desc.o
LOAD ./USB_DEVICE/Target/usbd_conf.o
START GROUP
LOAD c:/st/stm32cubeide_1.8.0/stm32cubeide/plugins/com.st.stm32cube.ide.mcu.externaltools.gnu-tools-for-stm32.9-2020-q2-update.win32_2.0.0.202105311346/tools/bin/../lib/gcc/arm-none-eabi/9.3.1/../../../../arm-none-eabi/lib/thumb/v6-m/nofp\libc_nano.a
LOAD c:/st/stm32cubeide_1.8.0/stm32cubeide/plugins/com.st.stm32cube.ide.mcu.externaltools.gnu-tools-for-stm32.9-2020-q2-update.win32_2.0.0.202105311346/tools/bin/../lib/gcc/arm-none-eabi/9.3.1/../../../../arm-none-eabi/lib/thumb/v6-m/nofp\libm.a
END GROUP
START GROUP
LOAD c:/st/stm32cubeide_1.8.0/stm32cubeide/plugins/com.st.stm32cube.ide.mcu.externaltools.gnu-tools-for-stm32.9-2020-q2-update.win32_2.0.0.202105311346/tools/bin/../lib/gcc/arm-none-eabi/9.3.1/thumb/v6-m/nofp\libgcc.a
LOAD c:/st/stm32cubeide_1.8.0/stm32cubeide/plugins/com.st.stm32cube.ide.mcu.externaltools.gnu-tools-for-stm32.9-2020-q2-update.win32_2.0.0.202105311346/tools/bin/../lib/gcc/arm-none-eabi/9.3.1/../../../../arm-none-eabi/lib/thumb/v6-m/nofp\libc_nano.a
END GROUP
START GROUP
LOAD c:/st/stm32cubeide_1.8.0/stm32cubeide/plugins/com.st.stm32cube.ide.mcu.externaltools.gnu-tools-for-stm32.9-2020-q2-update.win32_2.0.0.202105311346/tools/bin/../lib/gcc/arm-none-eabi/9.3.1/thumb/v6-m/nofp\libgcc.a
LOAD c:/st/stm32cubeide_1.8.0/stm32cubeide/plugins/com.st.stm32cube.ide.mcu.externaltools.gnu-tools-for-stm32.9-2020-q2-update.win32_2.0.0.202105311346/tools/bin/../lib/gcc/arm-none-eabi/9.3.1/../../../../arm-none-eabi/lib/thumb/v6-m/nofp\libc_nano.a
LOAD c:/st/stm32cubeide_1.8.0/stm32cubeide/plugins/com.st.stm32cube.ide.mcu.externaltools.gnu-tools-for-stm32.9-2020-q2-update.win32_2.0.0.202105311346/tools/bin/../lib/gcc/arm-none-eabi/9.3.1/../../../../arm-none-eabi/lib/thumb/v6-m/nofp\libnosys.a
END GROUP
START GROUP
LOAD c:/st/stm32cubeide_1.8.0/stm32cubeide/plugins/com.st.stm32cube.ide.mcu.externaltools.gnu-tools-for-stm32.9-2020-q2-update.win32_2.0.0.202105311346/tools/bin/../lib/gcc/arm-none-eabi/9.3.1/thumb/v6-m/nofp\libgcc.a
LOAD c:/st/stm32cubeide_1.8.0/stm32cubeide/plugins/com.st.stm32cube.ide.mcu.externaltools.gnu-tools-for-stm32.9-2020-q2-update.win32_2.0.0.202105311346/tools/bin/../lib/gcc/arm-none-eabi/9.3.1/../../../../arm-none-eabi/lib/thumb/v6-m/nofp\libc_nano.a
LOAD c:/st/stm32cubeide_1.8.0/stm32cubeide/plugins/com.st.stm32cube.ide.mcu.externaltools.gnu-tools-for-stm32.9-2020-q2-update.win32_2.0.0.202105311346/tools/bin/../lib/gcc/arm-none-eabi/9.3.1/../../../../arm-none-eabi/lib/thumb/v6-m/nofp\libnosys.a
END GROUP
LOAD c:/st/stm32cubeide_1.8.0/stm32cubeide/plugins/com.st.stm32cube.ide.mcu.externaltools.gnu-tools-for-stm32.9-2020-q2-update.win32_2.0.0.202105311346/tools/bin/../lib/gcc/arm-none-eabi/9.3.1/thumb/v6-m/nofp/crtend.o
LOAD c:/st/stm32cubeide_1.8.0/stm32cubeide/plugins/com.st.stm32cube.ide.mcu.externaltools.gnu-tools-for-stm32.9-2020-q2-update.win32_2.0.0.202105311346/tools/bin/../lib/gcc/arm-none-eabi/9.3.1/thumb/v6-m/nofp/crtn.o
                0x0000000020004000                _estack = (ORIGIN (RAM) + LENGTH (RAM))
                0x0000000000000200                _Min_Heap_Size = 0x200
                0x0000000000000400                _Min_Stack_Size = 0x400

.isr_vector     0x0000000008000000       0xc0
                0x0000000008000000                . = ALIGN (0x4)
 *(.isr_vector)
 .isr_vector    0x0000000008000000       0xc0 ./Core/Startup/startup_stm32f072rbtx.o
                0x0000000008000000                g_pfnVectors
                0x00000000080000c0                . = ALIGN (0x4)

.text           0x00000000080000c0     0x7548
                0x00000000080000c0                . = ALIGN (0x4)
 *(.text)
 .text          0x00000000080000c0       0x48 c:/st/stm32cubeide_1.8.0/stm32cubeide/plugins/com.st.stm32cube.ide.mcu.externaltools.gnu-tools-for-stm32.9-2020-q2-update.win32_2.0.0.202105311346/tools/bin/../lib/gcc/arm-none-eabi/9.3.1/thumb/v6-m/nofp/crtbegin.o
 .text          0x0000000008000108      0x114 c:/st/stm32cubeide_1.8.0/stm32cubeide/plugins/com.st.stm32cube.ide.mcu.externaltools.gnu-tools-for-stm32.9-2020-q2-update.win32_2.0.0.202105311346/tools/bin/../lib/gcc/arm-none-eabi/9.3.1/thumb/v6-m/nofp\libgcc.a(_udivsi3.o)
                0x0000000008000108                __aeabi_uidiv
                0x0000000008000108                __udivsi3
                0x0000000008000214                __aeabi_uidivmod
 .text          0x000000000800021c        0x4 c:/st/stm32cubeide_1.8.0/stm32cubeide/plugins/com.st.stm32cube.ide.mcu.externaltools.gnu-tools-for-stm32.9-2020-q2-update.win32_2.0.0.202105311346/tools/bin/../lib/gcc/arm-none-eabi/9.3.1/thumb/v6-m/nofp\libgcc.a(_dvmd_tls.o)
                0x000000000800021c                __aeabi_idiv0
                0x000000000800021c                __aeabi_ldiv0
 *(.text*)
 .text.MX_GPIO_Init
                0x0000000008000220      0x1c8 ./Core/Src/gpio.o
                0x0000000008000220                MX_GPIO_Init
 .text.main     0x00000000080003e8       0x8c ./Core/Src/main.o
                0x00000000080003e8                main
 .text.SystemClock_Config
                0x0000000008000474       0xcc ./Core/Src/main.o
                0x0000000008000474                SystemClock_Config
 .text.System_Init
                0x0000000008000540        0xc ./Core/Src/main.o
                0x0000000008000540                System_Init
 .text.Error_Handler
                0x000000000800054c        0xa ./Core/Src/main.o
                0x000000000800054c                Error_Handler
 *fill*         0x0000000008000556        0x2 
 .text.HAL_MspInit
                0x0000000008000558       0x48 ./Core/Src/stm32f0xx_hal_msp.o
                0x0000000008000558                HAL_MspInit
 .text.NMI_Handler
                0x00000000080005a0        0x6 ./Core/Src/stm32f0xx_it.o
                0x00000000080005a0                NMI_Handler
 .text.HardFault_Handler
                0x00000000080005a6        0x6 ./Core/Src/stm32f0xx_it.o
                0x00000000080005a6                HardFault_Handler
 .text.SVC_Handler
                0x00000000080005ac        0xa ./Core/Src/stm32f0xx_it.o
                0x00000000080005ac                SVC_Handler
 .text.PendSV_Handler
                0x00000000080005b6        0xa ./Core/Src/stm32f0xx_it.o
                0x00000000080005b6                PendSV_Handler
 .text.SysTick_Handler
                0x00000000080005c0        0xe ./Core/Src/stm32f0xx_it.o
                0x00000000080005c0                SysTick_Handler
 *fill*         0x00000000080005ce        0x2 
 .text.USB_IRQHandler
                0x00000000080005d0       0x18 ./Core/Src/stm32f0xx_it.o
                0x00000000080005d0                USB_IRQHandler
 .text.SystemInit
                0x00000000080005e8        0xa ./Core/Src/system_stm32f0xx.o
                0x00000000080005e8                SystemInit
 *fill*         0x00000000080005f2        0x2 
 .text.Reset_Handler
                0x00000000080005f4       0x50 ./Core/Startup/startup_stm32f072rbtx.o
                0x00000000080005f4                Reset_Handler
 .text.Default_Handler
                0x0000000008000644        0x2 ./Core/Startup/startup_stm32f072rbtx.o
                0x0000000008000644                TIM1_CC_IRQHandler
                0x0000000008000644                TSC_IRQHandler
                0x0000000008000644                ADC1_COMP_IRQHandler
                0x0000000008000644                I2C1_IRQHandler
                0x0000000008000644                RCC_CRS_IRQHandler
                0x0000000008000644                SPI1_IRQHandler
                0x0000000008000644                TIM6_DAC_IRQHandler
                0x0000000008000644                USART3_4_IRQHandler
                0x0000000008000644                EXTI2_3_IRQHandler
                0x0000000008000644                I2C2_IRQHandler
                0x0000000008000644                TIM17_IRQHandler
                0x0000000008000644                CEC_CAN_IRQHandler
                0x0000000008000644                RTC_IRQHandler
                0x0000000008000644                PVD_VDDIO2_IRQHandler
                0x0000000008000644                DMA1_Channel4_5_6_7_IRQHandler
                0x0000000008000644                TIM16_IRQHandler
                0x0000000008000644                TIM3_IRQHandler
                0x0000000008000644                EXTI4_15_IRQHandler
                0x0000000008000644                DMA1_Channel1_IRQHandler
                0x0000000008000644                Default_Handler
                0x0000000008000644                TIM14_IRQHandler
                0x0000000008000644                TIM7_IRQHandler
                0x0000000008000644                TIM15_IRQHandler
                0x0000000008000644                EXTI0_1_IRQHandler
                0x0000000008000644                SPI2_IRQHandler
                0x0000000008000644                WWDG_IRQHandler
                0x0000000008000644                TIM2_IRQHandler
                0x0000000008000644                DMA1_Channel2_3_IRQHandler
                0x0000000008000644                USART2_IRQHandler
                0x0000000008000644                FLASH_IRQHandler
                0x0000000008000644                USART1_IRQHandler
                0x0000000008000644                TIM1_BRK_UP_TRG_COM_IRQHandler
 *fill*         0x0000000008000646        0x2 
 .text.HAL_Init
                0x0000000008000648       0x28 ./Drivers/STM32F0xx_HAL_Driver/Src/stm32f0xx_hal.o
                0x0000000008000648                HAL_Init
 .text.HAL_InitTick
                0x0000000008000670       0x68 ./Drivers/STM32F0xx_HAL_Driver/Src/stm32f0xx_hal.o
                0x0000000008000670                HAL_InitTick
 .text.HAL_IncTick
                0x00000000080006d8       0x24 ./Drivers/STM32F0xx_HAL_Driver/Src/stm32f0xx_hal.o
                0x00000000080006d8                HAL_IncTick
 .text.HAL_GetTick
                0x00000000080006fc       0x14 ./Drivers/STM32F0xx_HAL_Driver/Src/stm32f0xx_hal.o
                0x00000000080006fc                HAL_GetTick
 .text.HAL_Delay
                0x0000000008000710       0x48 ./Drivers/STM32F0xx_HAL_Driver/Src/stm32f0xx_hal.o
                0x0000000008000710                HAL_Delay
 .text.__NVIC_EnableIRQ
                0x0000000008000758       0x34 ./Drivers/STM32F0xx_HAL_Driver/Src/stm32f0xx_hal_cortex.o
 .text.__NVIC_SetPriority
                0x000000000800078c       0xdc ./Drivers/STM32F0xx_HAL_Driver/Src/stm32f0xx_hal_cortex.o
 .text.SysTick_Config
                0x0000000008000868       0x48 ./Drivers/STM32F0xx_HAL_Driver/Src/stm32f0xx_hal_cortex.o
 .text.HAL_NVIC_SetPriority
                0x00000000080008b0       0x2a ./Drivers/STM32F0xx_HAL_Driver/Src/stm32f0xx_hal_cortex.o
                0x00000000080008b0                HAL_NVIC_SetPriority
 .text.HAL_NVIC_EnableIRQ
                0x00000000080008da       0x20 ./Drivers/STM32F0xx_HAL_Driver/Src/stm32f0xx_hal_cortex.o
                0x00000000080008da                HAL_NVIC_EnableIRQ
 .text.HAL_SYSTICK_Config
                0x00000000080008fa       0x1a ./Drivers/STM32F0xx_HAL_Driver/Src/stm32f0xx_hal_cortex.o
                0x00000000080008fa                HAL_SYSTICK_Config
 .text.HAL_GPIO_Init
                0x0000000008000914      0x2f0 ./Drivers/STM32F0xx_HAL_Driver/Src/stm32f0xx_hal_gpio.o
                0x0000000008000914                HAL_GPIO_Init
 .text.HAL_GPIO_WritePin
                0x0000000008000c04       0x3a ./Drivers/STM32F0xx_HAL_Driver/Src/stm32f0xx_hal_gpio.o
                0x0000000008000c04                HAL_GPIO_WritePin
 .text.HAL_GPIO_TogglePin
                0x0000000008000c3e       0x36 ./Drivers/STM32F0xx_HAL_Driver/Src/stm32f0xx_hal_gpio.o
                0x0000000008000c3e                HAL_GPIO_TogglePin
 .text.HAL_PCD_Init
                0x0000000008000c74      0x220 ./Drivers/STM32F0xx_HAL_Driver/Src/stm32f0xx_hal_pcd.o
                0x0000000008000c74                HAL_PCD_Init
 .text.HAL_PCD_Start
                0x0000000008000e94       0x4a ./Drivers/STM32F0xx_HAL_Driver/Src/stm32f0xx_hal_pcd.o
                0x0000000008000e94                HAL_PCD_Start
 *fill*         0x0000000008000ede        0x2 
 .text.HAL_PCD_IRQHandler
                0x0000000008000ee0      0x2f8 ./Drivers/STM32F0xx_HAL_Driver/Src/stm32f0xx_hal_pcd.o
                0x0000000008000ee0                HAL_PCD_IRQHandler
 .text.HAL_PCD_SetAddress
                0x00000000080011d8       0x56 ./Drivers/STM32F0xx_HAL_Driver/Src/stm32f0xx_hal_pcd.o
                0x00000000080011d8                HAL_PCD_SetAddress
 .text.HAL_PCD_EP_Open
                0x000000000800122e       0xf0 ./Drivers/STM32F0xx_HAL_Driver/Src/stm32f0xx_hal_pcd.o
                0x000000000800122e                HAL_PCD_EP_Open
 .text.HAL_PCD_EP_Close
                0x000000000800131e       0xa2 ./Drivers/STM32F0xx_HAL_Driver/Src/stm32f0xx_hal_pcd.o
                0x000000000800131e                HAL_PCD_EP_Close
 .text.HAL_PCD_EP_Receive
                0x00000000080013c0       0x88 ./Drivers/STM32F0xx_HAL_Driver/Src/stm32f0xx_hal_pcd.o
                0x00000000080013c0                HAL_PCD_EP_Receive
 .text.HAL_PCD_EP_Transmit
                0x0000000008001448       0x92 ./Drivers/STM32F0xx_HAL_Driver/Src/stm32f0xx_hal_pcd.o
                0x0000000008001448                HAL_PCD_EP_Transmit
 .text.HAL_PCD_EP_SetStall
                0x00000000080014da       0xb8 ./Drivers/STM32F0xx_HAL_Driver/Src/stm32f0xx_hal_pcd.o
                0x00000000080014da                HAL_PCD_EP_SetStall
 .text.HAL_PCD_EP_ClrStall
                0x0000000008001592       0xbc ./Drivers/STM32F0xx_HAL_Driver/Src/stm32f0xx_hal_pcd.o
                0x0000000008001592                HAL_PCD_EP_ClrStall
 *fill*         0x000000000800164e        0x2 
 .text.PCD_EP_ISR_Handler
                0x0000000008001650      0x7e4 ./Drivers/STM32F0xx_HAL_Driver/Src/stm32f0xx_hal_pcd.o
 .text.HAL_PCD_EP_DB_Receive
                0x0000000008001e34      0x238 ./Drivers/STM32F0xx_HAL_Driver/Src/stm32f0xx_hal_pcd.o
 .text.HAL_PCD_EP_DB_Transmit
                0x000000000800206c      0x7b4 ./Drivers/STM32F0xx_HAL_Driver/Src/stm32f0xx_hal_pcd.o
 .text.HAL_PCDEx_PMAConfig
                0x0000000008002820       0x9c ./Drivers/STM32F0xx_HAL_Driver/Src/stm32f0xx_hal_pcd_ex.o
                0x0000000008002820                HAL_PCDEx_PMAConfig
 .text.HAL_PCDEx_ActivateLPM
                0x00000000080028bc       0x54 ./Drivers/STM32F0xx_HAL_Driver/Src/stm32f0xx_hal_pcd_ex.o
                0x00000000080028bc                HAL_PCDEx_ActivateLPM
 .text.HAL_PCDEx_LPM_Callback
                0x0000000008002910       0x16 ./Drivers/STM32F0xx_HAL_Driver/Src/stm32f0xx_hal_pcd_ex.o
                0x0000000008002910                HAL_PCDEx_LPM_Callback
 *fill*         0x0000000008002926        0x2 
 .text.HAL_RCC_OscConfig
                0x0000000008002928      0x70c ./Drivers/STM32F0xx_HAL_Driver/Src/stm32f0xx_hal_rcc.o
                0x0000000008002928                HAL_RCC_OscConfig
 .text.HAL_RCC_ClockConfig
                0x0000000008003034      0x1b4 ./Drivers/STM32F0xx_HAL_Driver/Src/stm32f0xx_hal_rcc.o
                0x0000000008003034                HAL_RCC_ClockConfig
 .text.HAL_RCC_GetSysClockFreq
                0x00000000080031e8      0x100 ./Drivers/STM32F0xx_HAL_Driver/Src/stm32f0xx_hal_rcc.o
                0x00000000080031e8                HAL_RCC_GetSysClockFreq
 .text.HAL_RCCEx_PeriphCLKConfig
                0x00000000080032e8      0x1fc ./Drivers/STM32F0xx_HAL_Driver/Src/stm32f0xx_hal_rcc_ex.o
                0x00000000080032e8                HAL_RCCEx_PeriphCLKConfig
 .text.USB_EnableGlobalInt
                0x00000000080034e4       0x2c ./Drivers/STM32F0xx_HAL_Driver/Src/stm32f0xx_ll_usb.o
                0x00000000080034e4                USB_EnableGlobalInt
 .text.USB_DisableGlobalInt
                0x0000000008003510       0x34 ./Drivers/STM32F0xx_HAL_Driver/Src/stm32f0xx_ll_usb.o
                0x0000000008003510                USB_DisableGlobalInt
 .text.USB_DevInit
                0x0000000008003544       0x58 ./Drivers/STM32F0xx_HAL_Driver/Src/stm32f0xx_ll_usb.o
                0x0000000008003544                USB_DevInit
 .text.USB_ActivateEndpoint
                0x000000000800359c      0x6e8 ./Drivers/STM32F0xx_HAL_Driver/Src/stm32f0xx_ll_usb.o
                0x000000000800359c                USB_ActivateEndpoint
 .text.USB_DeactivateEndpoint
                0x0000000008003c84      0x380 ./Drivers/STM32F0xx_HAL_Driver/Src/stm32f0xx_ll_usb.o
                0x0000000008003c84                USB_DeactivateEndpoint
 .text.USB_EPStartXfer
                0x0000000008004004     0x1174 ./Drivers/STM32F0xx_HAL_Driver/Src/stm32f0xx_ll_usb.o
                0x0000000008004004                USB_EPStartXfer
 .text.USB_EPSetStall
                0x0000000008005178       0xa0 ./Drivers/STM32F0xx_HAL_Driver/Src/stm32f0xx_ll_usb.o
                0x0000000008005178                USB_EPSetStall
 .text.USB_EPClearStall
                0x0000000008005218      0x164 ./Drivers/STM32F0xx_HAL_Driver/Src/stm32f0xx_ll_usb.o
                0x0000000008005218                USB_EPClearStall
 .text.USB_SetDevAddress
                0x000000000800537c       0x28 ./Drivers/STM32F0xx_HAL_Driver/Src/stm32f0xx_ll_usb.o
                0x000000000800537c                USB_SetDevAddress
 .text.USB_DevConnect
                0x00000000080053a4       0x2c ./Drivers/STM32F0xx_HAL_Driver/Src/stm32f0xx_ll_usb.o
                0x00000000080053a4                USB_DevConnect
 .text.USB_ReadInterrupts
                0x00000000080053d0       0x1c ./Drivers/STM32F0xx_HAL_Driver/Src/stm32f0xx_ll_usb.o
                0x00000000080053d0                USB_ReadInterrupts
 .text.USB_WritePMA
                0x00000000080053ec       0x88 ./Drivers/STM32F0xx_HAL_Driver/Src/stm32f0xx_ll_usb.o
                0x00000000080053ec                USB_WritePMA
 .text.USB_ReadPMA
                0x0000000008005474       0x9e ./Drivers/STM32F0xx_HAL_Driver/Src/stm32f0xx_ll_usb.o
                0x0000000008005474                USB_ReadPMA
 .text.USBD_HID_Init
                0x0000000008005512       0x56 ./Middlewares/ST/STM32_USB_Device_Library/Class/HID/Src/usbd_hid.o
 .text.USBD_HID_DeInit
                0x0000000008005568       0x4c ./Middlewares/ST/STM32_USB_Device_Library/Class/HID/Src/usbd_hid.o
 .text.USBD_HID_Setup
                0x00000000080055b4      0x21c ./Middlewares/ST/STM32_USB_Device_Library/Class/HID/Src/usbd_hid.o
 .text.USBD_HID_SendReport
                0x00000000080057d0       0x4a ./Middlewares/ST/STM32_USB_Device_Library/Class/HID/Src/usbd_hid.o
                0x00000000080057d0                USBD_HID_SendReport
 *fill*         0x000000000800581a        0x2 
 .text.USBD_HID_GetFSCfgDesc
                0x000000000800581c       0x1c ./Middlewares/ST/STM32_USB_Device_Library/Class/HID/Src/usbd_hid.o
 .text.USBD_HID_GetHSCfgDesc
                0x0000000008005838       0x1c ./Middlewares/ST/STM32_USB_Device_Library/Class/HID/Src/usbd_hid.o
 .text.USBD_HID_GetOtherSpeedCfgDesc
                0x0000000008005854       0x1c ./Middlewares/ST/STM32_USB_Device_Library/Class/HID/Src/usbd_hid.o
 .text.USBD_HID_DataIn
                0x0000000008005870       0x24 ./Middlewares/ST/STM32_USB_Device_Library/Class/HID/Src/usbd_hid.o
 .text.USBD_HID_GetDeviceQualifierDesc
                0x0000000008005894       0x1c ./Middlewares/ST/STM32_USB_Device_Library/Class/HID/Src/usbd_hid.o
 .text.USBD_Init
                0x00000000080058b0       0x62 ./Middlewares/ST/STM32_USB_Device_Library/Core/Src/usbd_core.o
                0x00000000080058b0                USBD_Init
 .text.USBD_RegisterClass
                0x0000000008005912       0x40 ./Middlewares/ST/STM32_USB_Device_Library/Core/Src/usbd_core.o
                0x0000000008005912                USBD_RegisterClass
 .text.USBD_Start
                0x0000000008005952       0x1a ./Middlewares/ST/STM32_USB_Device_Library/Core/Src/usbd_core.o
                0x0000000008005952                USBD_Start
 .text.USBD_RunTestMode
                0x000000000800596c       0x12 ./Middlewares/ST/STM32_USB_Device_Library/Core/Src/usbd_core.o
                0x000000000800596c                USBD_RunTestMode
 .text.USBD_SetClassConfig
                0x000000000800597e       0x4e ./Middlewares/ST/STM32_USB_Device_Library/Core/Src/usbd_core.o
                0x000000000800597e                USBD_SetClassConfig
 .text.USBD_ClrClassConfig
                0x00000000080059cc       0x2c ./Middlewares/ST/STM32_USB_Device_Library/Core/Src/usbd_core.o
                0x00000000080059cc                USBD_ClrClassConfig
 .text.USBD_LL_SetupStage
                0x00000000080059f8       0xbc ./Middlewares/ST/STM32_USB_Device_Library/Core/Src/usbd_core.o
                0x00000000080059f8                USBD_LL_SetupStage
 .text.USBD_LL_DataOutStage
                0x0000000008005ab4      0x104 ./Middlewares/ST/STM32_USB_Device_Library/Core/Src/usbd_core.o
                0x0000000008005ab4                USBD_LL_DataOutStage
 .text.USBD_LL_DataInStage
                0x0000000008005bb8      0x17a ./Middlewares/ST/STM32_USB_Device_Library/Core/Src/usbd_core.o
                0x0000000008005bb8                USBD_LL_DataInStage
 .text.USBD_LL_Reset
                0x0000000008005d32       0x90 ./Middlewares/ST/STM32_USB_Device_Library/Core/Src/usbd_core.o
                0x0000000008005d32                USBD_LL_Reset
 .text.USBD_LL_SetSpeed
                0x0000000008005dc2       0x20 ./Middlewares/ST/STM32_USB_Device_Library/Core/Src/usbd_core.o
                0x0000000008005dc2                USBD_LL_SetSpeed
 *fill*         0x0000000008005de2        0x2 
 .text.USBD_LL_Suspend
                0x0000000008005de4       0x30 ./Middlewares/ST/STM32_USB_Device_Library/Core/Src/usbd_core.o
                0x0000000008005de4                USBD_LL_Suspend
 .text.USBD_LL_Resume
                0x0000000008005e14       0x30 ./Middlewares/ST/STM32_USB_Device_Library/Core/Src/usbd_core.o
                0x0000000008005e14                USBD_LL_Resume
 .text.USBD_LL_SOF
                0x0000000008005e44       0x3c ./Middlewares/ST/STM32_USB_Device_Library/Core/Src/usbd_core.o
                0x0000000008005e44                USBD_LL_SOF
 .text.USBD_StdDevReq
                0x0000000008005e80       0xe4 ./Middlewares/ST/STM32_USB_Device_Library/Core/Src/usbd_ctlreq.o
                0x0000000008005e80                USBD_StdDevReq
 .text.USBD_StdItfReq
                0x0000000008005f64       0xae ./Middlewares/ST/STM32_USB_Device_Library/Core/Src/usbd_ctlreq.o
                0x0000000008005f64                USBD_StdItfReq
 .text.USBD_StdEPReq
                0x0000000008006012      0x36c ./Middlewares/ST/STM32_USB_Device_Library/Core/Src/usbd_ctlreq.o
                0x0000000008006012                USBD_StdEPReq
 *fill*         0x000000000800637e        0x2 
 .text.USBD_GetDescriptor
                0x0000000008006380      0x364 ./Middlewares/ST/STM32_USB_Device_Library/Core/Src/usbd_ctlreq.o
 .text.USBD_SetAddress
                0x00000000080066e4       0xa8 ./Middlewares/ST/STM32_USB_Device_Library/Core/Src/usbd_ctlreq.o
 .text.USBD_SetConfig
                0x000000000800678c      0x148 ./Middlewares/ST/STM32_USB_Device_Library/Core/Src/usbd_ctlreq.o
 .text.USBD_GetConfig
                0x00000000080068d4       0x76 ./Middlewares/ST/STM32_USB_Device_Library/Core/Src/usbd_ctlreq.o
 .text.USBD_GetStatus
                0x000000000800694a       0x74 ./Middlewares/ST/STM32_USB_Device_Library/Core/Src/usbd_ctlreq.o
 .text.USBD_SetFeature
                0x00000000080069be       0x2c ./Middlewares/ST/STM32_USB_Device_Library/Core/Src/usbd_ctlreq.o
 .text.USBD_ClrFeature
                0x00000000080069ea       0x4c ./Middlewares/ST/STM32_USB_Device_Library/Core/Src/usbd_ctlreq.o
 .text.USBD_ParseSetupRequest
                0x0000000008006a36       0x76 ./Middlewares/ST/STM32_USB_Device_Library/Core/Src/usbd_ctlreq.o
                0x0000000008006a36                USBD_ParseSetupRequest
 .text.USBD_CtlError
                0x0000000008006aac       0x26 ./Middlewares/ST/STM32_USB_Device_Library/Core/Src/usbd_ctlreq.o
                0x0000000008006aac                USBD_CtlError
 .text.USBD_GetString
                0x0000000008006ad2       0x9c ./Middlewares/ST/STM32_USB_Device_Library/Core/Src/usbd_ctlreq.o
                0x0000000008006ad2                USBD_GetString
 .text.USBD_GetLen
                0x0000000008006b6e       0x3a ./Middlewares/ST/STM32_USB_Device_Library/Core/Src/usbd_ctlreq.o
 .text.USBD_CtlSendData
                0x0000000008006ba8       0x40 ./Middlewares/ST/STM32_USB_Device_Library/Core/Src/usbd_ioreq.o
                0x0000000008006ba8                USBD_CtlSendData
 .text.USBD_CtlContinueSendData
                0x0000000008006be8       0x26 ./Middlewares/ST/STM32_USB_Device_Library/Core/Src/usbd_ioreq.o
                0x0000000008006be8                USBD_CtlContinueSendData
 .text.USBD_CtlContinueRx
                0x0000000008006c0e       0x26 ./Middlewares/ST/STM32_USB_Device_Library/Core/Src/usbd_ioreq.o
                0x0000000008006c0e                USBD_CtlContinueRx
 .text.USBD_CtlSendStatus
                0x0000000008006c34       0x28 ./Middlewares/ST/STM32_USB_Device_Library/Core/Src/usbd_ioreq.o
                0x0000000008006c34                USBD_CtlSendStatus
 .text.USBD_CtlReceiveStatus
                0x0000000008006c5c       0x28 ./Middlewares/ST/STM32_USB_Device_Library/Core/Src/usbd_ioreq.o
                0x0000000008006c5c                USBD_CtlReceiveStatus
 .text.MX_USB_DEVICE_Init
                0x0000000008006c84       0x50 ./USB_DEVICE/App/usb_device.o
                0x0000000008006c84                MX_USB_DEVICE_Init
 .text.USBD_FS_DeviceDescriptor
                0x0000000008006cd4       0x24 ./USB_DEVICE/App/usbd_desc.o
                0x0000000008006cd4                USBD_FS_DeviceDescriptor
 .text.USBD_FS_LangIDStrDescriptor
                0x0000000008006cf8       0x24 ./USB_DEVICE/App/usbd_desc.o
                0x0000000008006cf8                USBD_FS_LangIDStrDescriptor
 .text.USBD_FS_ProductStrDescriptor
                0x0000000008006d1c       0x44 ./USB_DEVICE/App/usbd_desc.o
                0x0000000008006d1c                USBD_FS_ProductStrDescriptor
 .text.USBD_FS_ManufacturerStrDescriptor
                0x0000000008006d60       0x2c ./USB_DEVICE/App/usbd_desc.o
                0x0000000008006d60                USBD_FS_ManufacturerStrDescriptor
 .text.USBD_FS_SerialStrDescriptor
                0x0000000008006d8c       0x28 ./USB_DEVICE/App/usbd_desc.o
                0x0000000008006d8c                USBD_FS_SerialStrDescriptor
 .text.USBD_FS_ConfigStrDescriptor
                0x0000000008006db4       0x44 ./USB_DEVICE/App/usbd_desc.o
                0x0000000008006db4                USBD_FS_ConfigStrDescriptor
 .text.USBD_FS_InterfaceStrDescriptor
                0x0000000008006df8       0x44 ./USB_DEVICE/App/usbd_desc.o
                0x0000000008006df8                USBD_FS_InterfaceStrDescriptor
 .text.Get_SerialNum
                0x0000000008006e3c       0x5c ./USB_DEVICE/App/usbd_desc.o
 .text.IntToUnicode
                0x0000000008006e98       0x96 ./USB_DEVICE/App/usbd_desc.o
 *fill*         0x0000000008006f2e        0x2 
 .text.HAL_PCD_MspInit
                0x0000000008006f30       0x50 ./USB_DEVICE/Target/usbd_conf.o
                0x0000000008006f30                HAL_PCD_MspInit
 .text.HAL_PCD_SetupStageCallback
                0x0000000008006f80       0x2a ./USB_DEVICE/Target/usbd_conf.o
                0x0000000008006f80                HAL_PCD_SetupStageCallback
 .text.HAL_PCD_DataOutStageCallback
                0x0000000008006faa       0x42 ./USB_DEVICE/Target/usbd_conf.o
                0x0000000008006faa                HAL_PCD_DataOutStageCallback
 .text.HAL_PCD_DataInStageCallback
                0x0000000008006fec       0x3c ./USB_DEVICE/Target/usbd_conf.o
                0x0000000008006fec                HAL_PCD_DataInStageCallback
 .text.HAL_PCD_SOFCallback
                0x0000000008007028       0x1e ./USB_DEVICE/Target/usbd_conf.o
                0x0000000008007028                HAL_PCD_SOFCallback
 .text.HAL_PCD_ResetCallback
                0x0000000008007046       0x48 ./USB_DEVICE/Target/usbd_conf.o
                0x0000000008007046                HAL_PCD_ResetCallback
 *fill*         0x000000000800708e        0x2 
 .text.HAL_PCD_SuspendCallback
                0x0000000008007090       0x38 ./USB_DEVICE/Target/usbd_conf.o
                0x0000000008007090                HAL_PCD_SuspendCallback
 .text.HAL_PCD_ResumeCallback
                0x00000000080070c8       0x3c ./USB_DEVICE/Target/usbd_conf.o
                0x00000000080070c8                HAL_PCD_ResumeCallback
 .text.USBD_LL_Init
                0x0000000008007104       0xa0 ./USB_DEVICE/Target/usbd_conf.o
                0x0000000008007104                USBD_LL_Init
 .text.USBD_LL_Start
                0x00000000080071a4       0x4a ./USB_DEVICE/Target/usbd_conf.o
                0x00000000080071a4                USBD_LL_Start
 .text.USBD_LL_OpenEP
                0x00000000080071ee       0x6e ./USB_DEVICE/Target/usbd_conf.o
                0x00000000080071ee                USBD_LL_OpenEP
 .text.USBD_LL_CloseEP
                0x000000000800725c       0x56 ./USB_DEVICE/Target/usbd_conf.o
                0x000000000800725c                USBD_LL_CloseEP
 .text.USBD_LL_StallEP
                0x00000000080072b2       0x56 ./USB_DEVICE/Target/usbd_conf.o
                0x00000000080072b2                USBD_LL_StallEP
 .text.USBD_LL_ClearStallEP
                0x0000000008007308       0x56 ./USB_DEVICE/Target/usbd_conf.o
                0x0000000008007308                USBD_LL_ClearStallEP
 .text.USBD_LL_IsStallEP
                0x000000000800735e       0x62 ./USB_DEVICE/Target/usbd_conf.o
                0x000000000800735e                USBD_LL_IsStallEP
 .text.USBD_LL_SetUSBAddress
                0x00000000080073c0       0x56 ./USB_DEVICE/Target/usbd_conf.o
                0x00000000080073c0                USBD_LL_SetUSBAddress
 .text.USBD_LL_Transmit
                0x0000000008007416       0x6e ./USB_DEVICE/Target/usbd_conf.o
                0x0000000008007416                USBD_LL_Transmit
 .text.USBD_LL_PrepareReceive
                0x0000000008007484       0x6e ./USB_DEVICE/Target/usbd_conf.o
                0x0000000008007484                USBD_LL_PrepareReceive
 *fill*         0x00000000080074f2        0x2 
 .text.USBD_static_malloc
                0x00000000080074f4       0x18 ./USB_DEVICE/Target/usbd_conf.o
                0x00000000080074f4                USBD_static_malloc
 .text.USBD_static_free
                0x000000000800750c       0x10 ./USB_DEVICE/Target/usbd_conf.o
                0x000000000800750c                USBD_static_free
 .text.SystemClockConfig_Resume
                0x000000000800751c        0xe ./USB_DEVICE/Target/usbd_conf.o
 .text.USBD_Get_USB_Status
                0x000000000800752a       0x6e ./USB_DEVICE/Target/usbd_conf.o
 .text.__libc_init_array
                0x0000000008007598       0x48 c:/st/stm32cubeide_1.8.0/stm32cubeide/plugins/com.st.stm32cube.ide.mcu.externaltools.gnu-tools-for-stm32.9-2020-q2-update.win32_2.0.0.202105311346/tools/bin/../lib/gcc/arm-none-eabi/9.3.1/../../../../arm-none-eabi/lib/thumb/v6-m/nofp\libc_nano.a(lib_a-init.o)
                0x0000000008007598                __libc_init_array
 .text.memset   0x00000000080075e0       0x10 c:/st/stm32cubeide_1.8.0/stm32cubeide/plugins/com.st.stm32cube.ide.mcu.externaltools.gnu-tools-for-stm32.9-2020-q2-update.win32_2.0.0.202105311346/tools/bin/../lib/gcc/arm-none-eabi/9.3.1/../../../../arm-none-eabi/lib/thumb/v6-m/nofp\libc_nano.a(lib_a-memset.o)
                0x00000000080075e0                memset
 *(.glue_7)
 .glue_7        0x00000000080075f0        0x0 linker stubs
 *(.glue_7t)
 .glue_7t       0x00000000080075f0        0x0 linker stubs
 *(.eh_frame)
 .eh_frame      0x00000000080075f0        0x0 c:/st/stm32cubeide_1.8.0/stm32cubeide/plugins/com.st.stm32cube.ide.mcu.externaltools.gnu-tools-for-stm32.9-2020-q2-update.win32_2.0.0.202105311346/tools/bin/../lib/gcc/arm-none-eabi/9.3.1/thumb/v6-m/nofp/crtbegin.o
 *(.init)
 .init          0x00000000080075f0        0x4 c:/st/stm32cubeide_1.8.0/stm32cubeide/plugins/com.st.stm32cube.ide.mcu.externaltools.gnu-tools-for-stm32.9-2020-q2-update.win32_2.0.0.202105311346/tools/bin/../lib/gcc/arm-none-eabi/9.3.1/thumb/v6-m/nofp/crti.o
                0x00000000080075f0                _init
 .init          0x00000000080075f4        0x8 c:/st/stm32cubeide_1.8.0/stm32cubeide/plugins/com.st.stm32cube.ide.mcu.externaltools.gnu-tools-for-stm32.9-2020-q2-update.win32_2.0.0.202105311346/tools/bin/../lib/gcc/arm-none-eabi/9.3.1/thumb/v6-m/nofp/crtn.o
 *(.fini)
 .fini          0x00000000080075fc        0x4 c:/st/stm32cubeide_1.8.0/stm32cubeide/plugins/com.st.stm32cube.ide.mcu.externaltools.gnu-tools-for-stm32.9-2020-q2-update.win32_2.0.0.202105311346/tools/bin/../lib/gcc/arm-none-eabi/9.3.1/thumb/v6-m/nofp/crti.o
                0x00000000080075fc                _fini
 .fini          0x0000000008007600        0x8 c:/st/stm32cubeide_1.8.0/stm32cubeide/plugins/com.st.stm32cube.ide.mcu.externaltools.gnu-tools-for-stm32.9-2020-q2-update.win32_2.0.0.202105311346/tools/bin/../lib/gcc/arm-none-eabi/9.3.1/thumb/v6-m/nofp/crtn.o
                0x0000000008007608                . = ALIGN (0x4)
                0x0000000008007608                _etext = .

.vfp11_veneer   0x0000000008007608        0x0
 .vfp11_veneer  0x0000000008007608        0x0 linker stubs

.v4_bx          0x0000000008007608        0x0
 .v4_bx         0x0000000008007608        0x0 linker stubs

.iplt           0x0000000008007608        0x0
 .iplt          0x0000000008007608        0x0 c:/st/stm32cubeide_1.8.0/stm32cubeide/plugins/com.st.stm32cube.ide.mcu.externaltools.gnu-tools-for-stm32.9-2020-q2-update.win32_2.0.0.202105311346/tools/bin/../lib/gcc/arm-none-eabi/9.3.1/thumb/v6-m/nofp/crtbegin.o

.rodata         0x0000000008007608       0xd8
                0x0000000008007608                . = ALIGN (0x4)
 *(.rodata)
 .rodata        0x0000000008007608       0x20 ./Drivers/STM32F0xx_HAL_Driver/Src/stm32f0xx_hal_rcc.o
 .rodata        0x0000000008007628       0x46 ./USB_DEVICE/App/usbd_desc.o
 *(.rodata*)
 *fill*         0x000000000800766e        0x2 
 .rodata.AHBPrescTable
                0x0000000008007670       0x10 ./Core/Src/system_stm32f0xx.o
                0x0000000008007670                AHBPrescTable
 .rodata.USBD_StdDevReq
                0x0000000008007680       0x28 ./Middlewares/ST/STM32_USB_Device_Library/Core/Src/usbd_ctlreq.o
 .rodata.USBD_GetDescriptor
                0x00000000080076a8       0x38 ./Middlewares/ST/STM32_USB_Device_Library/Core/Src/usbd_ctlreq.o
                0x00000000080076e0                . = ALIGN (0x4)

.rel.dyn        0x00000000080076e0        0x0
 .rel.iplt      0x00000000080076e0        0x0 c:/st/stm32cubeide_1.8.0/stm32cubeide/plugins/com.st.stm32cube.ide.mcu.externaltools.gnu-tools-for-stm32.9-2020-q2-update.win32_2.0.0.202105311346/tools/bin/../lib/gcc/arm-none-eabi/9.3.1/thumb/v6-m/nofp/crtbegin.o

.ARM.extab      0x00000000080076e0        0x0
                0x00000000080076e0                . = ALIGN (0x4)
 *(.ARM.extab* .gnu.linkonce.armextab.*)
                0x00000000080076e0                . = ALIGN (0x4)

.ARM            0x00000000080076e0        0x0
                0x00000000080076e0                . = ALIGN (0x4)
                0x00000000080076e0                __exidx_start = .
 *(.ARM.exidx*)
                0x00000000080076e0                __exidx_end = .
                0x00000000080076e0                . = ALIGN (0x4)

.preinit_array  0x00000000080076e0        0x0
                0x00000000080076e0                . = ALIGN (0x4)
                0x00000000080076e0                PROVIDE (__preinit_array_start = .)
 *(.preinit_array*)
                0x00000000080076e0                PROVIDE (__preinit_array_end = .)
                0x00000000080076e0                . = ALIGN (0x4)

.init_array     0x00000000080076e0        0x4
                0x00000000080076e0                . = ALIGN (0x4)
                0x00000000080076e0                PROVIDE (__init_array_start = .)
 *(SORT_BY_NAME(.init_array.*))
 *(.init_array*)
 .init_array    0x00000000080076e0        0x4 c:/st/stm32cubeide_1.8.0/stm32cubeide/plugins/com.st.stm32cube.ide.mcu.externaltools.gnu-tools-for-stm32.9-2020-q2-update.win32_2.0.0.202105311346/tools/bin/../lib/gcc/arm-none-eabi/9.3.1/thumb/v6-m/nofp/crtbegin.o
                0x00000000080076e4                PROVIDE (__init_array_end = .)
                0x00000000080076e4                . = ALIGN (0x4)

.fini_array     0x00000000080076e4        0x4
                0x00000000080076e4                . = ALIGN (0x4)
                [!provide]                        PROVIDE (__fini_array_start = .)
 *(SORT_BY_NAME(.fini_array.*))
 *(.fini_array*)
 .fini_array    0x00000000080076e4        0x4 c:/st/stm32cubeide_1.8.0/stm32cubeide/plugins/com.st.stm32cube.ide.mcu.externaltools.gnu-tools-for-stm32.9-2020-q2-update.win32_2.0.0.202105311346/tools/bin/../lib/gcc/arm-none-eabi/9.3.1/thumb/v6-m/nofp/crtbegin.o
                [!provide]                        PROVIDE (__fini_array_end = .)
                0x00000000080076e8                . = ALIGN (0x4)
                0x00000000080076e8                _sidata = LOADADDR (.data)

.data           0x0000000020000000      0x158 load address 0x00000000080076e8
                0x0000000020000000                . = ALIGN (0x4)
                0x0000000020000000                _sdata = .
 *(.data)
 *(.data*)
 .data.SystemCoreClock
                0x0000000020000000        0x4 ./Core/Src/system_stm32f0xx.o
                0x0000000020000000                SystemCoreClock
 .data.uwTickPrio
                0x0000000020000004        0x4 ./Drivers/STM32F0xx_HAL_Driver/Src/stm32f0xx_hal.o
                0x0000000020000004                uwTickPrio
 .data.uwTickFreq
                0x0000000020000008        0x1 ./Drivers/STM32F0xx_HAL_Driver/Src/stm32f0xx_hal.o
                0x0000000020000008                uwTickFreq
 *fill*         0x0000000020000009        0x3 
 .data.USBD_HID
                0x000000002000000c       0x38 ./Middlewares/ST/STM32_USB_Device_Library/Class/HID/Src/usbd_hid.o
                0x000000002000000c                USBD_HID
 .data.USBD_HID_CfgFSDesc
                0x0000000020000044       0x22 ./Middlewares/ST/STM32_USB_Device_Library/Class/HID/Src/usbd_hid.o
 *fill*         0x0000000020000066        0x2 
 .data.USBD_HID_CfgHSDesc
                0x0000000020000068       0x22 ./Middlewares/ST/STM32_USB_Device_Library/Class/HID/Src/usbd_hid.o
 *fill*         0x000000002000008a        0x2 
 .data.USBD_HID_OtherSpeedCfgDesc
                0x000000002000008c       0x22 ./Middlewares/ST/STM32_USB_Device_Library/Class/HID/Src/usbd_hid.o
 *fill*         0x00000000200000ae        0x2 
 .data.USBD_HID_Desc
                0x00000000200000b0        0x9 ./Middlewares/ST/STM32_USB_Device_Library/Class/HID/Src/usbd_hid.o
 *fill*         0x00000000200000b9        0x3 
 .data.USBD_HID_DeviceQualifierDesc
                0x00000000200000bc        0xa ./Middlewares/ST/STM32_USB_Device_Library/Class/HID/Src/usbd_hid.o
 *fill*         0x00000000200000c6        0x2 
 .data.HID_MOUSE_ReportDesc
                0x00000000200000c8       0x3f ./Middlewares/ST/STM32_USB_Device_Library/Class/HID/Src/usbd_hid.o
 *fill*         0x0000000020000107        0x1 
 .data.FS_Desc  0x0000000020000108       0x1c ./USB_DEVICE/App/usbd_desc.o
                0x0000000020000108                FS_Desc
 .data.USBD_FS_DeviceDesc
                0x0000000020000124       0x12 ./USB_DEVICE/App/usbd_desc.o
                0x0000000020000124                USBD_FS_DeviceDesc
 *fill*         0x0000000020000136        0x2 
 .data.USBD_LangIDDesc
                0x0000000020000138        0x4 ./USB_DEVICE/App/usbd_desc.o
                0x0000000020000138                USBD_LangIDDesc
 .data.USBD_StringSerial
                0x000000002000013c       0x1a ./USB_DEVICE/App/usbd_desc.o
                0x000000002000013c                USBD_StringSerial
 *(.RamFunc)
 *(.RamFunc*)
                0x0000000020000158                . = ALIGN (0x4)
 *fill*         0x0000000020000156        0x2 
                0x0000000020000158                _edata = .

.igot.plt       0x0000000020000158        0x0 load address 0x0000000008007840
 .igot.plt      0x0000000020000158        0x0 c:/st/stm32cubeide_1.8.0/stm32cubeide/plugins/com.st.stm32cube.ide.mcu.externaltools.gnu-tools-for-stm32.9-2020-q2-update.win32_2.0.0.202105311346/tools/bin/../lib/gcc/arm-none-eabi/9.3.1/thumb/v6-m/nofp/crtbegin.o
                0x0000000020000158                . = ALIGN (0x4)

.bss            0x0000000020000158      0x7f0 load address 0x0000000008007840
                0x0000000020000158                _sbss = .
                0x0000000020000158                __bss_start__ = _sbss
 *(.bss)
 .bss           0x0000000020000158       0x1c c:/st/stm32cubeide_1.8.0/stm32cubeide/plugins/com.st.stm32cube.ide.mcu.externaltools.gnu-tools-for-stm32.9-2020-q2-update.win32_2.0.0.202105311346/tools/bin/../lib/gcc/arm-none-eabi/9.3.1/thumb/v6-m/nofp/crtbegin.o
 *(.bss*)
 .bss.cfgidx.7807
                0x0000000020000174        0x1 ./Middlewares/ST/STM32_USB_Device_Library/Core/Src/usbd_ctlreq.o
 *fill*         0x0000000020000175        0x3 
 .bss.mem.7848  0x0000000020000178       0x14 ./USB_DEVICE/Target/usbd_conf.o
 *(COMMON)
 COMMON         0x000000002000018c        0x4 ./Drivers/STM32F0xx_HAL_Driver/Src/stm32f0xx_hal.o
                0x000000002000018c                uwTick
 COMMON         0x0000000020000190      0x2c4 ./USB_DEVICE/App/usb_device.o
                0x0000000020000190                hUsbDeviceFS
 COMMON         0x0000000020000454      0x200 ./USB_DEVICE/App/usbd_desc.o
                0x0000000020000454                USBD_StrDesc
 COMMON         0x0000000020000654      0x2f4 ./USB_DEVICE/Target/usbd_conf.o
                0x0000000020000654                hpcd_USB_FS
                0x0000000020000948                . = ALIGN (0x4)
                0x0000000020000948                _ebss = .
                0x0000000020000948                __bss_end__ = _ebss

._user_heap_stack
                0x0000000020000948      0x600 load address 0x0000000008007840
                0x0000000020000948                . = ALIGN (0x8)
                [!provide]                        PROVIDE (end = .)
                0x0000000020000948                PROVIDE (_end = .)
                0x0000000020000b48                . = (. + _Min_Heap_Size)
 *fill*         0x0000000020000948      0x200 
                0x0000000020000f48                . = (. + _Min_Stack_Size)
 *fill*         0x0000000020000b48      0x400 
                0x0000000020000f48                . = ALIGN (0x8)

/DISCARD/
 libc.a(*)
 libm.a(*)
 libgcc.a(*)

.ARM.attributes
                0x0000000000000000       0x28
 *(.ARM.attributes)
 .ARM.attributes
                0x0000000000000000       0x1e c:/st/stm32cubeide_1.8.0/stm32cubeide/plugins/com.st.stm32cube.ide.mcu.externaltools.gnu-tools-for-stm32.9-2020-q2-update.win32_2.0.0.202105311346/tools/bin/../lib/gcc/arm-none-eabi/9.3.1/thumb/v6-m/nofp/crti.o
 .ARM.attributes
                0x000000000000001e       0x2c c:/st/stm32cubeide_1.8.0/stm32cubeide/plugins/com.st.stm32cube.ide.mcu.externaltools.gnu-tools-for-stm32.9-2020-q2-update.win32_2.0.0.202105311346/tools/bin/../lib/gcc/arm-none-eabi/9.3.1/thumb/v6-m/nofp/crtbegin.o
 .ARM.attributes
                0x000000000000004a       0x2c ./Core/Src/gpio.o
 .ARM.attributes
                0x0000000000000076       0x2c ./Core/Src/main.o
 .ARM.attributes
                0x00000000000000a2       0x2c ./Core/Src/stm32f0xx_hal_msp.o
 .ARM.attributes
                0x00000000000000ce       0x2c ./Core/Src/stm32f0xx_it.o
 .ARM.attributes
                0x00000000000000fa       0x2c ./Core/Src/system_stm32f0xx.o
 .ARM.attributes
                0x0000000000000126       0x21 ./Core/Startup/startup_stm32f072rbtx.o
 .ARM.attributes
                0x0000000000000147       0x2c ./Drivers/STM32F0xx_HAL_Driver/Src/stm32f0xx_hal.o
 .ARM.attributes
                0x0000000000000173       0x2c ./Drivers/STM32F0xx_HAL_Driver/Src/stm32f0xx_hal_cortex.o
 .ARM.attributes
                0x000000000000019f       0x2c ./Drivers/STM32F0xx_HAL_Driver/Src/stm32f0xx_hal_gpio.o
 .ARM.attributes
                0x00000000000001cb       0x2c ./Drivers/STM32F0xx_HAL_Driver/Src/stm32f0xx_hal_pcd.o
 .ARM.attributes
                0x00000000000001f7       0x2c ./Drivers/STM32F0xx_HAL_Driver/Src/stm32f0xx_hal_pcd_ex.o
 .ARM.attributes
                0x0000000000000223       0x2c ./Drivers/STM32F0xx_HAL_Driver/Src/stm32f0xx_hal_rcc.o
 .ARM.attributes
                0x000000000000024f       0x2c ./Drivers/STM32F0xx_HAL_Driver/Src/stm32f0xx_hal_rcc_ex.o
 .ARM.attributes
                0x000000000000027b       0x2c ./Drivers/STM32F0xx_HAL_Driver/Src/stm32f0xx_ll_usb.o
 .ARM.attributes
                0x00000000000002a7       0x2c ./Middlewares/ST/STM32_USB_Device_Library/Class/HID/Src/usbd_hid.o
 .ARM.attributes
                0x00000000000002d3       0x2c ./Middlewares/ST/STM32_USB_Device_Library/Core/Src/usbd_core.o
 .ARM.attributes
                0x00000000000002ff       0x2c ./Middlewares/ST/STM32_USB_Device_Library/Core/Src/usbd_ctlreq.o
 .ARM.attributes
                0x000000000000032b       0x2c ./Middlewares/ST/STM32_USB_Device_Library/Core/Src/usbd_ioreq.o
 .ARM.attributes
                0x0000000000000357       0x2c ./USB_DEVICE/App/usb_device.o
 .ARM.attributes
                0x0000000000000383       0x2c ./USB_DEVICE/App/usbd_desc.o
 .ARM.attributes
                0x00000000000003af       0x2c ./USB_DEVICE/Target/usbd_conf.o
 .ARM.attributes
                0x00000000000003db       0x2c c:/st/stm32cubeide_1.8.0/stm32cubeide/plugins/com.st.stm32cube.ide.mcu.externaltools.gnu-tools-for-stm32.9-2020-q2-update.win32_2.0.0.202105311346/tools/bin/../lib/gcc/arm-none-eabi/9.3.1/../../../../arm-none-eabi/lib/thumb/v6-m/nofp\libc_nano.a(lib_a-init.o)
 .ARM.attributes
                0x0000000000000407       0x2c c:/st/stm32cubeide_1.8.0/stm32cubeide/plugins/com.st.stm32cube.ide.mcu.externaltools.gnu-tools-for-stm32.9-2020-q2-update.win32_2.0.0.202105311346/tools/bin/../lib/gcc/arm-none-eabi/9.3.1/../../../../arm-none-eabi/lib/thumb/v6-m/nofp\libc_nano.a(lib_a-memset.o)
 .ARM.attributes
                0x0000000000000433       0x1e c:/st/stm32cubeide_1.8.0/stm32cubeide/plugins/com.st.stm32cube.ide.mcu.externaltools.gnu-tools-for-stm32.9-2020-q2-update.win32_2.0.0.202105311346/tools/bin/../lib/gcc/arm-none-eabi/9.3.1/thumb/v6-m/nofp\libgcc.a(_udivsi3.o)
 .ARM.attributes
                0x0000000000000451       0x1e c:/st/stm32cubeide_1.8.0/stm32cubeide/plugins/com.st.stm32cube.ide.mcu.externaltools.gnu-tools-for-stm32.9-2020-q2-update.win32_2.0.0.202105311346/tools/bin/../lib/gcc/arm-none-eabi/9.3.1/thumb/v6-m/nofp\libgcc.a(_dvmd_tls.o)
 .ARM.attributes
                0x000000000000046f       0x1e c:/st/stm32cubeide_1.8.0/stm32cubeide/plugins/com.st.stm32cube.ide.mcu.externaltools.gnu-tools-for-stm32.9-2020-q2-update.win32_2.0.0.202105311346/tools/bin/../lib/gcc/arm-none-eabi/9.3.1/thumb/v6-m/nofp/crtn.o
OUTPUT(Casptone_Video_Editing_Shuttle_Firmware.elf elf32-littlearm)
LOAD linker stubs
LOAD c:/st/stm32cubeide_1.8.0/stm32cubeide/plugins/com.st.stm32cube.ide.mcu.externaltools.gnu-tools-for-stm32.9-2020-q2-update.win32_2.0.0.202105311346/tools/bin/../lib/gcc/arm-none-eabi/9.3.1/../../../../arm-none-eabi/lib/thumb/v6-m/nofp\libc.a
LOAD c:/st/stm32cubeide_1.8.0/stm32cubeide/plugins/com.st.stm32cube.ide.mcu.externaltools.gnu-tools-for-stm32.9-2020-q2-update.win32_2.0.0.202105311346/tools/bin/../lib/gcc/arm-none-eabi/9.3.1/../../../../arm-none-eabi/lib/thumb/v6-m/nofp\libm.a
LOAD c:/st/stm32cubeide_1.8.0/stm32cubeide/plugins/com.st.stm32cube.ide.mcu.externaltools.gnu-tools-for-stm32.9-2020-q2-update.win32_2.0.0.202105311346/tools/bin/../lib/gcc/arm-none-eabi/9.3.1/thumb/v6-m/nofp\libgcc.a

.debug_info     0x0000000000000000    0x100ae
 .debug_info    0x0000000000000000      0x409 ./Core/Src/gpio.o
 .debug_info    0x0000000000000409     0x137a ./Core/Src/main.o
 .debug_info    0x0000000000001783      0x27d ./Core/Src/stm32f0xx_hal_msp.o
 .debug_info    0x0000000000001a00      0x6e9 ./Core/Src/stm32f0xx_it.o
 .debug_info    0x00000000000020e9      0x2c3 ./Core/Src/system_stm32f0xx.o
 .debug_info    0x00000000000023ac       0x22 ./Core/Startup/startup_stm32f072rbtx.o
 .debug_info    0x00000000000023ce      0x717 ./Drivers/STM32F0xx_HAL_Driver/Src/stm32f0xx_hal.o
 .debug_info    0x0000000000002ae5      0x7e8 ./Drivers/STM32F0xx_HAL_Driver/Src/stm32f0xx_hal_cortex.o
 .debug_info    0x00000000000032cd      0x6ed ./Drivers/STM32F0xx_HAL_Driver/Src/stm32f0xx_hal_gpio.o
 .debug_info    0x00000000000039ba     0x1557 ./Drivers/STM32F0xx_HAL_Driver/Src/stm32f0xx_hal_pcd.o
 .debug_info    0x0000000000004f11      0x91c ./Drivers/STM32F0xx_HAL_Driver/Src/stm32f0xx_hal_pcd_ex.o
 .debug_info    0x000000000000582d      0x8b1 ./Drivers/STM32F0xx_HAL_Driver/Src/stm32f0xx_hal_rcc.o
 .debug_info    0x00000000000060de      0x6da ./Drivers/STM32F0xx_HAL_Driver/Src/stm32f0xx_hal_rcc_ex.o
 .debug_info    0x00000000000067b8     0x1728 ./Drivers/STM32F0xx_HAL_Driver/Src/stm32f0xx_ll_usb.o
 .debug_info    0x0000000000007ee0     0x1228 ./Middlewares/ST/STM32_USB_Device_Library/Class/HID/Src/usbd_hid.o
 .debug_info    0x0000000000009108     0x12c8 ./Middlewares/ST/STM32_USB_Device_Library/Core/Src/usbd_core.o
 .debug_info    0x000000000000a3d0     0x1235 ./Middlewares/ST/STM32_USB_Device_Library/Core/Src/usbd_ctlreq.o
 .debug_info    0x000000000000b605     0x1007 ./Middlewares/ST/STM32_USB_Device_Library/Core/Src/usbd_ioreq.o
 .debug_info    0x000000000000c60c      0xe88 ./USB_DEVICE/App/usb_device.o
 .debug_info    0x000000000000d494      0xdc1 ./USB_DEVICE/App/usbd_desc.o
 .debug_info    0x000000000000e255     0x1e59 ./USB_DEVICE/Target/usbd_conf.o

.debug_abbrev   0x0000000000000000     0x2b88
 .debug_abbrev  0x0000000000000000      0x14e ./Core/Src/gpio.o
 .debug_abbrev  0x000000000000014e      0x29d ./Core/Src/main.o
 .debug_abbrev  0x00000000000003eb      0x11d ./Core/Src/stm32f0xx_hal_msp.o
 .debug_abbrev  0x0000000000000508      0x173 ./Core/Src/stm32f0xx_it.o
 .debug_abbrev  0x000000000000067b      0x145 ./Core/Src/system_stm32f0xx.o
 .debug_abbrev  0x00000000000007c0       0x12 ./Core/Startup/startup_stm32f072rbtx.o
 .debug_abbrev  0x00000000000007d2      0x1ed ./Drivers/STM32F0xx_HAL_Driver/Src/stm32f0xx_hal.o
 .debug_abbrev  0x00000000000009bf      0x2a9 ./Drivers/STM32F0xx_HAL_Driver/Src/stm32f0xx_hal_cortex.o
 .debug_abbrev  0x0000000000000c68      0x1e8 ./Drivers/STM32F0xx_HAL_Driver/Src/stm32f0xx_hal_gpio.o
 .debug_abbrev  0x0000000000000e50      0x29e ./Drivers/STM32F0xx_HAL_Driver/Src/stm32f0xx_hal_pcd.o
 .debug_abbrev  0x00000000000010ee      0x219 ./Drivers/STM32F0xx_HAL_Driver/Src/stm32f0xx_hal_pcd_ex.o
 .debug_abbrev  0x0000000000001307      0x23b ./Drivers/STM32F0xx_HAL_Driver/Src/stm32f0xx_hal_rcc.o
 .debug_abbrev  0x0000000000001542      0x1c9 ./Drivers/STM32F0xx_HAL_Driver/Src/stm32f0xx_hal_rcc_ex.o
 .debug_abbrev  0x000000000000170b      0x25c ./Drivers/STM32F0xx_HAL_Driver/Src/stm32f0xx_ll_usb.o
 .debug_abbrev  0x0000000000001967      0x2b7 ./Middlewares/ST/STM32_USB_Device_Library/Class/HID/Src/usbd_hid.o
 .debug_abbrev  0x0000000000001c1e      0x2a8 ./Middlewares/ST/STM32_USB_Device_Library/Core/Src/usbd_core.o
 .debug_abbrev  0x0000000000001ec6      0x2de ./Middlewares/ST/STM32_USB_Device_Library/Core/Src/usbd_ctlreq.o
 .debug_abbrev  0x00000000000021a4      0x20a ./Middlewares/ST/STM32_USB_Device_Library/Core/Src/usbd_ioreq.o
 .debug_abbrev  0x00000000000023ae      0x1db ./USB_DEVICE/App/usb_device.o
 .debug_abbrev  0x0000000000002589      0x2ca ./USB_DEVICE/App/usbd_desc.o
 .debug_abbrev  0x0000000000002853      0x335 ./USB_DEVICE/Target/usbd_conf.o

.debug_aranges  0x0000000000000000      0x9b8
 .debug_aranges
                0x0000000000000000       0x20 ./Core/Src/gpio.o
 .debug_aranges
                0x0000000000000020       0x38 ./Core/Src/main.o
 .debug_aranges
                0x0000000000000058       0x20 ./Core/Src/stm32f0xx_hal_msp.o
 .debug_aranges
                0x0000000000000078       0x48 ./Core/Src/stm32f0xx_it.o
 .debug_aranges
                0x00000000000000c0       0x28 ./Core/Src/system_stm32f0xx.o
 .debug_aranges
                0x00000000000000e8       0x28 ./Core/Startup/startup_stm32f072rbtx.o
 .debug_aranges
                0x0000000000000110       0xd0 ./Drivers/STM32F0xx_HAL_Driver/Src/stm32f0xx_hal.o
 .debug_aranges
                0x00000000000001e0       0xc0 ./Drivers/STM32F0xx_HAL_Driver/Src/stm32f0xx_hal_cortex.o
 .debug_aranges
                0x00000000000002a0       0x58 ./Drivers/STM32F0xx_HAL_Driver/Src/stm32f0xx_hal_gpio.o
 .debug_aranges
                0x00000000000002f8      0x130 ./Drivers/STM32F0xx_HAL_Driver/Src/stm32f0xx_hal_pcd.o
 .debug_aranges
                0x0000000000000428       0x58 ./Drivers/STM32F0xx_HAL_Driver/Src/stm32f0xx_hal_pcd_ex.o
 .debug_aranges
                0x0000000000000480       0x80 ./Drivers/STM32F0xx_HAL_Driver/Src/stm32f0xx_hal_rcc.o
 .debug_aranges
                0x0000000000000500       0x78 ./Drivers/STM32F0xx_HAL_Driver/Src/stm32f0xx_hal_rcc_ex.o
 .debug_aranges
                0x0000000000000578       0xb0 ./Drivers/STM32F0xx_HAL_Driver/Src/stm32f0xx_ll_usb.o
 .debug_aranges
                0x0000000000000628       0x68 ./Middlewares/ST/STM32_USB_Device_Library/Class/HID/Src/usbd_hid.o
 .debug_aranges
                0x0000000000000690       0xb8 ./Middlewares/ST/STM32_USB_Device_Library/Core/Src/usbd_core.o
 .debug_aranges
                0x0000000000000748       0x88 ./Middlewares/ST/STM32_USB_Device_Library/Core/Src/usbd_ctlreq.o
 .debug_aranges
                0x00000000000007d0       0x50 ./Middlewares/ST/STM32_USB_Device_Library/Core/Src/usbd_ioreq.o
 .debug_aranges
                0x0000000000000820       0x20 ./USB_DEVICE/App/usb_device.o
 .debug_aranges
                0x0000000000000840       0x60 ./USB_DEVICE/App/usbd_desc.o
 .debug_aranges
                0x00000000000008a0      0x118 ./USB_DEVICE/Target/usbd_conf.o

.debug_ranges   0x0000000000000000      0x870
 .debug_ranges  0x0000000000000000       0x10 ./Core/Src/gpio.o
 .debug_ranges  0x0000000000000010       0x28 ./Core/Src/main.o
 .debug_ranges  0x0000000000000038       0x10 ./Core/Src/stm32f0xx_hal_msp.o
 .debug_ranges  0x0000000000000048       0x38 ./Core/Src/stm32f0xx_it.o
 .debug_ranges  0x0000000000000080       0x18 ./Core/Src/system_stm32f0xx.o
 .debug_ranges  0x0000000000000098       0x20 ./Core/Startup/startup_stm32f072rbtx.o
 .debug_ranges  0x00000000000000b8       0xc0 ./Drivers/STM32F0xx_HAL_Driver/Src/stm32f0xx_hal.o
 .debug_ranges  0x0000000000000178       0xb0 ./Drivers/STM32F0xx_HAL_Driver/Src/stm32f0xx_hal_cortex.o
 .debug_ranges  0x0000000000000228       0x48 ./Drivers/STM32F0xx_HAL_Driver/Src/stm32f0xx_hal_gpio.o
 .debug_ranges  0x0000000000000270      0x120 ./Drivers/STM32F0xx_HAL_Driver/Src/stm32f0xx_hal_pcd.o
 .debug_ranges  0x0000000000000390       0x48 ./Drivers/STM32F0xx_HAL_Driver/Src/stm32f0xx_hal_pcd_ex.o
 .debug_ranges  0x00000000000003d8       0x70 ./Drivers/STM32F0xx_HAL_Driver/Src/stm32f0xx_hal_rcc.o
 .debug_ranges  0x0000000000000448       0x68 ./Drivers/STM32F0xx_HAL_Driver/Src/stm32f0xx_hal_rcc_ex.o
 .debug_ranges  0x00000000000004b0       0xa0 ./Drivers/STM32F0xx_HAL_Driver/Src/stm32f0xx_ll_usb.o
 .debug_ranges  0x0000000000000550       0x58 ./Middlewares/ST/STM32_USB_Device_Library/Class/HID/Src/usbd_hid.o
 .debug_ranges  0x00000000000005a8       0xa8 ./Middlewares/ST/STM32_USB_Device_Library/Core/Src/usbd_core.o
 .debug_ranges  0x0000000000000650       0x78 ./Middlewares/ST/STM32_USB_Device_Library/Core/Src/usbd_ctlreq.o
 .debug_ranges  0x00000000000006c8       0x40 ./Middlewares/ST/STM32_USB_Device_Library/Core/Src/usbd_ioreq.o
 .debug_ranges  0x0000000000000708       0x10 ./USB_DEVICE/App/usb_device.o
 .debug_ranges  0x0000000000000718       0x50 ./USB_DEVICE/App/usbd_desc.o
 .debug_ranges  0x0000000000000768      0x108 ./USB_DEVICE/Target/usbd_conf.o

.debug_macro    0x0000000000000000    0x1b543
 .debug_macro   0x0000000000000000      0x1d7 ./Core/Src/gpio.o
 .debug_macro   0x00000000000001d7      0xa7e ./Core/Src/gpio.o
 .debug_macro   0x0000000000000c55      0x12d ./Core/Src/gpio.o
 .debug_macro   0x0000000000000d82       0x2e ./Core/Src/gpio.o
 .debug_macro   0x0000000000000db0       0x22 ./Core/Src/gpio.o
 .debug_macro   0x0000000000000dd2       0x22 ./Core/Src/gpio.o
 .debug_macro   0x0000000000000df4       0x8e ./Core/Src/gpio.o
 .debug_macro   0x0000000000000e82       0x51 ./Core/Src/gpio.o
 .debug_macro   0x0000000000000ed3      0x103 ./Core/Src/gpio.o
 .debug_macro   0x0000000000000fd6       0x6a ./Core/Src/gpio.o
 .debug_macro   0x0000000000001040      0x1df ./Core/Src/gpio.o
 .debug_macro   0x000000000000121f       0x1c ./Core/Src/gpio.o
 .debug_macro   0x000000000000123b       0x22 ./Core/Src/gpio.o
 .debug_macro   0x000000000000125d       0xb5 ./Core/Src/gpio.o
 .debug_macro   0x0000000000001312      0x391 ./Core/Src/gpio.o
 .debug_macro   0x00000000000016a3     0xfe57 ./Core/Src/gpio.o
 .debug_macro   0x00000000000114fa       0x66 ./Core/Src/gpio.o
 .debug_macro   0x0000000000011560     0x34a6 ./Core/Src/gpio.o
 .debug_macro   0x0000000000014a06      0x174 ./Core/Src/gpio.o
 .debug_macro   0x0000000000014b7a       0x55 ./Core/Src/gpio.o
 .debug_macro   0x0000000000014bcf      0x946 ./Core/Src/gpio.o
 .debug_macro   0x0000000000015515      0x5f3 ./Core/Src/gpio.o
 .debug_macro   0x0000000000015b08      0x1af ./Core/Src/gpio.o
 .debug_macro   0x0000000000015cb7      0x1a7 ./Core/Src/gpio.o
 .debug_macro   0x0000000000015e5e      0x1a7 ./Core/Src/gpio.o
 .debug_macro   0x0000000000016005      0x22c ./Core/Src/gpio.o
 .debug_macro   0x0000000000016231       0x34 ./Core/Src/gpio.o
 .debug_macro   0x0000000000016265       0x43 ./Core/Src/gpio.o
 .debug_macro   0x00000000000162a8       0x28 ./Core/Src/gpio.o
 .debug_macro   0x00000000000162d0       0xb0 ./Core/Src/gpio.o
 .debug_macro   0x0000000000016380      0x217 ./Core/Src/gpio.o
 .debug_macro   0x0000000000016597      0x22c ./Core/Src/gpio.o
 .debug_macro   0x00000000000167c3       0x61 ./Core/Src/gpio.o
 .debug_macro   0x0000000000016824       0xa5 ./Core/Src/gpio.o
 .debug_macro   0x00000000000168c9       0x65 ./Core/Src/gpio.o
 .debug_macro   0x000000000001692e      0x234 ./Core/Src/gpio.o
 .debug_macro   0x0000000000016b62       0x4c ./Core/Src/gpio.o
 .debug_macro   0x0000000000016bae      0x16d ./Core/Src/gpio.o
 .debug_macro   0x0000000000016d1b      0x130 ./Core/Src/gpio.o
 .debug_macro   0x0000000000016e4b       0xdc ./Core/Src/gpio.o
 .debug_macro   0x0000000000016f27      0x419 ./Core/Src/main.o
 .debug_macro   0x0000000000017340       0x52 ./Core/Src/main.o
 .debug_macro   0x0000000000017392       0x18 ./Core/Src/main.o
 .debug_macro   0x00000000000173aa       0x3c ./Core/Src/main.o
 .debug_macro   0x00000000000173e6       0x34 ./Core/Src/main.o
 .debug_macro   0x000000000001741a       0x16 ./Core/Src/main.o
 .debug_macro   0x0000000000017430       0x35 ./Core/Src/main.o
 .debug_macro   0x0000000000017465      0x333 ./Core/Src/main.o
 .debug_macro   0x0000000000017798       0x10 ./Core/Src/main.o
 .debug_macro   0x00000000000177a8       0x16 ./Core/Src/main.o
 .debug_macro   0x00000000000177be       0x43 ./Core/Src/main.o
 .debug_macro   0x0000000000017801       0x34 ./Core/Src/main.o
 .debug_macro   0x0000000000017835       0x10 ./Core/Src/main.o
 .debug_macro   0x0000000000017845       0x58 ./Core/Src/main.o
 .debug_macro   0x000000000001789d       0x71 ./Core/Src/main.o
 .debug_macro   0x000000000001790e       0x1c ./Core/Src/main.o
 .debug_macro   0x000000000001792a      0x12a ./Core/Src/main.o
 .debug_macro   0x0000000000017a54       0x10 ./Core/Src/main.o
 .debug_macro   0x0000000000017a64       0x1c ./Core/Src/main.o
 .debug_macro   0x0000000000017a80       0x52 ./Core/Src/main.o
 .debug_macro   0x0000000000017ad2       0x22 ./Core/Src/main.o
 .debug_macro   0x0000000000017af4       0x10 ./Core/Src/main.o
 .debug_macro   0x0000000000017b04       0x40 ./Core/Src/main.o
 .debug_macro   0x0000000000017b44       0xd5 ./Core/Src/main.o
 .debug_macro   0x0000000000017c19       0x1c ./Core/Src/main.o
 .debug_macro   0x0000000000017c35       0x3d ./Core/Src/main.o
 .debug_macro   0x0000000000017c72       0x16 ./Core/Src/main.o
 .debug_macro   0x0000000000017c88      0x145 ./Core/Src/main.o
 .debug_macro   0x0000000000017dcd       0x16 ./Core/Src/main.o
 .debug_macro   0x0000000000017de3       0x16 ./Core/Src/main.o
 .debug_macro   0x0000000000017df9       0x29 ./Core/Src/main.o
 .debug_macro   0x0000000000017e22       0x16 ./Core/Src/main.o
 .debug_macro   0x0000000000017e38       0x20 ./Core/Src/main.o
 .debug_macro   0x0000000000017e58       0x5f ./Core/Src/main.o
 .debug_macro   0x0000000000017eb7      0x1c8 ./Core/Src/main.o
 .debug_macro   0x000000000001807f       0x5e ./Core/Src/main.o
 .debug_macro   0x00000000000180dd      0x1cd ./Core/Src/stm32f0xx_hal_msp.o
 .debug_macro   0x00000000000182aa      0x1d7 ./Core/Src/stm32f0xx_it.o
 .debug_macro   0x0000000000018481      0x1be ./Core/Src/system_stm32f0xx.o
 .debug_macro   0x000000000001863f      0x1e2 ./Drivers/STM32F0xx_HAL_Driver/Src/stm32f0xx_hal.o
 .debug_macro   0x0000000000018821      0x1be ./Drivers/STM32F0xx_HAL_Driver/Src/stm32f0xx_hal_cortex.o
 .debug_macro   0x00000000000189df      0x1c5 ./Drivers/STM32F0xx_HAL_Driver/Src/stm32f0xx_hal_gpio.o
 .debug_macro   0x0000000000018ba4      0x1ca ./Drivers/STM32F0xx_HAL_Driver/Src/stm32f0xx_hal_pcd.o
 .debug_macro   0x0000000000018d6e      0x1be ./Drivers/STM32F0xx_HAL_Driver/Src/stm32f0xx_hal_pcd_ex.o
 .debug_macro   0x0000000000018f2c      0x1d0 ./Drivers/STM32F0xx_HAL_Driver/Src/stm32f0xx_hal_rcc.o
 .debug_macro   0x00000000000190fc      0x1d0 ./Drivers/STM32F0xx_HAL_Driver/Src/stm32f0xx_hal_rcc_ex.o
 .debug_macro   0x00000000000192cc      0x1be ./Drivers/STM32F0xx_HAL_Driver/Src/stm32f0xx_ll_usb.o
 .debug_macro   0x000000000001948a      0x3e3 ./Middlewares/ST/STM32_USB_Device_Library/Class/HID/Src/usbd_hid.o
 .debug_macro   0x000000000001986d       0x97 ./Middlewares/ST/STM32_USB_Device_Library/Class/HID/Src/usbd_hid.o
 .debug_macro   0x0000000000019904       0xfd ./Middlewares/ST/STM32_USB_Device_Library/Class/HID/Src/usbd_hid.o
 .debug_macro   0x0000000000019a01       0xaf ./Middlewares/ST/STM32_USB_Device_Library/Class/HID/Src/usbd_hid.o
 .debug_macro   0x0000000000019ab0       0x4f ./Middlewares/ST/STM32_USB_Device_Library/Class/HID/Src/usbd_hid.o
 .debug_macro   0x0000000000019aff      0x3ca ./Middlewares/ST/STM32_USB_Device_Library/Core/Src/usbd_core.o
 .debug_macro   0x0000000000019ec9      0x1ce ./Middlewares/ST/STM32_USB_Device_Library/Core/Src/usbd_core.o
 .debug_macro   0x000000000001a097      0x3d4 ./Middlewares/ST/STM32_USB_Device_Library/Core/Src/usbd_ctlreq.o
 .debug_macro   0x000000000001a46b      0x3d0 ./Middlewares/ST/STM32_USB_Device_Library/Core/Src/usbd_ioreq.o
 .debug_macro   0x000000000001a83b      0x3fa ./USB_DEVICE/App/usb_device.o
 .debug_macro   0x000000000001ac35       0xe2 ./USB_DEVICE/App/usb_device.o
 .debug_macro   0x000000000001ad17       0x22 ./USB_DEVICE/App/usb_device.o
 .debug_macro   0x000000000001ad39      0x407 ./USB_DEVICE/App/usbd_desc.o
 .debug_macro   0x000000000001b140       0x1c ./USB_DEVICE/App/usbd_desc.o
 .debug_macro   0x000000000001b15c      0x3e7 ./USB_DEVICE/Target/usbd_conf.o

.debug_line     0x0000000000000000     0xe0cc
 .debug_line    0x0000000000000000      0x729 ./Core/Src/gpio.o
 .debug_line    0x0000000000000729      0xadd ./Core/Src/main.o
 .debug_line    0x0000000000001206      0x6c5 ./Core/Src/stm32f0xx_hal_msp.o
 .debug_line    0x00000000000018cb      0x742 ./Core/Src/stm32f0xx_it.o
 .debug_line    0x000000000000200d      0x74d ./Core/Src/system_stm32f0xx.o
 .debug_line    0x000000000000275a       0x89 ./Core/Startup/startup_stm32f072rbtx.o
 .debug_line    0x00000000000027e3      0x940 ./Drivers/STM32F0xx_HAL_Driver/Src/stm32f0xx_hal.o
 .debug_line    0x0000000000003123      0x9ec ./Drivers/STM32F0xx_HAL_Driver/Src/stm32f0xx_hal_cortex.o
 .debug_line    0x0000000000003b0f      0xad2 ./Drivers/STM32F0xx_HAL_Driver/Src/stm32f0xx_hal_gpio.o
 .debug_line    0x00000000000045e1     0x12c3 ./Drivers/STM32F0xx_HAL_Driver/Src/stm32f0xx_hal_pcd.o
 .debug_line    0x00000000000058a4      0x83a ./Drivers/STM32F0xx_HAL_Driver/Src/stm32f0xx_hal_pcd_ex.o
 .debug_line    0x00000000000060de      0xdcf ./Drivers/STM32F0xx_HAL_Driver/Src/stm32f0xx_hal_rcc.o
 .debug_line    0x0000000000006ead      0xbe0 ./Drivers/STM32F0xx_HAL_Driver/Src/stm32f0xx_hal_rcc_ex.o
 .debug_line    0x0000000000007a8d      0xef5 ./Drivers/STM32F0xx_HAL_Driver/Src/stm32f0xx_ll_usb.o
 .debug_line    0x0000000000008982      0xc0a ./Middlewares/ST/STM32_USB_Device_Library/Class/HID/Src/usbd_hid.o
 .debug_line    0x000000000000958c      0xdd3 ./Middlewares/ST/STM32_USB_Device_Library/Core/Src/usbd_core.o
 .debug_line    0x000000000000a35f      0xfef ./Middlewares/ST/STM32_USB_Device_Library/Core/Src/usbd_ctlreq.o
 .debug_line    0x000000000000b34e      0xa69 ./Middlewares/ST/STM32_USB_Device_Library/Core/Src/usbd_ioreq.o
 .debug_line    0x000000000000bdb7      0xa0e ./USB_DEVICE/App/usb_device.o
 .debug_line    0x000000000000c7c5      0xaf2 ./USB_DEVICE/App/usbd_desc.o
 .debug_line    0x000000000000d2b7      0xe15 ./USB_DEVICE/Target/usbd_conf.o

.debug_str      0x0000000000000000    0x90c31
 .debug_str     0x0000000000000000    0x894c9 ./Core/Src/gpio.o
                                      0x89756 (size before relaxing)
 .debug_str     0x00000000000894c9     0x53d5 ./Core/Src/main.o
                                      0x8eb8c (size before relaxing)
 .debug_str     0x000000000008e89e       0x2c ./Core/Src/stm32f0xx_hal_msp.o
                                      0x896b9 (size before relaxing)
 .debug_str     0x000000000008e8ca      0x3ee ./Core/Src/stm32f0xx_it.o
                                      0x89a66 (size before relaxing)
 .debug_str     0x000000000008ecb8       0x5f ./Core/Src/system_stm32f0xx.o
                                      0x8938e (size before relaxing)
 .debug_str     0x000000000008ed17       0x36 ./Core/Startup/startup_stm32f072rbtx.o
                                         0x90 (size before relaxing)
 .debug_str     0x000000000008ed4d      0x467 ./Drivers/STM32F0xx_HAL_Driver/Src/stm32f0xx_hal.o
                                      0x898fc (size before relaxing)
 .debug_str     0x000000000008f1b4      0x1d2 ./Drivers/STM32F0xx_HAL_Driver/Src/stm32f0xx_hal_cortex.o
                                      0x897b0 (size before relaxing)
 .debug_str     0x000000000008f386      0x156 ./Drivers/STM32F0xx_HAL_Driver/Src/stm32f0xx_hal_gpio.o
                                      0x8956d (size before relaxing)
 .debug_str     0x000000000008f4dc      0x3d8 ./Drivers/STM32F0xx_HAL_Driver/Src/stm32f0xx_hal_pcd.o
                                      0x89adf (size before relaxing)
 .debug_str     0x000000000008f8b4      0x1c6 ./Drivers/STM32F0xx_HAL_Driver/Src/stm32f0xx_hal_pcd_ex.o
                                      0x898b7 (size before relaxing)
 .debug_str     0x000000000008fa7a      0x240 ./Drivers/STM32F0xx_HAL_Driver/Src/stm32f0xx_hal_rcc.o
                                      0x897a3 (size before relaxing)
 .debug_str     0x000000000008fcba      0x2f6 ./Drivers/STM32F0xx_HAL_Driver/Src/stm32f0xx_hal_rcc_ex.o
                                      0x89780 (size before relaxing)
 .debug_str     0x000000000008ffb0      0x1f6 ./Drivers/STM32F0xx_HAL_Driver/Src/stm32f0xx_ll_usb.o
                                      0x8979e (size before relaxing)
 .debug_str     0x00000000000901a6      0x270 ./Middlewares/ST/STM32_USB_Device_Library/Class/HID/Src/usbd_hid.o
                                      0x8e9b6 (size before relaxing)
 .debug_str     0x0000000000090416      0x1a9 ./Middlewares/ST/STM32_USB_Device_Library/Core/Src/usbd_core.o
                                      0x8e7bf (size before relaxing)
 .debug_str     0x00000000000905bf      0x12f ./Middlewares/ST/STM32_USB_Device_Library/Core/Src/usbd_ctlreq.o
                                      0x8e745 (size before relaxing)
 .debug_str     0x00000000000906ee       0xc9 ./Middlewares/ST/STM32_USB_Device_Library/Core/Src/usbd_ioreq.o
                                      0x8e6cd (size before relaxing)
 .debug_str     0x00000000000907b7       0xb5 ./USB_DEVICE/App/usb_device.o
                                      0x8e839 (size before relaxing)
 .debug_str     0x000000000009086c      0x258 ./USB_DEVICE/App/usbd_desc.o
                                      0x8e638 (size before relaxing)
 .debug_str     0x0000000000090ac4      0x16d ./USB_DEVICE/Target/usbd_conf.o
                                      0x8f0ae (size before relaxing)

.comment        0x0000000000000000       0x53
 .comment       0x0000000000000000       0x53 ./Core/Src/gpio.o
                                         0x54 (size before relaxing)
 .comment       0x0000000000000053       0x54 ./Core/Src/main.o
 .comment       0x0000000000000053       0x54 ./Core/Src/stm32f0xx_hal_msp.o
 .comment       0x0000000000000053       0x54 ./Core/Src/stm32f0xx_it.o
 .comment       0x0000000000000053       0x54 ./Core/Src/system_stm32f0xx.o
 .comment       0x0000000000000053       0x54 ./Drivers/STM32F0xx_HAL_Driver/Src/stm32f0xx_hal.o
 .comment       0x0000000000000053       0x54 ./Drivers/STM32F0xx_HAL_Driver/Src/stm32f0xx_hal_cortex.o
 .comment       0x0000000000000053       0x54 ./Drivers/STM32F0xx_HAL_Driver/Src/stm32f0xx_hal_gpio.o
 .comment       0x0000000000000053       0x54 ./Drivers/STM32F0xx_HAL_Driver/Src/stm32f0xx_hal_pcd.o
 .comment       0x0000000000000053       0x54 ./Drivers/STM32F0xx_HAL_Driver/Src/stm32f0xx_hal_pcd_ex.o
 .comment       0x0000000000000053       0x54 ./Drivers/STM32F0xx_HAL_Driver/Src/stm32f0xx_hal_rcc.o
 .comment       0x0000000000000053       0x54 ./Drivers/STM32F0xx_HAL_Driver/Src/stm32f0xx_hal_rcc_ex.o
 .comment       0x0000000000000053       0x54 ./Drivers/STM32F0xx_HAL_Driver/Src/stm32f0xx_ll_usb.o
 .comment       0x0000000000000053       0x54 ./Middlewares/ST/STM32_USB_Device_Library/Class/HID/Src/usbd_hid.o
 .comment       0x0000000000000053       0x54 ./Middlewares/ST/STM32_USB_Device_Library/Core/Src/usbd_core.o
 .comment       0x0000000000000053       0x54 ./Middlewares/ST/STM32_USB_Device_Library/Core/Src/usbd_ctlreq.o
 .comment       0x0000000000000053       0x54 ./Middlewares/ST/STM32_USB_Device_Library/Core/Src/usbd_ioreq.o
 .comment       0x0000000000000053       0x54 ./USB_DEVICE/App/usb_device.o
 .comment       0x0000000000000053       0x54 ./USB_DEVICE/App/usbd_desc.o
 .comment       0x0000000000000053       0x54 ./USB_DEVICE/Target/usbd_conf.o

.debug_frame    0x0000000000000000     0x2008
 .debug_frame   0x0000000000000000       0x30 ./Core/Src/gpio.o
 .debug_frame   0x0000000000000030       0x88 ./Core/Src/main.o
 .debug_frame   0x00000000000000b8       0x30 ./Core/Src/stm32f0xx_hal_msp.o
 .debug_frame   0x00000000000000e8       0xb8 ./Core/Src/stm32f0xx_it.o
 .debug_frame   0x00000000000001a0       0x4c ./Core/Src/system_stm32f0xx.o
 .debug_frame   0x00000000000001ec      0x2a4 ./Drivers/STM32F0xx_HAL_Driver/Src/stm32f0xx_hal.o
 .debug_frame   0x0000000000000490      0x2a0 ./Drivers/STM32F0xx_HAL_Driver/Src/stm32f0xx_hal_cortex.o
 .debug_frame   0x0000000000000730      0x110 ./Drivers/STM32F0xx_HAL_Driver/Src/stm32f0xx_hal_gpio.o
 .debug_frame   0x0000000000000840      0x478 ./Drivers/STM32F0xx_HAL_Driver/Src/stm32f0xx_hal_pcd.o
 .debug_frame   0x0000000000000cb8      0x110 ./Drivers/STM32F0xx_HAL_Driver/Src/stm32f0xx_hal_pcd_ex.o
 .debug_frame   0x0000000000000dc8      0x198 ./Drivers/STM32F0xx_HAL_Driver/Src/stm32f0xx_hal_rcc.o
 .debug_frame   0x0000000000000f60      0x180 ./Drivers/STM32F0xx_HAL_Driver/Src/stm32f0xx_hal_rcc_ex.o
 .debug_frame   0x00000000000010e0      0x280 ./Drivers/STM32F0xx_HAL_Driver/Src/stm32f0xx_ll_usb.o
 .debug_frame   0x0000000000001360      0x150 ./Middlewares/ST/STM32_USB_Device_Library/Class/HID/Src/usbd_hid.o
 .debug_frame   0x00000000000014b0      0x290 ./Middlewares/ST/STM32_USB_Device_Library/Core/Src/usbd_core.o
 .debug_frame   0x0000000000001740      0x1d8 ./Middlewares/ST/STM32_USB_Device_Library/Core/Src/usbd_ctlreq.o
 .debug_frame   0x0000000000001918       0xf0 ./Middlewares/ST/STM32_USB_Device_Library/Core/Src/usbd_ioreq.o
 .debug_frame   0x0000000000001a08       0x2c ./USB_DEVICE/App/usb_device.o
 .debug_frame   0x0000000000001a34      0x130 ./USB_DEVICE/App/usbd_desc.o
 .debug_frame   0x0000000000001b64      0x438 ./USB_DEVICE/Target/usbd_conf.o
 .debug_frame   0x0000000000001f9c       0x2c c:/st/stm32cubeide_1.8.0/stm32cubeide/plugins/com.st.stm32cube.ide.mcu.externaltools.gnu-tools-for-stm32.9-2020-q2-update.win32_2.0.0.202105311346/tools/bin/../lib/gcc/arm-none-eabi/9.3.1/../../../../arm-none-eabi/lib/thumb/v6-m/nofp\libc_nano.a(lib_a-init.o)
 .debug_frame   0x0000000000001fc8       0x20 c:/st/stm32cubeide_1.8.0/stm32cubeide/plugins/com.st.stm32cube.ide.mcu.externaltools.gnu-tools-for-stm32.9-2020-q2-update.win32_2.0.0.202105311346/tools/bin/../lib/gcc/arm-none-eabi/9.3.1/../../../../arm-none-eabi/lib/thumb/v6-m/nofp\libc_nano.a(lib_a-memset.o)
 .debug_frame   0x0000000000001fe8       0x20 c:/st/stm32cubeide_1.8.0/stm32cubeide/plugins/com.st.stm32cube.ide.mcu.externaltools.gnu-tools-for-stm32.9-2020-q2-update.win32_2.0.0.202105311346/tools/bin/../lib/gcc/arm-none-eabi/9.3.1/thumb/v6-m/nofp\libgcc.a(_udivsi3.o)
