Archive member included to satisfy reference by file (symbol)

c:/st/stm32cubeide_1.8.0/stm32cubeide/plugins/com.st.stm32cube.ide.mcu.externaltools.gnu-tools-for-stm32.9-2020-q2-update.win32_2.0.0.202105311346/tools/bin/../lib/gcc/arm-none-eabi/9.3.1/../../../../arm-none-eabi/lib/thumb/v6-m/nofp\libc_nano.a(lib_a-errno.o)
                              ./Core/Src/syscalls.o (__errno)
c:/st/stm32cubeide_1.8.0/stm32cubeide/plugins/com.st.stm32cube.ide.mcu.externaltools.gnu-tools-for-stm32.9-2020-q2-update.win32_2.0.0.202105311346/tools/bin/../lib/gcc/arm-none-eabi/9.3.1/../../../../arm-none-eabi/lib/thumb/v6-m/nofp\libc_nano.a(lib_a-exit.o)
                              c:/st/stm32cubeide_1.8.0/stm32cubeide/plugins/com.st.stm32cube.ide.mcu.externaltools.gnu-tools-for-stm32.9-2020-q2-update.win32_2.0.0.202105311346/tools/bin/../lib/gcc/arm-none-eabi/9.3.1/../../../../arm-none-eabi/lib/thumb/v6-m/nofp/crt0.o (exit)
c:/st/stm32cubeide_1.8.0/stm32cubeide/plugins/com.st.stm32cube.ide.mcu.externaltools.gnu-tools-for-stm32.9-2020-q2-update.win32_2.0.0.202105311346/tools/bin/../lib/gcc/arm-none-eabi/9.3.1/../../../../arm-none-eabi/lib/thumb/v6-m/nofp\libc_nano.a(lib_a-impure.o)
                              c:/st/stm32cubeide_1.8.0/stm32cubeide/plugins/com.st.stm32cube.ide.mcu.externaltools.gnu-tools-for-stm32.9-2020-q2-update.win32_2.0.0.202105311346/tools/bin/../lib/gcc/arm-none-eabi/9.3.1/../../../../arm-none-eabi/lib/thumb/v6-m/nofp\libc_nano.a(lib_a-exit.o) (_global_impure_ptr)
c:/st/stm32cubeide_1.8.0/stm32cubeide/plugins/com.st.stm32cube.ide.mcu.externaltools.gnu-tools-for-stm32.9-2020-q2-update.win32_2.0.0.202105311346/tools/bin/../lib/gcc/arm-none-eabi/9.3.1/../../../../arm-none-eabi/lib/thumb/v6-m/nofp\libc_nano.a(lib_a-init.o)
                              c:/st/stm32cubeide_1.8.0/stm32cubeide/plugins/com.st.stm32cube.ide.mcu.externaltools.gnu-tools-for-stm32.9-2020-q2-update.win32_2.0.0.202105311346/tools/bin/../lib/gcc/arm-none-eabi/9.3.1/../../../../arm-none-eabi/lib/thumb/v6-m/nofp/crt0.o (__libc_init_array)
c:/st/stm32cubeide_1.8.0/stm32cubeide/plugins/com.st.stm32cube.ide.mcu.externaltools.gnu-tools-for-stm32.9-2020-q2-update.win32_2.0.0.202105311346/tools/bin/../lib/gcc/arm-none-eabi/9.3.1/../../../../arm-none-eabi/lib/thumb/v6-m/nofp\libc_nano.a(lib_a-memset.o)
                              c:/st/stm32cubeide_1.8.0/stm32cubeide/plugins/com.st.stm32cube.ide.mcu.externaltools.gnu-tools-for-stm32.9-2020-q2-update.win32_2.0.0.202105311346/tools/bin/../lib/gcc/arm-none-eabi/9.3.1/../../../../arm-none-eabi/lib/thumb/v6-m/nofp/crt0.o (memset)
c:/st/stm32cubeide_1.8.0/stm32cubeide/plugins/com.st.stm32cube.ide.mcu.externaltools.gnu-tools-for-stm32.9-2020-q2-update.win32_2.0.0.202105311346/tools/bin/../lib/gcc/arm-none-eabi/9.3.1/thumb/v6-m/nofp\libgcc.a(_udivsi3.o)
                              ./Core/Src/system_stm32f0xx.o (__aeabi_uidiv)
c:/st/stm32cubeide_1.8.0/stm32cubeide/plugins/com.st.stm32cube.ide.mcu.externaltools.gnu-tools-for-stm32.9-2020-q2-update.win32_2.0.0.202105311346/tools/bin/../lib/gcc/arm-none-eabi/9.3.1/thumb/v6-m/nofp\libgcc.a(_dvmd_tls.o)
                              c:/st/stm32cubeide_1.8.0/stm32cubeide/plugins/com.st.stm32cube.ide.mcu.externaltools.gnu-tools-for-stm32.9-2020-q2-update.win32_2.0.0.202105311346/tools/bin/../lib/gcc/arm-none-eabi/9.3.1/thumb/v6-m/nofp\libgcc.a(_udivsi3.o) (__aeabi_idiv0)

Allocating common symbols
Common symbol       size              file

hUsbDeviceFS        0x2c4             ./USB_DEVICE/App/usb_device.o
globalState         0x42              ./Core/Src/main.o
uwTick              0x4               ./Drivers/STM32F0xx_HAL_Driver/Src/stm32f0xx_hal.o
pFlash              0x20              ./Drivers/STM32F0xx_HAL_Driver/Src/stm32f0xx_hal_flash.o
hpcd_USB_FS         0x2f4             ./USB_DEVICE/Target/usbd_conf.o
USBD_StrDesc        0x200             ./USB_DEVICE/App/usbd_desc.o

Discarded input sections

 .text          0x0000000000000000        0x0 c:/st/stm32cubeide_1.8.0/stm32cubeide/plugins/com.st.stm32cube.ide.mcu.externaltools.gnu-tools-for-stm32.9-2020-q2-update.win32_2.0.0.202105311346/tools/bin/../lib/gcc/arm-none-eabi/9.3.1/thumb/v6-m/nofp/crti.o
 .data          0x0000000000000000        0x0 c:/st/stm32cubeide_1.8.0/stm32cubeide/plugins/com.st.stm32cube.ide.mcu.externaltools.gnu-tools-for-stm32.9-2020-q2-update.win32_2.0.0.202105311346/tools/bin/../lib/gcc/arm-none-eabi/9.3.1/thumb/v6-m/nofp/crti.o
 .bss           0x0000000000000000        0x0 c:/st/stm32cubeide_1.8.0/stm32cubeide/plugins/com.st.stm32cube.ide.mcu.externaltools.gnu-tools-for-stm32.9-2020-q2-update.win32_2.0.0.202105311346/tools/bin/../lib/gcc/arm-none-eabi/9.3.1/thumb/v6-m/nofp/crti.o
 .data          0x0000000000000000        0x4 c:/st/stm32cubeide_1.8.0/stm32cubeide/plugins/com.st.stm32cube.ide.mcu.externaltools.gnu-tools-for-stm32.9-2020-q2-update.win32_2.0.0.202105311346/tools/bin/../lib/gcc/arm-none-eabi/9.3.1/thumb/v6-m/nofp/crtbegin.o
[...]
Memory Configuration

Name             Origin             Length             Attributes
RAM              0x0000000020000000 0x0000000000004000 xrw
FLASH            0x0000000008000000 0x0000000000020000 xr
*default*        0x0000000000000000 0xffffffffffffffff

Linker script and memory map

LOAD c:/st/stm32cubeide_1.8.0/stm32cubeide/plugins/com.st.stm32cube.ide.mcu.externaltools.gnu-tools-for-stm32.9-2020-q2-update.win32_2.0.0.202105311346/tools/bin/../lib/gcc/arm-none-eabi/9.3.1/thumb/v6-m/nofp/crti.o
LOAD c:/st/stm32cubeide_1.8.0/stm32cubeide/plugins/com.st.stm32cube.ide.mcu.externaltools.gnu-tools-for-stm32.9-2020-q2-update.win32_2.0.0.202105311346/tools/bin/../lib/gcc/arm-none-eabi/9.3.1/thumb/v6-m/nofp/crtbegin.o
LOAD c:/st/stm32cubeide_1.8.0/stm32cubeide/plugins/com.st.stm32cube.ide.mcu.externaltools.gnu-tools-for-stm32.9-2020-q2-update.win32_2.0.0.202105311346/tools/bin/../lib/gcc/arm-none-eabi/9.3.1/../../../../arm-none-eabi/lib/thumb/v6-m/nofp/crt0.o
LOAD ./Core/Src/gpio.o
LOAD ./Core/Src/main.o
LOAD ./Core/Src/stm32f0xx_hal_msp.o
LOAD ./Core/Src/stm32f0xx_it.o
LOAD ./Core/Src/syscalls.o
LOAD ./Core/Src/sysmem.o
LOAD ./Core/Src/system_stm32f0xx.o
LOAD ./Core/Startup/startup_stm32f072rbtx.o
LOAD ./Drivers/STM32F0xx_HAL_Driver/Src/stm32f0xx_hal.o
LOAD ./Drivers/STM32F0xx_HAL_Driver/Src/stm32f0xx_hal_cortex.o
LOAD ./Drivers/STM32F0xx_HAL_Driver/Src/stm32f0xx_hal_dma.o
LOAD ./Drivers/STM32F0xx_HAL_Driver/Src/stm32f0xx_hal_exti.o
LOAD ./Drivers/STM32F0xx_HAL_Driver/Src/stm32f0xx_hal_flash.o
LOAD ./Drivers/STM32F0xx_HAL_Driver/Src/stm32f0xx_hal_flash_ex.o
LOAD ./Drivers/STM32F0xx_HAL_Driver/Src/stm32f0xx_hal_gpio.o
LOAD ./Drivers/STM32F0xx_HAL_Driver/Src/stm32f0xx_hal_i2c.o
LOAD ./Drivers/STM32F0xx_HAL_Driver/Src/stm32f0xx_hal_i2c_ex.o
LOAD ./Drivers/STM32F0xx_HAL_Driver/Src/stm32f0xx_hal_pcd.o
LOAD ./Drivers/STM32F0xx_HAL_Driver/Src/stm32f0xx_hal_pcd_ex.o
LOAD ./Drivers/STM32F0xx_HAL_Driver/Src/stm32f0xx_hal_pwr.o
LOAD ./Drivers/STM32F0xx_HAL_Driver/Src/stm32f0xx_hal_pwr_ex.o
LOAD ./Drivers/STM32F0xx_HAL_Driver/Src/stm32f0xx_hal_rcc.o
LOAD ./Drivers/STM32F0xx_HAL_Driver/Src/stm32f0xx_hal_rcc_ex.o
LOAD ./Drivers/STM32F0xx_HAL_Driver/Src/stm32f0xx_hal_tim.o
LOAD ./Drivers/STM32F0xx_HAL_Driver/Src/stm32f0xx_hal_tim_ex.o
LOAD ./Drivers/STM32F0xx_HAL_Driver/Src/stm32f0xx_ll_usb.o
LOAD ./Middlewares/ST/STM32_USB_Device_Library/Class/HID/Src/usbd_hid.o
LOAD ./Middlewares/ST/STM32_USB_Device_Library/Core/Src/usbd_core.o
LOAD ./Middlewares/ST/STM32_USB_Device_Library/Core/Src/usbd_ctlreq.o
LOAD ./Middlewares/ST/STM32_USB_Device_Library/Core/Src/usbd_ioreq.o
LOAD ./USB_DEVICE/App/usb_device.o
LOAD ./USB_DEVICE/App/usbd_desc.o
LOAD ./USB_DEVICE/Target/usbd_conf.o
START GROUP
LOAD c:/st/stm32cubeide_1.8.0/stm32cubeide/plugins/com.st.stm32cube.ide.mcu.externaltools.gnu-tools-for-stm32.9-2020-q2-update.win32_2.0.0.202105311346/tools/bin/../lib/gcc/arm-none-eabi/9.3.1/../../../../arm-none-eabi/lib/thumb/v6-m/nofp\libc_nano.a
LOAD c:/st/stm32cubeide_1.8.0/stm32cubeide/plugins/com.st.stm32cube.ide.mcu.externaltools.gnu-tools-for-stm32.9-2020-q2-update.win32_2.0.0.202105311346/tools/bin/../lib/gcc/arm-none-eabi/9.3.1/../../../../arm-none-eabi/lib/thumb/v6-m/nofp\libm.a
END GROUP
START GROUP
LOAD c:/st/stm32cubeide_1.8.0/stm32cubeide/plugins/com.st.stm32cube.ide.mcu.externaltools.gnu-tools-for-stm32.9-2020-q2-update.win32_2.0.0.202105311346/tools/bin/../lib/gcc/arm-none-eabi/9.3.1/thumb/v6-m/nofp\libgcc.a
LOAD c:/st/stm32cubeide_1.8.0/stm32cubeide/plugins/com.st.stm32cube.ide.mcu.externaltools.gnu-tools-for-stm32.9-2020-q2-update.win32_2.0.0.202105311346/tools/bin/../lib/gcc/arm-none-eabi/9.3.1/../../../../arm-none-eabi/lib/thumb/v6-m/nofp\libc_nano.a
END GROUP
START GROUP
LOAD c:/st/stm32cubeide_1.8.0/stm32cubeide/plugins/com.st.stm32cube.ide.mcu.externaltools.gnu-tools-for-stm32.9-2020-q2-update.win32_2.0.0.202105311346/tools/bin/../lib/gcc/arm-none-eabi/9.3.1/thumb/v6-m/nofp\libgcc.a
LOAD c:/st/stm32cubeide_1.8.0/stm32cubeide/plugins/com.st.stm32cube.ide.mcu.externaltools.gnu-tools-for-stm32.9-2020-q2-update.win32_2.0.0.202105311346/tools/bin/../lib/gcc/arm-none-eabi/9.3.1/../../../../arm-none-eabi/lib/thumb/v6-m/nofp\libc_nano.a
LOAD c:/st/stm32cubeide_1.8.0/stm32cubeide/plugins/com.st.stm32cube.ide.mcu.externaltools.gnu-tools-for-stm32.9-2020-q2-update.win32_2.0.0.202105311346/tools/bin/../lib/gcc/arm-none-eabi/9.3.1/../../../../arm-none-eabi/lib/thumb/v6-m/nofp\libnosys.a
END GROUP
START GROUP
LOAD c:/st/stm32cubeide_1.8.0/stm32cubeide/plugins/com.st.stm32cube.ide.mcu.externaltools.gnu-tools-for-stm32.9-2020-q2-update.win32_2.0.0.202105311346/tools/bin/../lib/gcc/arm-none-eabi/9.3.1/thumb/v6-m/nofp\libgcc.a
LOAD c:/st/stm32cubeide_1.8.0/stm32cubeide/plugins/com.st.stm32cube.ide.mcu.externaltools.gnu-tools-for-stm32.9-2020-q2-update.win32_2.0.0.202105311346/tools/bin/../lib/gcc/arm-none-eabi/9.3.1/../../../../arm-none-eabi/lib/thumb/v6-m/nofp\libc_nano.a
LOAD c:/st/stm32cubeide_1.8.0/stm32cubeide/plugins/com.st.stm32cube.ide.mcu.externaltools.gnu-tools-for-stm32.9-2020-q2-update.win32_2.0.0.202105311346/tools/bin/../lib/gcc/arm-none-eabi/9.3.1/../../../../arm-none-eabi/lib/thumb/v6-m/nofp\libnosys.a
END GROUP
LOAD c:/st/stm32cubeide_1.8.0/stm32cubeide/plugins/com.st.stm32cube.ide.mcu.externaltools.gnu-tools-for-stm32.9-2020-q2-update.win32_2.0.0.202105311346/tools/bin/../lib/gcc/arm-none-eabi/9.3.1/thumb/v6-m/nofp/crtend.o
LOAD c:/st/stm32cubeide_1.8.0/stm32cubeide/plugins/com.st.stm32cube.ide.mcu.externaltools.gnu-tools-for-stm32.9-2020-q2-update.win32_2.0.0.202105311346/tools/bin/../lib/gcc/arm-none-eabi/9.3.1/thumb/v6-m/nofp/crtn.o
                0x0000000020004000                _estack = (ORIGIN (RAM) + LENGTH (RAM))
                0x0000000000000200                _Min_Heap_Size = 0x200
                0x0000000000000400                _Min_Stack_Size = 0x400

.isr_vector     0x0000000008000000       0xc0
                0x0000000008000000                . = ALIGN (0x4)
 *(.isr_vector)
 .isr_vector    0x0000000008000000       0xc0 ./Core/Startup/startup_stm32f072rbtx.o
                0x0000000008000000                g_pfnVectors
                0x00000000080000c0                . = ALIGN (0x4)

.text           0x00000000080000c0     0x77b0
                0x00000000080000c0                . = ALIGN (0x4)
 *(.text)
 .text          0x00000000080000c0       0x48 c:/st/stm32cubeide_1.8.0/stm32cubeide/plugins/com.st.stm32cube.ide.mcu.externaltools.gnu-tools-for-stm32.9-2020-q2-update.win32_2.0.0.202105311346/tools/bin/../lib/gcc/arm-none-eabi/9.3.1/thumb/v6-m/nofp/crtbegin.o
 .text          0x0000000008000108      0x114 c:/st/stm32cubeide_1.8.0/stm32cubeide/plugins/com.st.stm32cube.ide.mcu.externaltools.gnu-tools-for-stm32.9-2020-q2-update.win32_2.0.0.202105311346/tools/bin/../lib/gcc/arm-none-eabi/9.3.1/thumb/v6-m/nofp\libgcc.a(_udivsi3.o)
                0x0000000008000108                __aeabi_uidiv
                0x0000000008000108                __udivsi3
                0x0000000008000214                __aeabi_uidivmod
 .text          0x000000000800021c        0x4 c:/st/stm32cubeide_1.8.0/stm32cubeide/plugins/com.st.stm32cube.ide.mcu.externaltools.gnu-tools-for-stm32.9-2020-q2-update.win32_2.0.0.202105311346/tools/bin/../lib/gcc/arm-none-eabi/9.3.1/thumb/v6-m/nofp\libgcc.a(_dvmd_tls.o)
                0x000000000800021c                __aeabi_idiv0
                0x000000000800021c                __aeabi_ldiv0
 *(.text*)
 .text.MX_GPIO_Init
                0x0000000008000220      0x1e4 ./Core/Src/gpio.o
                0x0000000008000220                MX_GPIO_Init
 .text.main     0x0000000008000404       0x3c ./Core/Src/main.o
                0x0000000008000404                main
 .text.SystemClock_Config
                0x0000000008000440       0xcc ./Core/Src/main.o
                0x0000000008000440                SystemClock_Config
 .text.System_Init
                0x000000000800050c        0xc ./Core/Src/main.o
                0x000000000800050c                System_Init
 .text.Error_Handler
                0x0000000008000518        0xa ./Core/Src/main.o
                0x0000000008000518                Error_Handler
 *fill*         0x0000000008000522        0x2 
 .text.InitShuttle
                0x0000000008000524       0xb8 ./Core/Src/main.o
                0x0000000008000524                InitShuttle
 .text.PollUserInput
                0x00000000080005dc       0xf4 ./Core/Src/main.o
                0x00000000080005dc                PollUserInput
 .text.WriteOutputToPC
                0x00000000080006d0      0x134 ./Core/Src/main.o
                0x00000000080006d0                WriteOutputToPC
 .text.HAL_MspInit
                0x0000000008000804       0x48 ./Core/Src/stm32f0xx_hal_msp.o
                0x0000000008000804                HAL_MspInit
 .text.NMI_Handler
                0x000000000800084c        0x6 ./Core/Src/stm32f0xx_it.o
                0x000000000800084c                NMI_Handler
 .text.HardFault_Handler
                0x0000000008000852        0x6 ./Core/Src/stm32f0xx_it.o
                0x0000000008000852                HardFault_Handler
 .text.SVC_Handler
                0x0000000008000858        0xa ./Core/Src/stm32f0xx_it.o
                0x0000000008000858                SVC_Handler
 .text.PendSV_Handler
                0x0000000008000862        0xa ./Core/Src/stm32f0xx_it.o
                0x0000000008000862                PendSV_Handler
 .text.SysTick_Handler
                0x000000000800086c        0xe ./Core/Src/stm32f0xx_it.o
                0x000000000800086c                SysTick_Handler
 *fill*         0x000000000800087a        0x2 
 .text.USB_IRQHandler
                0x000000000800087c       0x18 ./Core/Src/stm32f0xx_it.o
                0x000000000800087c                USB_IRQHandler
 .text.SystemInit
                0x0000000008000894        0xa ./Core/Src/system_stm32f0xx.o
                0x0000000008000894                SystemInit
 *fill*         0x000000000800089e        0x2 
 .text.Reset_Handler
                0x00000000080008a0       0x50 ./Core/Startup/startup_stm32f072rbtx.o
                0x00000000080008a0                Reset_Handler
 .text.Default_Handler
                0x00000000080008f0        0x2 ./Core/Startup/startup_stm32f072rbtx.o
                0x00000000080008f0                TIM1_CC_IRQHandler
                0x00000000080008f0                TSC_IRQHandler
                0x00000000080008f0                ADC1_COMP_IRQHandler
                0x00000000080008f0                I2C1_IRQHandler
                0x00000000080008f0                RCC_CRS_IRQHandler
                0x00000000080008f0                SPI1_IRQHandler
                0x00000000080008f0                TIM6_DAC_IRQHandler
                0x00000000080008f0                USART3_4_IRQHandler
                0x00000000080008f0                EXTI2_3_IRQHandler
                0x00000000080008f0                I2C2_IRQHandler
                0x00000000080008f0                TIM17_IRQHandler
                0x00000000080008f0                CEC_CAN_IRQHandler
                0x00000000080008f0                RTC_IRQHandler
                0x00000000080008f0                PVD_VDDIO2_IRQHandler
                0x00000000080008f0                DMA1_Channel4_5_6_7_IRQHandler
                0x00000000080008f0                TIM16_IRQHandler
                0x00000000080008f0                TIM3_IRQHandler
                0x00000000080008f0                EXTI4_15_IRQHandler
                0x00000000080008f0                DMA1_Channel1_IRQHandler
                0x00000000080008f0                Default_Handler
                0x00000000080008f0                TIM14_IRQHandler
                0x00000000080008f0                TIM7_IRQHandler
                0x00000000080008f0                TIM15_IRQHandler
                0x00000000080008f0                EXTI0_1_IRQHandler
                0x00000000080008f0                SPI2_IRQHandler
                0x00000000080008f0                WWDG_IRQHandler
                0x00000000080008f0                TIM2_IRQHandler
                0x00000000080008f0                DMA1_Channel2_3_IRQHandler
                0x00000000080008f0                USART2_IRQHandler
                0x00000000080008f0                FLASH_IRQHandler
                0x00000000080008f0                USART1_IRQHandler
                0x00000000080008f0                TIM1_BRK_UP_TRG_COM_IRQHandler
 *fill*         0x00000000080008f2        0x2 
 .text.HAL_Init
                0x00000000080008f4       0x28 ./Drivers/STM32F0xx_HAL_Driver/Src/stm32f0xx_hal.o
                0x00000000080008f4                HAL_Init
 .text.HAL_InitTick
                0x000000000800091c       0x68 ./Drivers/STM32F0xx_HAL_Driver/Src/stm32f0xx_hal.o
                0x000000000800091c                HAL_InitTick
 .text.HAL_IncTick
                0x0000000008000984       0x24 ./Drivers/STM32F0xx_HAL_Driver/Src/stm32f0xx_hal.o
                0x0000000008000984                HAL_IncTick
 .text.HAL_GetTick
                0x00000000080009a8       0x14 ./Drivers/STM32F0xx_HAL_Driver/Src/stm32f0xx_hal.o
                0x00000000080009a8                HAL_GetTick
 .text.__NVIC_EnableIRQ
                0x00000000080009bc       0x34 ./Drivers/STM32F0xx_HAL_Driver/Src/stm32f0xx_hal_cortex.o
 .text.__NVIC_SetPriority
                0x00000000080009f0       0xdc ./Drivers/STM32F0xx_HAL_Driver/Src/stm32f0xx_hal_cortex.o
 .text.SysTick_Config
                0x0000000008000acc       0x48 ./Drivers/STM32F0xx_HAL_Driver/Src/stm32f0xx_hal_cortex.o
 .text.HAL_NVIC_SetPriority
                0x0000000008000b14       0x2a ./Drivers/STM32F0xx_HAL_Driver/Src/stm32f0xx_hal_cortex.o
                0x0000000008000b14                HAL_NVIC_SetPriority
 .text.HAL_NVIC_EnableIRQ
                0x0000000008000b3e       0x20 ./Drivers/STM32F0xx_HAL_Driver/Src/stm32f0xx_hal_cortex.o
                0x0000000008000b3e                HAL_NVIC_EnableIRQ
 .text.HAL_SYSTICK_Config
                0x0000000008000b5e       0x1a ./Drivers/STM32F0xx_HAL_Driver/Src/stm32f0xx_hal_cortex.o
                0x0000000008000b5e                HAL_SYSTICK_Config
 .text.HAL_GPIO_Init
                0x0000000008000b78      0x2f0 ./Drivers/STM32F0xx_HAL_Driver/Src/stm32f0xx_hal_gpio.o
                0x0000000008000b78                HAL_GPIO_Init
 .text.HAL_GPIO_ReadPin
                0x0000000008000e68       0x3a ./Drivers/STM32F0xx_HAL_Driver/Src/stm32f0xx_hal_gpio.o
                0x0000000008000e68                HAL_GPIO_ReadPin
 .text.HAL_GPIO_WritePin
                0x0000000008000ea2       0x3a ./Drivers/STM32F0xx_HAL_Driver/Src/stm32f0xx_hal_gpio.o
                0x0000000008000ea2                HAL_GPIO_WritePin
 .text.HAL_PCD_Init
                0x0000000008000edc      0x220 ./Drivers/STM32F0xx_HAL_Driver/Src/stm32f0xx_hal_pcd.o
                0x0000000008000edc                HAL_PCD_Init
 .text.HAL_PCD_Start
                0x00000000080010fc       0x4a ./Drivers/STM32F0xx_HAL_Driver/Src/stm32f0xx_hal_pcd.o
                0x00000000080010fc                HAL_PCD_Start
 *fill*         0x0000000008001146        0x2 
 .text.HAL_PCD_IRQHandler
                0x0000000008001148      0x2f8 ./Drivers/STM32F0xx_HAL_Driver/Src/stm32f0xx_hal_pcd.o
                0x0000000008001148                HAL_PCD_IRQHandler
 .text.HAL_PCD_SetAddress
                0x0000000008001440       0x56 ./Drivers/STM32F0xx_HAL_Driver/Src/stm32f0xx_hal_pcd.o
                0x0000000008001440                HAL_PCD_SetAddress
 .text.HAL_PCD_EP_Open
                0x0000000008001496       0xf0 ./Drivers/STM32F0xx_HAL_Driver/Src/stm32f0xx_hal_pcd.o
                0x0000000008001496                HAL_PCD_EP_Open
 .text.HAL_PCD_EP_Close
                0x0000000008001586       0xa2 ./Drivers/STM32F0xx_HAL_Driver/Src/stm32f0xx_hal_pcd.o
                0x0000000008001586                HAL_PCD_EP_Close
 .text.HAL_PCD_EP_Receive
                0x0000000008001628       0x88 ./Drivers/STM32F0xx_HAL_Driver/Src/stm32f0xx_hal_pcd.o
                0x0000000008001628                HAL_PCD_EP_Receive
 .text.HAL_PCD_EP_Transmit
                0x00000000080016b0       0x92 ./Drivers/STM32F0xx_HAL_Driver/Src/stm32f0xx_hal_pcd.o
                0x00000000080016b0                HAL_PCD_EP_Transmit
 .text.HAL_PCD_EP_SetStall
                0x0000000008001742       0xb8 ./Drivers/STM32F0xx_HAL_Driver/Src/stm32f0xx_hal_pcd.o
                0x0000000008001742                HAL_PCD_EP_SetStall
 .text.HAL_PCD_EP_ClrStall
                0x00000000080017fa       0xbc ./Drivers/STM32F0xx_HAL_Driver/Src/stm32f0xx_hal_pcd.o
                0x00000000080017fa                HAL_PCD_EP_ClrStall
 *fill*         0x00000000080018b6        0x2 
 .text.PCD_EP_ISR_Handler
                0x00000000080018b8      0x7e4 ./Drivers/STM32F0xx_HAL_Driver/Src/stm32f0xx_hal_pcd.o
 .text.HAL_PCD_EP_DB_Receive
                0x000000000800209c      0x238 ./Drivers/STM32F0xx_HAL_Driver/Src/stm32f0xx_hal_pcd.o
 .text.HAL_PCD_EP_DB_Transmit
                0x00000000080022d4      0x7b4 ./Drivers/STM32F0xx_HAL_Driver/Src/stm32f0xx_hal_pcd.o
 .text.HAL_PCDEx_PMAConfig
                0x0000000008002a88       0x9c ./Drivers/STM32F0xx_HAL_Driver/Src/stm32f0xx_hal_pcd_ex.o
                0x0000000008002a88                HAL_PCDEx_PMAConfig
 .text.HAL_PCDEx_ActivateLPM
                0x0000000008002b24       0x54 ./Drivers/STM32F0xx_HAL_Driver/Src/stm32f0xx_hal_pcd_ex.o
                0x0000000008002b24                HAL_PCDEx_ActivateLPM
 .text.HAL_PCDEx_LPM_Callback
                0x0000000008002b78       0x16 ./Drivers/STM32F0xx_HAL_Driver/Src/stm32f0xx_hal_pcd_ex.o
                0x0000000008002b78                HAL_PCDEx_LPM_Callback
 *fill*         0x0000000008002b8e        0x2 
 .text.HAL_RCC_OscConfig
                0x0000000008002b90      0x70c ./Drivers/STM32F0xx_HAL_Driver/Src/stm32f0xx_hal_rcc.o
                0x0000000008002b90                HAL_RCC_OscConfig
 .text.HAL_RCC_ClockConfig
                0x000000000800329c      0x1b4 ./Drivers/STM32F0xx_HAL_Driver/Src/stm32f0xx_hal_rcc.o
                0x000000000800329c                HAL_RCC_ClockConfig
 .text.HAL_RCC_GetSysClockFreq
                0x0000000008003450      0x100 ./Drivers/STM32F0xx_HAL_Driver/Src/stm32f0xx_hal_rcc.o
                0x0000000008003450                HAL_RCC_GetSysClockFreq
 .text.HAL_RCCEx_PeriphCLKConfig
                0x0000000008003550      0x1fc ./Drivers/STM32F0xx_HAL_Driver/Src/stm32f0xx_hal_rcc_ex.o
                0x0000000008003550                HAL_RCCEx_PeriphCLKConfig
 .text.USB_EnableGlobalInt
                0x000000000800374c       0x2c ./Drivers/STM32F0xx_HAL_Driver/Src/stm32f0xx_ll_usb.o
                0x000000000800374c                USB_EnableGlobalInt
 .text.USB_DisableGlobalInt
                0x0000000008003778       0x34 ./Drivers/STM32F0xx_HAL_Driver/Src/stm32f0xx_ll_usb.o
                0x0000000008003778                USB_DisableGlobalInt
 .text.USB_DevInit
                0x00000000080037ac       0x58 ./Drivers/STM32F0xx_HAL_Driver/Src/stm32f0xx_ll_usb.o
                0x00000000080037ac                USB_DevInit
 .text.USB_ActivateEndpoint
                0x0000000008003804      0x6e8 ./Drivers/STM32F0xx_HAL_Driver/Src/stm32f0xx_ll_usb.o
                0x0000000008003804                USB_ActivateEndpoint
 .text.USB_DeactivateEndpoint
                0x0000000008003eec      0x380 ./Drivers/STM32F0xx_HAL_Driver/Src/stm32f0xx_ll_usb.o
                0x0000000008003eec                USB_DeactivateEndpoint
 .text.USB_EPStartXfer
                0x000000000800426c     0x1174 ./Drivers/STM32F0xx_HAL_Driver/Src/stm32f0xx_ll_usb.o
                0x000000000800426c                USB_EPStartXfer
 .text.USB_EPSetStall
                0x00000000080053e0       0xa0 ./Drivers/STM32F0xx_HAL_Driver/Src/stm32f0xx_ll_usb.o
                0x00000000080053e0                USB_EPSetStall
 .text.USB_EPClearStall
                0x0000000008005480      0x164 ./Drivers/STM32F0xx_HAL_Driver/Src/stm32f0xx_ll_usb.o
                0x0000000008005480                USB_EPClearStall
 .text.USB_SetDevAddress
                0x00000000080055e4       0x28 ./Drivers/STM32F0xx_HAL_Driver/Src/stm32f0xx_ll_usb.o
                0x00000000080055e4                USB_SetDevAddress
 .text.USB_DevConnect
                0x000000000800560c       0x2c ./Drivers/STM32F0xx_HAL_Driver/Src/stm32f0xx_ll_usb.o
                0x000000000800560c                USB_DevConnect
 .text.USB_ReadInterrupts
                0x0000000008005638       0x1c ./Drivers/STM32F0xx_HAL_Driver/Src/stm32f0xx_ll_usb.o
                0x0000000008005638                USB_ReadInterrupts
 .text.USB_WritePMA
                0x0000000008005654       0x88 ./Drivers/STM32F0xx_HAL_Driver/Src/stm32f0xx_ll_usb.o
                0x0000000008005654                USB_WritePMA
 .text.USB_ReadPMA
                0x00000000080056dc       0x9e ./Drivers/STM32F0xx_HAL_Driver/Src/stm32f0xx_ll_usb.o
                0x00000000080056dc                USB_ReadPMA
 .text.USBD_HID_Init
                0x000000000800577a       0x56 ./Middlewares/ST/STM32_USB_Device_Library/Class/HID/Src/usbd_hid.o
 .text.USBD_HID_DeInit
                0x00000000080057d0       0x4c ./Middlewares/ST/STM32_USB_Device_Library/Class/HID/Src/usbd_hid.o
 .text.USBD_HID_Setup
                0x000000000800581c      0x21c ./Middlewares/ST/STM32_USB_Device_Library/Class/HID/Src/usbd_hid.o
 .text.USBD_HID_SendReport
                0x0000000008005a38       0x4a ./Middlewares/ST/STM32_USB_Device_Library/Class/HID/Src/usbd_hid.o
                0x0000000008005a38                USBD_HID_SendReport
 *fill*         0x0000000008005a82        0x2 
 .text.USBD_HID_GetFSCfgDesc
                0x0000000008005a84       0x1c ./Middlewares/ST/STM32_USB_Device_Library/Class/HID/Src/usbd_hid.o
 .text.USBD_HID_GetHSCfgDesc
                0x0000000008005aa0       0x1c ./Middlewares/ST/STM32_USB_Device_Library/Class/HID/Src/usbd_hid.o
 .text.USBD_HID_GetOtherSpeedCfgDesc
                0x0000000008005abc       0x1c ./Middlewares/ST/STM32_USB_Device_Library/Class/HID/Src/usbd_hid.o
 .text.USBD_HID_DataIn
                0x0000000008005ad8       0x24 ./Middlewares/ST/STM32_USB_Device_Library/Class/HID/Src/usbd_hid.o
 .text.USBD_HID_GetDeviceQualifierDesc
                0x0000000008005afc       0x1c ./Middlewares/ST/STM32_USB_Device_Library/Class/HID/Src/usbd_hid.o
 .text.USBD_Init
                0x0000000008005b18       0x62 ./Middlewares/ST/STM32_USB_Device_Library/Core/Src/usbd_core.o
                0x0000000008005b18                USBD_Init
 .text.USBD_RegisterClass
                0x0000000008005b7a       0x40 ./Middlewares/ST/STM32_USB_Device_Library/Core/Src/usbd_core.o
                0x0000000008005b7a                USBD_RegisterClass
 .text.USBD_Start
                0x0000000008005bba       0x1a ./Middlewares/ST/STM32_USB_Device_Library/Core/Src/usbd_core.o
                0x0000000008005bba                USBD_Start
 .text.USBD_RunTestMode
                0x0000000008005bd4       0x12 ./Middlewares/ST/STM32_USB_Device_Library/Core/Src/usbd_core.o
                0x0000000008005bd4                USBD_RunTestMode
 .text.USBD_SetClassConfig
                0x0000000008005be6       0x4e ./Middlewares/ST/STM32_USB_Device_Library/Core/Src/usbd_core.o
                0x0000000008005be6                USBD_SetClassConfig
 .text.USBD_ClrClassConfig
                0x0000000008005c34       0x2c ./Middlewares/ST/STM32_USB_Device_Library/Core/Src/usbd_core.o
                0x0000000008005c34                USBD_ClrClassConfig
 .text.USBD_LL_SetupStage
                0x0000000008005c60       0xbc ./Middlewares/ST/STM32_USB_Device_Library/Core/Src/usbd_core.o
                0x0000000008005c60                USBD_LL_SetupStage
 .text.USBD_LL_DataOutStage
                0x0000000008005d1c      0x104 ./Middlewares/ST/STM32_USB_Device_Library/Core/Src/usbd_core.o
                0x0000000008005d1c                USBD_LL_DataOutStage
 .text.USBD_LL_DataInStage
                0x0000000008005e20      0x17a ./Middlewares/ST/STM32_USB_Device_Library/Core/Src/usbd_core.o
                0x0000000008005e20                USBD_LL_DataInStage
 .text.USBD_LL_Reset
                0x0000000008005f9a       0x90 ./Middlewares/ST/STM32_USB_Device_Library/Core/Src/usbd_core.o
                0x0000000008005f9a                USBD_LL_Reset
 .text.USBD_LL_SetSpeed
                0x000000000800602a       0x20 ./Middlewares/ST/STM32_USB_Device_Library/Core/Src/usbd_core.o
                0x000000000800602a                USBD_LL_SetSpeed
 *fill*         0x000000000800604a        0x2 
 .text.USBD_LL_Suspend
                0x000000000800604c       0x30 ./Middlewares/ST/STM32_USB_Device_Library/Core/Src/usbd_core.o
                0x000000000800604c                USBD_LL_Suspend
 .text.USBD_LL_Resume
                0x000000000800607c       0x30 ./Middlewares/ST/STM32_USB_Device_Library/Core/Src/usbd_core.o
                0x000000000800607c                USBD_LL_Resume
 .text.USBD_LL_SOF
                0x00000000080060ac       0x3c ./Middlewares/ST/STM32_USB_Device_Library/Core/Src/usbd_core.o
                0x00000000080060ac                USBD_LL_SOF
 .text.USBD_StdDevReq
                0x00000000080060e8       0xe4 ./Middlewares/ST/STM32_USB_Device_Library/Core/Src/usbd_ctlreq.o
                0x00000000080060e8                USBD_StdDevReq
 .text.USBD_StdItfReq
                0x00000000080061cc       0xae ./Middlewares/ST/STM32_USB_Device_Library/Core/Src/usbd_ctlreq.o
                0x00000000080061cc                USBD_StdItfReq
 .text.USBD_StdEPReq
                0x000000000800627a      0x36c ./Middlewares/ST/STM32_USB_Device_Library/Core/Src/usbd_ctlreq.o
                0x000000000800627a                USBD_StdEPReq
 *fill*         0x00000000080065e6        0x2 
 .text.USBD_GetDescriptor
                0x00000000080065e8      0x364 ./Middlewares/ST/STM32_USB_Device_Library/Core/Src/usbd_ctlreq.o
 .text.USBD_SetAddress
                0x000000000800694c       0xa8 ./Middlewares/ST/STM32_USB_Device_Library/Core/Src/usbd_ctlreq.o
 .text.USBD_SetConfig
                0x00000000080069f4      0x148 ./Middlewares/ST/STM32_USB_Device_Library/Core/Src/usbd_ctlreq.o
 .text.USBD_GetConfig
                0x0000000008006b3c       0x76 ./Middlewares/ST/STM32_USB_Device_Library/Core/Src/usbd_ctlreq.o
 .text.USBD_GetStatus
                0x0000000008006bb2       0x74 ./Middlewares/ST/STM32_USB_Device_Library/Core/Src/usbd_ctlreq.o
 .text.USBD_SetFeature
                0x0000000008006c26       0x2c ./Middlewares/ST/STM32_USB_Device_Library/Core/Src/usbd_ctlreq.o
 .text.USBD_ClrFeature
                0x0000000008006c52       0x4c ./Middlewares/ST/STM32_USB_Device_Library/Core/Src/usbd_ctlreq.o
 .text.USBD_ParseSetupRequest
                0x0000000008006c9e       0x76 ./Middlewares/ST/STM32_USB_Device_Library/Core/Src/usbd_ctlreq.o
                0x0000000008006c9e                USBD_ParseSetupRequest
 .text.USBD_CtlError
                0x0000000008006d14       0x26 ./Middlewares/ST/STM32_USB_Device_Library/Core/Src/usbd_ctlreq.o
                0x0000000008006d14                USBD_CtlError
 .text.USBD_GetString
                0x0000000008006d3a       0x9c ./Middlewares/ST/STM32_USB_Device_Library/Core/Src/usbd_ctlreq.o
                0x0000000008006d3a                USBD_GetString
 .text.USBD_GetLen
                0x0000000008006dd6       0x3a ./Middlewares/ST/STM32_USB_Device_Library/Core/Src/usbd_ctlreq.o
 .text.USBD_CtlSendData
                0x0000000008006e10       0x40 ./Middlewares/ST/STM32_USB_Device_Library/Core/Src/usbd_ioreq.o
                0x0000000008006e10                USBD_CtlSendData
 .text.USBD_CtlContinueSendData
                0x0000000008006e50       0x26 ./Middlewares/ST/STM32_USB_Device_Library/Core/Src/usbd_ioreq.o
                0x0000000008006e50                USBD_CtlContinueSendData
 .text.USBD_CtlContinueRx
                0x0000000008006e76       0x26 ./Middlewares/ST/STM32_USB_Device_Library/Core/Src/usbd_ioreq.o
                0x0000000008006e76                USBD_CtlContinueRx
 .text.USBD_CtlSendStatus
                0x0000000008006e9c       0x28 ./Middlewares/ST/STM32_USB_Device_Library/Core/Src/usbd_ioreq.o
                0x0000000008006e9c                USBD_CtlSendStatus
 .text.USBD_CtlReceiveStatus
                0x0000000008006ec4       0x28 ./Middlewares/ST/STM32_USB_Device_Library/Core/Src/usbd_ioreq.o
                0x0000000008006ec4                USBD_CtlReceiveStatus
 .text.MX_USB_DEVICE_Init
                0x0000000008006eec       0x50 ./USB_DEVICE/App/usb_device.o
                0x0000000008006eec                MX_USB_DEVICE_Init
 .text.USBD_FS_DeviceDescriptor
                0x0000000008006f3c       0x24 ./USB_DEVICE/App/usbd_desc.o
                0x0000000008006f3c                USBD_FS_DeviceDescriptor
 .text.USBD_FS_LangIDStrDescriptor
                0x0000000008006f60       0x24 ./USB_DEVICE/App/usbd_desc.o
                0x0000000008006f60                USBD_FS_LangIDStrDescriptor
 .text.USBD_FS_ProductStrDescriptor
                0x0000000008006f84       0x44 ./USB_DEVICE/App/usbd_desc.o
                0x0000000008006f84                USBD_FS_ProductStrDescriptor
 .text.USBD_FS_ManufacturerStrDescriptor
                0x0000000008006fc8       0x2c ./USB_DEVICE/App/usbd_desc.o
                0x0000000008006fc8                USBD_FS_ManufacturerStrDescriptor
 .text.USBD_FS_SerialStrDescriptor
                0x0000000008006ff4       0x28 ./USB_DEVICE/App/usbd_desc.o
                0x0000000008006ff4                USBD_FS_SerialStrDescriptor
 .text.USBD_FS_ConfigStrDescriptor
                0x000000000800701c       0x44 ./USB_DEVICE/App/usbd_desc.o
                0x000000000800701c                USBD_FS_ConfigStrDescriptor
 .text.USBD_FS_InterfaceStrDescriptor
                0x0000000008007060       0x44 ./USB_DEVICE/App/usbd_desc.o
                0x0000000008007060                USBD_FS_InterfaceStrDescriptor
 .text.Get_SerialNum
                0x00000000080070a4       0x5c ./USB_DEVICE/App/usbd_desc.o
 .text.IntToUnicode
                0x0000000008007100       0x96 ./USB_DEVICE/App/usbd_desc.o
 *fill*         0x0000000008007196        0x2 
 .text.HAL_PCD_MspInit
                0x0000000008007198       0x50 ./USB_DEVICE/Target/usbd_conf.o
                0x0000000008007198                HAL_PCD_MspInit
 .text.HAL_PCD_SetupStageCallback
                0x00000000080071e8       0x2a ./USB_DEVICE/Target/usbd_conf.o
                0x00000000080071e8                HAL_PCD_SetupStageCallback
 .text.HAL_PCD_DataOutStageCallback
                0x0000000008007212       0x42 ./USB_DEVICE/Target/usbd_conf.o
                0x0000000008007212                HAL_PCD_DataOutStageCallback
 .text.HAL_PCD_DataInStageCallback
                0x0000000008007254       0x3c ./USB_DEVICE/Target/usbd_conf.o
                0x0000000008007254                HAL_PCD_DataInStageCallback
 .text.HAL_PCD_SOFCallback
                0x0000000008007290       0x1e ./USB_DEVICE/Target/usbd_conf.o
                0x0000000008007290                HAL_PCD_SOFCallback
 .text.HAL_PCD_ResetCallback
                0x00000000080072ae       0x48 ./USB_DEVICE/Target/usbd_conf.o
                0x00000000080072ae                HAL_PCD_ResetCallback
 *fill*         0x00000000080072f6        0x2 
 .text.HAL_PCD_SuspendCallback
                0x00000000080072f8       0x38 ./USB_DEVICE/Target/usbd_conf.o
                0x00000000080072f8                HAL_PCD_SuspendCallback
 .text.HAL_PCD_ResumeCallback
                0x0000000008007330       0x3c ./USB_DEVICE/Target/usbd_conf.o
                0x0000000008007330                HAL_PCD_ResumeCallback
 .text.USBD_LL_Init
                0x000000000800736c       0xa0 ./USB_DEVICE/Target/usbd_conf.o
                0x000000000800736c                USBD_LL_Init
 .text.USBD_LL_Start
                0x000000000800740c       0x4a ./USB_DEVICE/Target/usbd_conf.o
                0x000000000800740c                USBD_LL_Start
 .text.USBD_LL_OpenEP
                0x0000000008007456       0x6e ./USB_DEVICE/Target/usbd_conf.o
                0x0000000008007456                USBD_LL_OpenEP
 .text.USBD_LL_CloseEP
                0x00000000080074c4       0x56 ./USB_DEVICE/Target/usbd_conf.o
                0x00000000080074c4                USBD_LL_CloseEP
 .text.USBD_LL_StallEP
                0x000000000800751a       0x56 ./USB_DEVICE/Target/usbd_conf.o
                0x000000000800751a                USBD_LL_StallEP
 .text.USBD_LL_ClearStallEP
                0x0000000008007570       0x56 ./USB_DEVICE/Target/usbd_conf.o
                0x0000000008007570                USBD_LL_ClearStallEP
 .text.USBD_LL_IsStallEP
                0x00000000080075c6       0x62 ./USB_DEVICE/Target/usbd_conf.o
                0x00000000080075c6                USBD_LL_IsStallEP
 .text.USBD_LL_SetUSBAddress
                0x0000000008007628       0x56 ./USB_DEVICE/Target/usbd_conf.o
                0x0000000008007628                USBD_LL_SetUSBAddress
 .text.USBD_LL_Transmit
                0x000000000800767e       0x6e ./USB_DEVICE/Target/usbd_conf.o
                0x000000000800767e                USBD_LL_Transmit
 .text.USBD_LL_PrepareReceive
                0x00000000080076ec       0x6e ./USB_DEVICE/Target/usbd_conf.o
                0x00000000080076ec                USBD_LL_PrepareReceive
 *fill*         0x000000000800775a        0x2 
 .text.USBD_static_malloc
                0x000000000800775c       0x18 ./USB_DEVICE/Target/usbd_conf.o
                0x000000000800775c                USBD_static_malloc
 .text.USBD_static_free
                0x0000000008007774       0x10 ./USB_DEVICE/Target/usbd_conf.o
                0x0000000008007774                USBD_static_free
 .text.SystemClockConfig_Resume
                0x0000000008007784        0xe ./USB_DEVICE/Target/usbd_conf.o
 .text.USBD_Get_USB_Status
                0x0000000008007792       0x6e ./USB_DEVICE/Target/usbd_conf.o
 .text.__libc_init_array
                0x0000000008007800       0x48 c:/st/stm32cubeide_1.8.0/stm32cubeide/plugins/com.st.stm32cube.ide.mcu.externaltools.gnu-tools-for-stm32.9-2020-q2-update.win32_2.0.0.202105311346/tools/bin/../lib/gcc/arm-none-eabi/9.3.1/../../../../arm-none-eabi/lib/thumb/v6-m/nofp\libc_nano.a(lib_a-init.o)
                0x0000000008007800                __libc_init_array
 .text.memset   0x0000000008007848       0x10 c:/st/stm32cubeide_1.8.0/stm32cubeide/plugins/com.st.stm32cube.ide.mcu.externaltools.gnu-tools-for-stm32.9-2020-q2-update.win32_2.0.0.202105311346/tools/bin/../lib/gcc/arm-none-eabi/9.3.1/../../../../arm-none-eabi/lib/thumb/v6-m/nofp\libc_nano.a(lib_a-memset.o)
                0x0000000008007848                memset
 *(.glue_7)
 .glue_7        0x0000000008007858        0x0 linker stubs
 *(.glue_7t)
 .glue_7t       0x0000000008007858        0x0 linker stubs
 *(.eh_frame)
 .eh_frame      0x0000000008007858        0x0 c:/st/stm32cubeide_1.8.0/stm32cubeide/plugins/com.st.stm32cube.ide.mcu.externaltools.gnu-tools-for-stm32.9-2020-q2-update.win32_2.0.0.202105311346/tools/bin/../lib/gcc/arm-none-eabi/9.3.1/thumb/v6-m/nofp/crtbegin.o
 *(.init)
 .init          0x0000000008007858        0x4 c:/st/stm32cubeide_1.8.0/stm32cubeide/plugins/com.st.stm32cube.ide.mcu.externaltools.gnu-tools-for-stm32.9-2020-q2-update.win32_2.0.0.202105311346/tools/bin/../lib/gcc/arm-none-eabi/9.3.1/thumb/v6-m/nofp/crti.o
                0x0000000008007858                _init
 .init          0x000000000800785c        0x8 c:/st/stm32cubeide_1.8.0/stm32cubeide/plugins/com.st.stm32cube.ide.mcu.externaltools.gnu-tools-for-stm32.9-2020-q2-update.win32_2.0.0.202105311346/tools/bin/../lib/gcc/arm-none-eabi/9.3.1/thumb/v6-m/nofp/crtn.o
 *(.fini)
 .fini          0x0000000008007864        0x4 c:/st/stm32cubeide_1.8.0/stm32cubeide/plugins/com.st.stm32cube.ide.mcu.externaltools.gnu-tools-for-stm32.9-2020-q2-update.win32_2.0.0.202105311346/tools/bin/../lib/gcc/arm-none-eabi/9.3.1/thumb/v6-m/nofp/crti.o
                0x0000000008007864                _fini
 .fini          0x0000000008007868        0x8 c:/st/stm32cubeide_1.8.0/stm32cubeide/plugins/com.st.stm32cube.ide.mcu.externaltools.gnu-tools-for-stm32.9-2020-q2-update.win32_2.0.0.202105311346/tools/bin/../lib/gcc/arm-none-eabi/9.3.1/thumb/v6-m/nofp/crtn.o
                0x0000000008007870                . = ALIGN (0x4)
                0x0000000008007870                _etext = .

.vfp11_veneer   0x0000000008007870        0x0
 .vfp11_veneer  0x0000000008007870        0x0 linker stubs

.v4_bx          0x0000000008007870        0x0
 .v4_bx         0x0000000008007870        0x0 linker stubs

.iplt           0x0000000008007870        0x0
 .iplt          0x0000000008007870        0x0 c:/st/stm32cubeide_1.8.0/stm32cubeide/plugins/com.st.stm32cube.ide.mcu.externaltools.gnu-tools-for-stm32.9-2020-q2-update.win32_2.0.0.202105311346/tools/bin/../lib/gcc/arm-none-eabi/9.3.1/thumb/v6-m/nofp/crtbegin.o

.rodata         0x0000000008007870       0xd8
                0x0000000008007870                . = ALIGN (0x4)
 *(.rodata)
 .rodata        0x0000000008007870       0x20 ./Drivers/STM32F0xx_HAL_Driver/Src/stm32f0xx_hal_rcc.o
 .rodata        0x0000000008007890       0x46 ./USB_DEVICE/App/usbd_desc.o
 *(.rodata*)
 *fill*         0x00000000080078d6        0x2 
 .rodata.AHBPrescTable
                0x00000000080078d8       0x10 ./Core/Src/system_stm32f0xx.o
                0x00000000080078d8                AHBPrescTable
 .rodata.USBD_StdDevReq
                0x00000000080078e8       0x28 ./Middlewares/ST/STM32_USB_Device_Library/Core/Src/usbd_ctlreq.o
 .rodata.USBD_GetDescriptor
                0x0000000008007910       0x38 ./Middlewares/ST/STM32_USB_Device_Library/Core/Src/usbd_ctlreq.o
                0x0000000008007948                . = ALIGN (0x4)

.rel.dyn        0x0000000008007948        0x0
 .rel.iplt      0x0000000008007948        0x0 c:/st/stm32cubeide_1.8.0/stm32cubeide/plugins/com.st.stm32cube.ide.mcu.externaltools.gnu-tools-for-stm32.9-2020-q2-update.win32_2.0.0.202105311346/tools/bin/../lib/gcc/arm-none-eabi/9.3.1/thumb/v6-m/nofp/crtbegin.o

.ARM.extab      0x0000000008007948        0x0
                0x0000000008007948                . = ALIGN (0x4)
 *(.ARM.extab* .gnu.linkonce.armextab.*)
                0x0000000008007948                . = ALIGN (0x4)

.ARM            0x0000000008007948        0x0
                0x0000000008007948                . = ALIGN (0x4)
                0x0000000008007948                __exidx_start = .
 *(.ARM.exidx*)
                0x0000000008007948                __exidx_end = .
                0x0000000008007948                . = ALIGN (0x4)

.preinit_array  0x0000000008007948        0x0
                0x0000000008007948                . = ALIGN (0x4)
                0x0000000008007948                PROVIDE (__preinit_array_start = .)
 *(.preinit_array*)
                0x0000000008007948                PROVIDE (__preinit_array_end = .)
                0x0000000008007948                . = ALIGN (0x4)

.init_array     0x0000000008007948        0x4
                0x0000000008007948                . = ALIGN (0x4)
                0x0000000008007948                PROVIDE (__init_array_start = .)
 *(SORT_BY_NAME(.init_array.*))
 *(.init_array*)
 .init_array    0x0000000008007948        0x4 c:/st/stm32cubeide_1.8.0/stm32cubeide/plugins/com.st.stm32cube.ide.mcu.externaltools.gnu-tools-for-stm32.9-2020-q2-update.win32_2.0.0.202105311346/tools/bin/../lib/gcc/arm-none-eabi/9.3.1/thumb/v6-m/nofp/crtbegin.o
                0x000000000800794c                PROVIDE (__init_array_end = .)
                0x000000000800794c                . = ALIGN (0x4)

.fini_array     0x000000000800794c        0x4
                0x000000000800794c                . = ALIGN (0x4)
                [!provide]                        PROVIDE (__fini_array_start = .)
 *(SORT_BY_NAME(.fini_array.*))
 *(.fini_array*)
 .fini_array    0x000000000800794c        0x4 c:/st/stm32cubeide_1.8.0/stm32cubeide/plugins/com.st.stm32cube.ide.mcu.externaltools.gnu-tools-for-stm32.9-2020-q2-update.win32_2.0.0.202105311346/tools/bin/../lib/gcc/arm-none-eabi/9.3.1/thumb/v6-m/nofp/crtbegin.o
                [!provide]                        PROVIDE (__fini_array_end = .)
                0x0000000008007950                . = ALIGN (0x4)
                0x0000000008007950                _sidata = LOADADDR (.data)

.data           0x0000000020000000      0x158 load address 0x0000000008007950
                0x0000000020000000                . = ALIGN (0x4)
                0x0000000020000000                _sdata = .
 *(.data)
 *(.data*)
 .data.SystemCoreClock
                0x0000000020000000        0x4 ./Core/Src/system_stm32f0xx.o
                0x0000000020000000                SystemCoreClock
 .data.uwTickPrio
                0x0000000020000004        0x4 ./Drivers/STM32F0xx_HAL_Driver/Src/stm32f0xx_hal.o
                0x0000000020000004                uwTickPrio
 .data.uwTickFreq
                0x0000000020000008        0x1 ./Drivers/STM32F0xx_HAL_Driver/Src/stm32f0xx_hal.o
                0x0000000020000008                uwTickFreq
 *fill*         0x0000000020000009        0x3 
 .data.USBD_HID
                0x000000002000000c       0x38 ./Middlewares/ST/STM32_USB_Device_Library/Class/HID/Src/usbd_hid.o
                0x000000002000000c                USBD_HID
 .data.USBD_HID_CfgFSDesc
                0x0000000020000044       0x22 ./Middlewares/ST/STM32_USB_Device_Library/Class/HID/Src/usbd_hid.o
 *fill*         0x0000000020000066        0x2 
 .data.USBD_HID_CfgHSDesc
                0x0000000020000068       0x22 ./Middlewares/ST/STM32_USB_Device_Library/Class/HID/Src/usbd_hid.o
 *fill*         0x000000002000008a        0x2 
 .data.USBD_HID_OtherSpeedCfgDesc
                0x000000002000008c       0x22 ./Middlewares/ST/STM32_USB_Device_Library/Class/HID/Src/usbd_hid.o
 *fill*         0x00000000200000ae        0x2 
 .data.USBD_HID_Desc
                0x00000000200000b0        0x9 ./Middlewares/ST/STM32_USB_Device_Library/Class/HID/Src/usbd_hid.o
 *fill*         0x00000000200000b9        0x3 
 .data.USBD_HID_DeviceQualifierDesc
                0x00000000200000bc        0xa ./Middlewares/ST/STM32_USB_Device_Library/Class/HID/Src/usbd_hid.o
 *fill*         0x00000000200000c6        0x2 
 .data.HID_MOUSE_ReportDesc
                0x00000000200000c8       0x3f ./Middlewares/ST/STM32_USB_Device_Library/Class/HID/Src/usbd_hid.o
 *fill*         0x0000000020000107        0x1 
 .data.FS_Desc  0x0000000020000108       0x1c ./USB_DEVICE/App/usbd_desc.o
                0x0000000020000108                FS_Desc
 .data.USBD_FS_DeviceDesc
                0x0000000020000124       0x12 ./USB_DEVICE/App/usbd_desc.o
                0x0000000020000124                USBD_FS_DeviceDesc
 *fill*         0x0000000020000136        0x2 
 .data.USBD_LangIDDesc
                0x0000000020000138        0x4 ./USB_DEVICE/App/usbd_desc.o
                0x0000000020000138                USBD_LangIDDesc
 .data.USBD_StringSerial
                0x000000002000013c       0x1a ./USB_DEVICE/App/usbd_desc.o
                0x000000002000013c                USBD_StringSerial
 *(.RamFunc)
 *(.RamFunc*)
                0x0000000020000158                . = ALIGN (0x4)
 *fill*         0x0000000020000156        0x2 
                0x0000000020000158                _edata = .

.igot.plt       0x0000000020000158        0x0 load address 0x0000000008007aa8
 .igot.plt      0x0000000020000158        0x0 c:/st/stm32cubeide_1.8.0/stm32cubeide/plugins/com.st.stm32cube.ide.mcu.externaltools.gnu-tools-for-stm32.9-2020-q2-update.win32_2.0.0.202105311346/tools/bin/../lib/gcc/arm-none-eabi/9.3.1/thumb/v6-m/nofp/crtbegin.o
                0x0000000020000158                . = ALIGN (0x4)

.bss            0x0000000020000158      0x834 load address 0x0000000008007aa8
                0x0000000020000158                _sbss = .
                0x0000000020000158                __bss_start__ = _sbss
 *(.bss)
 .bss           0x0000000020000158       0x1c c:/st/stm32cubeide_1.8.0/stm32cubeide/plugins/com.st.stm32cube.ide.mcu.externaltools.gnu-tools-for-stm32.9-2020-q2-update.win32_2.0.0.202105311346/tools/bin/../lib/gcc/arm-none-eabi/9.3.1/thumb/v6-m/nofp/crtbegin.o
 *(.bss*)
 .bss.cfgidx.7807
                0x0000000020000174        0x1 ./Middlewares/ST/STM32_USB_Device_Library/Core/Src/usbd_ctlreq.o
 *fill*         0x0000000020000175        0x3 
 .bss.mem.7848  0x0000000020000178       0x14 ./USB_DEVICE/Target/usbd_conf.o
 *(COMMON)
 COMMON         0x000000002000018c       0x42 ./Core/Src/main.o
                0x000000002000018c                globalState
 *fill*         0x00000000200001ce        0x2 
 COMMON         0x00000000200001d0        0x4 ./Drivers/STM32F0xx_HAL_Driver/Src/stm32f0xx_hal.o
                0x00000000200001d0                uwTick
 COMMON         0x00000000200001d4      0x2c4 ./USB_DEVICE/App/usb_device.o
                0x00000000200001d4                hUsbDeviceFS
 COMMON         0x0000000020000498      0x200 ./USB_DEVICE/App/usbd_desc.o
                0x0000000020000498                USBD_StrDesc
 COMMON         0x0000000020000698      0x2f4 ./USB_DEVICE/Target/usbd_conf.o
                0x0000000020000698                hpcd_USB_FS
                0x000000002000098c                . = ALIGN (0x4)
                0x000000002000098c                _ebss = .
                0x000000002000098c                __bss_end__ = _ebss

._user_heap_stack
                0x000000002000098c      0x604 load address 0x0000000008007aa8
                0x0000000020000990                . = ALIGN (0x8)
 *fill*         0x000000002000098c        0x4 
                [!provide]                        PROVIDE (end = .)
                0x0000000020000990                PROVIDE (_end = .)
                0x0000000020000b90                . = (. + _Min_Heap_Size)
 *fill*         0x0000000020000990      0x200 
                0x0000000020000f90                . = (. + _Min_Stack_Size)
 *fill*         0x0000000020000b90      0x400 
                0x0000000020000f90                . = ALIGN (0x8)

/DISCARD/
 libc.a(*)
 libm.a(*)
 libgcc.a(*)

.ARM.attributes
                0x0000000000000000       0x28
 *(.ARM.attributes)
 .ARM.attributes
                0x0000000000000000       0x1e c:/st/stm32cubeide_1.8.0/stm32cubeide/plugins/com.st.stm32cube.ide.mcu.externaltools.gnu-tools-for-stm32.9-2020-q2-update.win32_2.0.0.202105311346/tools/bin/../lib/gcc/arm-none-eabi/9.3.1/thumb/v6-m/nofp/crti.o
 .ARM.attributes
                0x000000000000001e       0x2c c:/st/stm32cubeide_1.8.0/stm32cubeide/plugins/com.st.stm32cube.ide.mcu.externaltools.gnu-tools-for-stm32.9-2020-q2-update.win32_2.0.0.202105311346/tools/bin/../lib/gcc/arm-none-eabi/9.3.1/thumb/v6-m/nofp/crtbegin.o
 .ARM.attributes
                0x000000000000004a       0x2c ./Core/Src/gpio.o
 .ARM.attributes
                0x0000000000000076       0x2c ./Core/Src/main.o
 .ARM.attributes
                0x00000000000000a2       0x2c ./Core/Src/stm32f0xx_hal_msp.o
 .ARM.attributes
                0x00000000000000ce       0x2c ./Core/Src/stm32f0xx_it.o
 .ARM.attributes
                0x00000000000000fa       0x2c ./Core/Src/system_stm32f0xx.o
 .ARM.attributes
                0x0000000000000126       0x21 ./Core/Startup/startup_stm32f072rbtx.o
 .ARM.attributes
                0x0000000000000147       0x2c ./Drivers/STM32F0xx_HAL_Driver/Src/stm32f0xx_hal.o
 .ARM.attributes
                0x0000000000000173       0x2c ./Drivers/STM32F0xx_HAL_Driver/Src/stm32f0xx_hal_cortex.o
 .ARM.attributes
                0x000000000000019f       0x2c ./Drivers/STM32F0xx_HAL_Driver/Src/stm32f0xx_hal_gpio.o
 .ARM.attributes
                0x00000000000001cb       0x2c ./Drivers/STM32F0xx_HAL_Driver/Src/stm32f0xx_hal_pcd.o
 .ARM.attributes
                0x00000000000001f7       0x2c ./Drivers/STM32F0xx_HAL_Driver/Src/stm32f0xx_hal_pcd_ex.o
 .ARM.attributes
                0x0000000000000223       0x2c ./Drivers/STM32F0xx_HAL_Driver/Src/stm32f0xx_hal_rcc.o
 .ARM.attributes
                0x000000000000024f       0x2c ./Drivers/STM32F0xx_HAL_Driver/Src/stm32f0xx_hal_rcc_ex.o
 .ARM.attributes
                0x000000000000027b       0x2c ./Drivers/STM32F0xx_HAL_Driver/Src/stm32f0xx_ll_usb.o
 .ARM.attributes
                0x00000000000002a7       0x2c ./Middlewares/ST/STM32_USB_Device_Library/Class/HID/Src/usbd_hid.o
 .ARM.attributes
                0x00000000000002d3       0x2c ./Middlewares/ST/STM32_USB_Device_Library/Core/Src/usbd_core.o
 .ARM.attributes
                0x00000000000002ff       0x2c ./Middlewares/ST/STM32_USB_Device_Library/Core/Src/usbd_ctlreq.o
 .ARM.attributes
                0x000000000000032b       0x2c ./Middlewares/ST/STM32_USB_Device_Library/Core/Src/usbd_ioreq.o
 .ARM.attributes
                0x0000000000000357       0x2c ./USB_DEVICE/App/usb_device.o
 .ARM.attributes
                0x0000000000000383       0x2c ./USB_DEVICE/App/usbd_desc.o
 .ARM.attributes
                0x00000000000003af       0x2c ./USB_DEVICE/Target/usbd_conf.o
 .ARM.attributes
                0x00000000000003db       0x2c c:/st/stm32cubeide_1.8.0/stm32cubeide/plugins/com.st.stm32cube.ide.mcu.externaltools.gnu-tools-for-stm32.9-2020-q2-update.win32_2.0.0.202105311346/tools/bin/../lib/gcc/arm-none-eabi/9.3.1/../../../../arm-none-eabi/lib/thumb/v6-m/nofp\libc_nano.a(lib_a-init.o)
 .ARM.attributes
                0x0000000000000407       0x2c c:/st/stm32cubeide_1.8.0/stm32cubeide/plugins/com.st.stm32cube.ide.mcu.externaltools.gnu-tools-for-stm32.9-2020-q2-update.win32_2.0.0.202105311346/tools/bin/../lib/gcc/arm-none-eabi/9.3.1/../../../../arm-none-eabi/lib/thumb/v6-m/nofp\libc_nano.a(lib_a-memset.o)
 .ARM.attributes
                0x0000000000000433       0x1e c:/st/stm32cubeide_1.8.0/stm32cubeide/plugins/com.st.stm32cube.ide.mcu.externaltools.gnu-tools-for-stm32.9-2020-q2-update.win32_2.0.0.202105311346/tools/bin/../lib/gcc/arm-none-eabi/9.3.1/thumb/v6-m/nofp\libgcc.a(_udivsi3.o)
 .ARM.attributes
                0x0000000000000451       0x1e c:/st/stm32cubeide_1.8.0/stm32cubeide/plugins/com.st.stm32cube.ide.mcu.externaltools.gnu-tools-for-stm32.9-2020-q2-update.win32_2.0.0.202105311346/tools/bin/../lib/gcc/arm-none-eabi/9.3.1/thumb/v6-m/nofp\libgcc.a(_dvmd_tls.o)
 .ARM.attributes
                0x000000000000046f       0x1e c:/st/stm32cubeide_1.8.0/stm32cubeide/plugins/com.st.stm32cube.ide.mcu.externaltools.gnu-tools-for-stm32.9-2020-q2-update.win32_2.0.0.202105311346/tools/bin/../lib/gcc/arm-none-eabi/9.3.1/thumb/v6-m/nofp/crtn.o
OUTPUT(Casptone_Video_Editing_Shuttle_Firmware.elf elf32-littlearm)
LOAD linker stubs
LOAD c:/st/stm32cubeide_1.8.0/stm32cubeide/plugins/com.st.stm32cube.ide.mcu.externaltools.gnu-tools-for-stm32.9-2020-q2-update.win32_2.0.0.202105311346/tools/bin/../lib/gcc/arm-none-eabi/9.3.1/../../../../arm-none-eabi/lib/thumb/v6-m/nofp\libc.a
LOAD c:/st/stm32cubeide_1.8.0/stm32cubeide/plugins/com.st.stm32cube.ide.mcu.externaltools.gnu-tools-for-stm32.9-2020-q2-update.win32_2.0.0.202105311346/tools/bin/../lib/gcc/arm-none-eabi/9.3.1/../../../../arm-none-eabi/lib/thumb/v6-m/nofp\libm.a
LOAD c:/st/stm32cubeide_1.8.0/stm32cubeide/plugins/com.st.stm32cube.ide.mcu.externaltools.gnu-tools-for-stm32.9-2020-q2-update.win32_2.0.0.202105311346/tools/bin/../lib/gcc/arm-none-eabi/9.3.1/thumb/v6-m/nofp\libgcc.a

.debug_info     0x0000000000000000    0x1010c
 .debug_info    0x0000000000000000      0x409 ./Core/Src/gpio.o
 .debug_info    0x0000000000000409     0x13d8 ./Core/Src/main.o
 .debug_info    0x00000000000017e1      0x27d ./Core/Src/stm32f0xx_hal_msp.o
 .debug_info    0x0000000000001a5e      0x6e9 ./Core/Src/stm32f0xx_it.o
 .debug_info    0x0000000000002147      0x2c3 ./Core/Src/system_stm32f0xx.o
 .debug_info    0x000000000000240a       0x22 ./Core/Startup/startup_stm32f072rbtx.o
 .debug_info    0x000000000000242c      0x717 ./Drivers/STM32F0xx_HAL_Driver/Src/stm32f0xx_hal.o
 .debug_info    0x0000000000002b43      0x7e8 ./Drivers/STM32F0xx_HAL_Driver/Src/stm32f0xx_hal_cortex.o
 .debug_info    0x000000000000332b      0x6ed ./Drivers/STM32F0xx_HAL_Driver/Src/stm32f0xx_hal_gpio.o
 .debug_info    0x0000000000003a18     0x1557 ./Drivers/STM32F0xx_HAL_Driver/Src/stm32f0xx_hal_pcd.o
 .debug_info    0x0000000000004f6f      0x91c ./Drivers/STM32F0xx_HAL_Driver/Src/stm32f0xx_hal_pcd_ex.o
 .debug_info    0x000000000000588b      0x8b1 ./Drivers/STM32F0xx_HAL_Driver/Src/stm32f0xx_hal_rcc.o
 .debug_info    0x000000000000613c      0x6da ./Drivers/STM32F0xx_HAL_Driver/Src/stm32f0xx_hal_rcc_ex.o
 .debug_info    0x0000000000006816     0x1728 ./Drivers/STM32F0xx_HAL_Driver/Src/stm32f0xx_ll_usb.o
 .debug_info    0x0000000000007f3e     0x1228 ./Middlewares/ST/STM32_USB_Device_Library/Class/HID/Src/usbd_hid.o
 .debug_info    0x0000000000009166     0x12c8 ./Middlewares/ST/STM32_USB_Device_Library/Core/Src/usbd_core.o
 .debug_info    0x000000000000a42e     0x1235 ./Middlewares/ST/STM32_USB_Device_Library/Core/Src/usbd_ctlreq.o
 .debug_info    0x000000000000b663     0x1007 ./Middlewares/ST/STM32_USB_Device_Library/Core/Src/usbd_ioreq.o
 .debug_info    0x000000000000c66a      0xe88 ./USB_DEVICE/App/usb_device.o
 .debug_info    0x000000000000d4f2      0xdc1 ./USB_DEVICE/App/usbd_desc.o
 .debug_info    0x000000000000e2b3     0x1e59 ./USB_DEVICE/Target/usbd_conf.o

.debug_abbrev   0x0000000000000000     0x2c03
 .debug_abbrev  0x0000000000000000      0x14e ./Core/Src/gpio.o
 .debug_abbrev  0x000000000000014e      0x318 ./Core/Src/main.o
 .debug_abbrev  0x0000000000000466      0x11d ./Core/Src/stm32f0xx_hal_msp.o
 .debug_abbrev  0x0000000000000583      0x173 ./Core/Src/stm32f0xx_it.o
 .debug_abbrev  0x00000000000006f6      0x145 ./Core/Src/system_stm32f0xx.o
 .debug_abbrev  0x000000000000083b       0x12 ./Core/Startup/startup_stm32f072rbtx.o
 .debug_abbrev  0x000000000000084d      0x1ed ./Drivers/STM32F0xx_HAL_Driver/Src/stm32f0xx_hal.o
 .debug_abbrev  0x0000000000000a3a      0x2a9 ./Drivers/STM32F0xx_HAL_Driver/Src/stm32f0xx_hal_cortex.o
 .debug_abbrev  0x0000000000000ce3      0x1e8 ./Drivers/STM32F0xx_HAL_Driver/Src/stm32f0xx_hal_gpio.o
 .debug_abbrev  0x0000000000000ecb      0x29e ./Drivers/STM32F0xx_HAL_Driver/Src/stm32f0xx_hal_pcd.o
 .debug_abbrev  0x0000000000001169      0x219 ./Drivers/STM32F0xx_HAL_Driver/Src/stm32f0xx_hal_pcd_ex.o
 .debug_abbrev  0x0000000000001382      0x23b ./Drivers/STM32F0xx_HAL_Driver/Src/stm32f0xx_hal_rcc.o
 .debug_abbrev  0x00000000000015bd      0x1c9 ./Drivers/STM32F0xx_HAL_Driver/Src/stm32f0xx_hal_rcc_ex.o
 .debug_abbrev  0x0000000000001786      0x25c ./Drivers/STM32F0xx_HAL_Driver/Src/stm32f0xx_ll_usb.o
 .debug_abbrev  0x00000000000019e2      0x2b7 ./Middlewares/ST/STM32_USB_Device_Library/Class/HID/Src/usbd_hid.o
 .debug_abbrev  0x0000000000001c99      0x2a8 ./Middlewares/ST/STM32_USB_Device_Library/Core/Src/usbd_core.o
 .debug_abbrev  0x0000000000001f41      0x2de ./Middlewares/ST/STM32_USB_Device_Library/Core/Src/usbd_ctlreq.o
 .debug_abbrev  0x000000000000221f      0x20a ./Middlewares/ST/STM32_USB_Device_Library/Core/Src/usbd_ioreq.o
 .debug_abbrev  0x0000000000002429      0x1db ./USB_DEVICE/App/usb_device.o
 .debug_abbrev  0x0000000000002604      0x2ca ./USB_DEVICE/App/usbd_desc.o
 .debug_abbrev  0x00000000000028ce      0x335 ./USB_DEVICE/Target/usbd_conf.o

.debug_aranges  0x0000000000000000      0x9d0
 .debug_aranges
                0x0000000000000000       0x20 ./Core/Src/gpio.o
 .debug_aranges
                0x0000000000000020       0x50 ./Core/Src/main.o
 .debug_aranges
                0x0000000000000070       0x20 ./Core/Src/stm32f0xx_hal_msp.o
 .debug_aranges
                0x0000000000000090       0x48 ./Core/Src/stm32f0xx_it.o
 .debug_aranges
                0x00000000000000d8       0x28 ./Core/Src/system_stm32f0xx.o
 .debug_aranges
                0x0000000000000100       0x28 ./Core/Startup/startup_stm32f072rbtx.o
 .debug_aranges
                0x0000000000000128       0xd0 ./Drivers/STM32F0xx_HAL_Driver/Src/stm32f0xx_hal.o
 .debug_aranges
                0x00000000000001f8       0xc0 ./Drivers/STM32F0xx_HAL_Driver/Src/stm32f0xx_hal_cortex.o
 .debug_aranges
                0x00000000000002b8       0x58 ./Drivers/STM32F0xx_HAL_Driver/Src/stm32f0xx_hal_gpio.o
 .debug_aranges
                0x0000000000000310      0x130 ./Drivers/STM32F0xx_HAL_Driver/Src/stm32f0xx_hal_pcd.o
 .debug_aranges
                0x0000000000000440       0x58 ./Drivers/STM32F0xx_HAL_Driver/Src/stm32f0xx_hal_pcd_ex.o
 .debug_aranges
                0x0000000000000498       0x80 ./Drivers/STM32F0xx_HAL_Driver/Src/stm32f0xx_hal_rcc.o
 .debug_aranges
                0x0000000000000518       0x78 ./Drivers/STM32F0xx_HAL_Driver/Src/stm32f0xx_hal_rcc_ex.o
 .debug_aranges
                0x0000000000000590       0xb0 ./Drivers/STM32F0xx_HAL_Driver/Src/stm32f0xx_ll_usb.o
 .debug_aranges
                0x0000000000000640       0x68 ./Middlewares/ST/STM32_USB_Device_Library/Class/HID/Src/usbd_hid.o
 .debug_aranges
                0x00000000000006a8       0xb8 ./Middlewares/ST/STM32_USB_Device_Library/Core/Src/usbd_core.o
 .debug_aranges
                0x0000000000000760       0x88 ./Middlewares/ST/STM32_USB_Device_Library/Core/Src/usbd_ctlreq.o
 .debug_aranges
                0x00000000000007e8       0x50 ./Middlewares/ST/STM32_USB_Device_Library/Core/Src/usbd_ioreq.o
 .debug_aranges
                0x0000000000000838       0x20 ./USB_DEVICE/App/usb_device.o
 .debug_aranges
                0x0000000000000858       0x60 ./USB_DEVICE/App/usbd_desc.o
 .debug_aranges
                0x00000000000008b8      0x118 ./USB_DEVICE/Target/usbd_conf.o

.debug_ranges   0x0000000000000000      0x888
 .debug_ranges  0x0000000000000000       0x10 ./Core/Src/gpio.o
 .debug_ranges  0x0000000000000010       0x40 ./Core/Src/main.o
 .debug_ranges  0x0000000000000050       0x10 ./Core/Src/stm32f0xx_hal_msp.o
 .debug_ranges  0x0000000000000060       0x38 ./Core/Src/stm32f0xx_it.o
 .debug_ranges  0x0000000000000098       0x18 ./Core/Src/system_stm32f0xx.o
 .debug_ranges  0x00000000000000b0       0x20 ./Core/Startup/startup_stm32f072rbtx.o
 .debug_ranges  0x00000000000000d0       0xc0 ./Drivers/STM32F0xx_HAL_Driver/Src/stm32f0xx_hal.o
 .debug_ranges  0x0000000000000190       0xb0 ./Drivers/STM32F0xx_HAL_Driver/Src/stm32f0xx_hal_cortex.o
 .debug_ranges  0x0000000000000240       0x48 ./Drivers/STM32F0xx_HAL_Driver/Src/stm32f0xx_hal_gpio.o
 .debug_ranges  0x0000000000000288      0x120 ./Drivers/STM32F0xx_HAL_Driver/Src/stm32f0xx_hal_pcd.o
 .debug_ranges  0x00000000000003a8       0x48 ./Drivers/STM32F0xx_HAL_Driver/Src/stm32f0xx_hal_pcd_ex.o
 .debug_ranges  0x00000000000003f0       0x70 ./Drivers/STM32F0xx_HAL_Driver/Src/stm32f0xx_hal_rcc.o
 .debug_ranges  0x0000000000000460       0x68 ./Drivers/STM32F0xx_HAL_Driver/Src/stm32f0xx_hal_rcc_ex.o
 .debug_ranges  0x00000000000004c8       0xa0 ./Drivers/STM32F0xx_HAL_Driver/Src/stm32f0xx_ll_usb.o
 .debug_ranges  0x0000000000000568       0x58 ./Middlewares/ST/STM32_USB_Device_Library/Class/HID/Src/usbd_hid.o
 .debug_ranges  0x00000000000005c0       0xa8 ./Middlewares/ST/STM32_USB_Device_Library/Core/Src/usbd_core.o
 .debug_ranges  0x0000000000000668       0x78 ./Middlewares/ST/STM32_USB_Device_Library/Core/Src/usbd_ctlreq.o
 .debug_ranges  0x00000000000006e0       0x40 ./Middlewares/ST/STM32_USB_Device_Library/Core/Src/usbd_ioreq.o
 .debug_ranges  0x0000000000000720       0x10 ./USB_DEVICE/App/usb_device.o
 .debug_ranges  0x0000000000000730       0x50 ./USB_DEVICE/App/usbd_desc.o
 .debug_ranges  0x0000000000000780      0x108 ./USB_DEVICE/Target/usbd_conf.o

.debug_macro    0x0000000000000000    0x1b51f
 .debug_macro   0x0000000000000000      0x1d7 ./Core/Src/gpio.o
 .debug_macro   0x00000000000001d7      0xa7e ./Core/Src/gpio.o
 .debug_macro   0x0000000000000c55      0x12d ./Core/Src/gpio.o
 .debug_macro   0x0000000000000d82       0x2e ./Core/Src/gpio.o
 .debug_macro   0x0000000000000db0       0x22 ./Core/Src/gpio.o
 .debug_macro   0x0000000000000dd2       0x22 ./Core/Src/gpio.o
 .debug_macro   0x0000000000000df4       0x8e ./Core/Src/gpio.o
 .debug_macro   0x0000000000000e82       0x51 ./Core/Src/gpio.o
 .debug_macro   0x0000000000000ed3      0x103 ./Core/Src/gpio.o
 .debug_macro   0x0000000000000fd6       0x6a ./Core/Src/gpio.o
 .debug_macro   0x0000000000001040      0x1df ./Core/Src/gpio.o
 .debug_macro   0x000000000000121f       0x1c ./Core/Src/gpio.o
 .debug_macro   0x000000000000123b       0x22 ./Core/Src/gpio.o
 .debug_macro   0x000000000000125d       0xb5 ./Core/Src/gpio.o
 .debug_macro   0x0000000000001312      0x391 ./Core/Src/gpio.o
 .debug_macro   0x00000000000016a3     0xfe57 ./Core/Src/gpio.o
 .debug_macro   0x00000000000114fa       0x66 ./Core/Src/gpio.o
 .debug_macro   0x0000000000011560     0x34a6 ./Core/Src/gpio.o
 .debug_macro   0x0000000000014a06      0x174 ./Core/Src/gpio.o
 .debug_macro   0x0000000000014b7a       0x55 ./Core/Src/gpio.o
 .debug_macro   0x0000000000014bcf      0x946 ./Core/Src/gpio.o
 .debug_macro   0x0000000000015515      0x5f3 ./Core/Src/gpio.o
 .debug_macro   0x0000000000015b08      0x1af ./Core/Src/gpio.o
 .debug_macro   0x0000000000015cb7      0x1a7 ./Core/Src/gpio.o
 .debug_macro   0x0000000000015e5e      0x1a7 ./Core/Src/gpio.o
 .debug_macro   0x0000000000016005      0x22c ./Core/Src/gpio.o
 .debug_macro   0x0000000000016231       0x34 ./Core/Src/gpio.o
 .debug_macro   0x0000000000016265       0x43 ./Core/Src/gpio.o
 .debug_macro   0x00000000000162a8       0x28 ./Core/Src/gpio.o
 .debug_macro   0x00000000000162d0       0xb0 ./Core/Src/gpio.o
 .debug_macro   0x0000000000016380      0x217 ./Core/Src/gpio.o
 .debug_macro   0x0000000000016597      0x22c ./Core/Src/gpio.o
 .debug_macro   0x00000000000167c3       0x61 ./Core/Src/gpio.o
 .debug_macro   0x0000000000016824       0xa5 ./Core/Src/gpio.o
 .debug_macro   0x00000000000168c9       0x65 ./Core/Src/gpio.o
 .debug_macro   0x000000000001692e      0x234 ./Core/Src/gpio.o
 .debug_macro   0x0000000000016b62       0x4c ./Core/Src/gpio.o
 .debug_macro   0x0000000000016bae      0x16d ./Core/Src/gpio.o
 .debug_macro   0x0000000000016d1b      0x130 ./Core/Src/gpio.o
 .debug_macro   0x0000000000016e4b       0xac ./Core/Src/gpio.o
 .debug_macro   0x0000000000016ef7      0x455 ./Core/Src/main.o
 .debug_macro   0x000000000001734c       0x52 ./Core/Src/main.o
 .debug_macro   0x000000000001739e       0x18 ./Core/Src/main.o
 .debug_macro   0x00000000000173b6       0x3c ./Core/Src/main.o
 .debug_macro   0x00000000000173f2       0x34 ./Core/Src/main.o
 .debug_macro   0x0000000000017426       0x16 ./Core/Src/main.o
 .debug_macro   0x000000000001743c       0x35 ./Core/Src/main.o
 .debug_macro   0x0000000000017471      0x333 ./Core/Src/main.o
 .debug_macro   0x00000000000177a4       0x10 ./Core/Src/main.o
 .debug_macro   0x00000000000177b4       0x16 ./Core/Src/main.o
 .debug_macro   0x00000000000177ca       0x43 ./Core/Src/main.o
 .debug_macro   0x000000000001780d       0x34 ./Core/Src/main.o
 .debug_macro   0x0000000000017841       0x10 ./Core/Src/main.o
 .debug_macro   0x0000000000017851       0x58 ./Core/Src/main.o
 .debug_macro   0x00000000000178a9       0x71 ./Core/Src/main.o
 .debug_macro   0x000000000001791a       0x1c ./Core/Src/main.o
 .debug_macro   0x0000000000017936      0x12a ./Core/Src/main.o
 .debug_macro   0x0000000000017a60       0x10 ./Core/Src/main.o
 .debug_macro   0x0000000000017a70       0x1c ./Core/Src/main.o
 .debug_macro   0x0000000000017a8c       0x52 ./Core/Src/main.o
 .debug_macro   0x0000000000017ade       0x22 ./Core/Src/main.o
 .debug_macro   0x0000000000017b00       0x10 ./Core/Src/main.o
 .debug_macro   0x0000000000017b10       0x40 ./Core/Src/main.o
 .debug_macro   0x0000000000017b50       0xd5 ./Core/Src/main.o
 .debug_macro   0x0000000000017c25       0x1c ./Core/Src/main.o
 .debug_macro   0x0000000000017c41       0x3d ./Core/Src/main.o
 .debug_macro   0x0000000000017c7e       0x16 ./Core/Src/main.o
 .debug_macro   0x0000000000017c94      0x145 ./Core/Src/main.o
 .debug_macro   0x0000000000017dd9       0x16 ./Core/Src/main.o
 .debug_macro   0x0000000000017def       0x16 ./Core/Src/main.o
 .debug_macro   0x0000000000017e05       0x29 ./Core/Src/main.o
 .debug_macro   0x0000000000017e2e       0x16 ./Core/Src/main.o
 .debug_macro   0x0000000000017e44       0x20 ./Core/Src/main.o
 .debug_macro   0x0000000000017e64       0x5f ./Core/Src/main.o
 .debug_macro   0x0000000000017ec3      0x1c8 ./Core/Src/main.o
 .debug_macro   0x000000000001808b       0x5e ./Core/Src/main.o
 .debug_macro   0x00000000000180e9      0x1cd ./Core/Src/stm32f0xx_hal_msp.o
 .debug_macro   0x00000000000182b6      0x1d7 ./Core/Src/stm32f0xx_it.o
 .debug_macro   0x000000000001848d      0x1be ./Core/Src/system_stm32f0xx.o
 .debug_macro   0x000000000001864b      0x1e2 ./Drivers/STM32F0xx_HAL_Driver/Src/stm32f0xx_hal.o
 .debug_macro   0x000000000001882d      0x1be ./Drivers/STM32F0xx_HAL_Driver/Src/stm32f0xx_hal_cortex.o
 .debug_macro   0x00000000000189eb      0x1c5 ./Drivers/STM32F0xx_HAL_Driver/Src/stm32f0xx_hal_gpio.o
 .debug_macro   0x0000000000018bb0      0x1ca ./Drivers/STM32F0xx_HAL_Driver/Src/stm32f0xx_hal_pcd.o
 .debug_macro   0x0000000000018d7a      0x1be ./Drivers/STM32F0xx_HAL_Driver/Src/stm32f0xx_hal_pcd_ex.o
 .debug_macro   0x0000000000018f38      0x1d0 ./Drivers/STM32F0xx_HAL_Driver/Src/stm32f0xx_hal_rcc.o
 .debug_macro   0x0000000000019108      0x1d0 ./Drivers/STM32F0xx_HAL_Driver/Src/stm32f0xx_hal_rcc_ex.o
 .debug_macro   0x00000000000192d8      0x1be ./Drivers/STM32F0xx_HAL_Driver/Src/stm32f0xx_ll_usb.o
 .debug_macro   0x0000000000019496      0x3e3 ./Middlewares/ST/STM32_USB_Device_Library/Class/HID/Src/usbd_hid.o
 .debug_macro   0x0000000000019879       0x97 ./Middlewares/ST/STM32_USB_Device_Library/Class/HID/Src/usbd_hid.o
 .debug_macro   0x0000000000019910       0xfd ./Middlewares/ST/STM32_USB_Device_Library/Class/HID/Src/usbd_hid.o
 .debug_macro   0x0000000000019a0d       0xaf ./Middlewares/ST/STM32_USB_Device_Library/Class/HID/Src/usbd_hid.o
 .debug_macro   0x0000000000019abc       0x4f ./Middlewares/ST/STM32_USB_Device_Library/Class/HID/Src/usbd_hid.o
 .debug_macro   0x0000000000019b0b      0x3ca ./Middlewares/ST/STM32_USB_Device_Library/Core/Src/usbd_core.o
 .debug_macro   0x0000000000019ed5      0x1ce ./Middlewares/ST/STM32_USB_Device_Library/Core/Src/usbd_core.o
 .debug_macro   0x000000000001a0a3      0x3d4 ./Middlewares/ST/STM32_USB_Device_Library/Core/Src/usbd_ctlreq.o
 .debug_macro   0x000000000001a477      0x3d0 ./Middlewares/ST/STM32_USB_Device_Library/Core/Src/usbd_ioreq.o
 .debug_macro   0x000000000001a847      0x3fa ./USB_DEVICE/App/usb_device.o
 .debug_macro   0x000000000001ac41       0xb2 ./USB_DEVICE/App/usb_device.o
 .debug_macro   0x000000000001acf3       0x22 ./USB_DEVICE/App/usb_device.o
 .debug_macro   0x000000000001ad15      0x407 ./USB_DEVICE/App/usbd_desc.o
 .debug_macro   0x000000000001b11c       0x1c ./USB_DEVICE/App/usbd_desc.o
 .debug_macro   0x000000000001b138      0x3e7 ./USB_DEVICE/Target/usbd_conf.o

.debug_line     0x0000000000000000     0xe181
 .debug_line    0x0000000000000000      0x72d ./Core/Src/gpio.o
 .debug_line    0x000000000000072d      0xb8e ./Core/Src/main.o
 .debug_line    0x00000000000012bb      0x6c5 ./Core/Src/stm32f0xx_hal_msp.o
 .debug_line    0x0000000000001980      0x742 ./Core/Src/stm32f0xx_it.o
 .debug_line    0x00000000000020c2      0x74d ./Core/Src/system_stm32f0xx.o
 .debug_line    0x000000000000280f       0x89 ./Core/Startup/startup_stm32f072rbtx.o
 .debug_line    0x0000000000002898      0x940 ./Drivers/STM32F0xx_HAL_Driver/Src/stm32f0xx_hal.o
 .debug_line    0x00000000000031d8      0x9ec ./Drivers/STM32F0xx_HAL_Driver/Src/stm32f0xx_hal_cortex.o
 .debug_line    0x0000000000003bc4      0xad2 ./Drivers/STM32F0xx_HAL_Driver/Src/stm32f0xx_hal_gpio.o
 .debug_line    0x0000000000004696     0x12c3 ./Drivers/STM32F0xx_HAL_Driver/Src/stm32f0xx_hal_pcd.o
 .debug_line    0x0000000000005959      0x83a ./Drivers/STM32F0xx_HAL_Driver/Src/stm32f0xx_hal_pcd_ex.o
 .debug_line    0x0000000000006193      0xdcf ./Drivers/STM32F0xx_HAL_Driver/Src/stm32f0xx_hal_rcc.o
 .debug_line    0x0000000000006f62      0xbe0 ./Drivers/STM32F0xx_HAL_Driver/Src/stm32f0xx_hal_rcc_ex.o
 .debug_line    0x0000000000007b42      0xef5 ./Drivers/STM32F0xx_HAL_Driver/Src/stm32f0xx_ll_usb.o
 .debug_line    0x0000000000008a37      0xc0a ./Middlewares/ST/STM32_USB_Device_Library/Class/HID/Src/usbd_hid.o
 .debug_line    0x0000000000009641      0xdd3 ./Middlewares/ST/STM32_USB_Device_Library/Core/Src/usbd_core.o
 .debug_line    0x000000000000a414      0xfef ./Middlewares/ST/STM32_USB_Device_Library/Core/Src/usbd_ctlreq.o
 .debug_line    0x000000000000b403      0xa69 ./Middlewares/ST/STM32_USB_Device_Library/Core/Src/usbd_ioreq.o
 .debug_line    0x000000000000be6c      0xa0e ./USB_DEVICE/App/usb_device.o
 .debug_line    0x000000000000c87a      0xaf2 ./USB_DEVICE/App/usbd_desc.o
 .debug_line    0x000000000000d36c      0xe15 ./USB_DEVICE/Target/usbd_conf.o

.debug_str      0x0000000000000000    0x90c9f
 .debug_str     0x0000000000000000    0x89408 ./Core/Src/gpio.o
                                      0x89695 (size before relaxing)
 .debug_str     0x0000000000089408     0x5504 ./Core/Src/main.o
                                      0x8ebfa (size before relaxing)
 .debug_str     0x000000000008e90c       0x2c ./Core/Src/stm32f0xx_hal_msp.o
                                      0x895f8 (size before relaxing)
 .debug_str     0x000000000008e938      0x3ee ./Core/Src/stm32f0xx_it.o
                                      0x899a5 (size before relaxing)
 .debug_str     0x000000000008ed26       0x5f ./Core/Src/system_stm32f0xx.o
                                      0x8938e (size before relaxing)
 .debug_str     0x000000000008ed85       0x36 ./Core/Startup/startup_stm32f072rbtx.o
                                         0x90 (size before relaxing)
 .debug_str     0x000000000008edbb      0x467 ./Drivers/STM32F0xx_HAL_Driver/Src/stm32f0xx_hal.o
                                      0x898fc (size before relaxing)
 .debug_str     0x000000000008f222      0x1d2 ./Drivers/STM32F0xx_HAL_Driver/Src/stm32f0xx_hal_cortex.o
                                      0x897b0 (size before relaxing)
 .debug_str     0x000000000008f3f4      0x156 ./Drivers/STM32F0xx_HAL_Driver/Src/stm32f0xx_hal_gpio.o
                                      0x8956d (size before relaxing)
 .debug_str     0x000000000008f54a      0x3d8 ./Drivers/STM32F0xx_HAL_Driver/Src/stm32f0xx_hal_pcd.o
                                      0x89adf (size before relaxing)
 .debug_str     0x000000000008f922      0x1c6 ./Drivers/STM32F0xx_HAL_Driver/Src/stm32f0xx_hal_pcd_ex.o
                                      0x898b7 (size before relaxing)
 .debug_str     0x000000000008fae8      0x240 ./Drivers/STM32F0xx_HAL_Driver/Src/stm32f0xx_hal_rcc.o
                                      0x897a3 (size before relaxing)
 .debug_str     0x000000000008fd28      0x2f6 ./Drivers/STM32F0xx_HAL_Driver/Src/stm32f0xx_hal_rcc_ex.o
                                      0x89780 (size before relaxing)
 .debug_str     0x000000000009001e      0x1f6 ./Drivers/STM32F0xx_HAL_Driver/Src/stm32f0xx_ll_usb.o
                                      0x8979e (size before relaxing)
 .debug_str     0x0000000000090214      0x270 ./Middlewares/ST/STM32_USB_Device_Library/Class/HID/Src/usbd_hid.o
                                      0x8e8f5 (size before relaxing)
 .debug_str     0x0000000000090484      0x1a9 ./Middlewares/ST/STM32_USB_Device_Library/Core/Src/usbd_core.o
                                      0x8e6fe (size before relaxing)
 .debug_str     0x000000000009062d      0x12f ./Middlewares/ST/STM32_USB_Device_Library/Core/Src/usbd_ctlreq.o
                                      0x8e684 (size before relaxing)
 .debug_str     0x000000000009075c       0xc9 ./Middlewares/ST/STM32_USB_Device_Library/Core/Src/usbd_ioreq.o
                                      0x8e60c (size before relaxing)
 .debug_str     0x0000000000090825       0xb5 ./USB_DEVICE/App/usb_device.o
                                      0x8e778 (size before relaxing)
 .debug_str     0x00000000000908da      0x258 ./USB_DEVICE/App/usbd_desc.o
                                      0x8e577 (size before relaxing)
 .debug_str     0x0000000000090b32      0x16d ./USB_DEVICE/Target/usbd_conf.o
                                      0x8efed (size before relaxing)

.comment        0x0000000000000000       0x53
 .comment       0x0000000000000000       0x53 ./Core/Src/gpio.o
                                         0x54 (size before relaxing)
 .comment       0x0000000000000053       0x54 ./Core/Src/main.o
 .comment       0x0000000000000053       0x54 ./Core/Src/stm32f0xx_hal_msp.o
 .comment       0x0000000000000053       0x54 ./Core/Src/stm32f0xx_it.o
 .comment       0x0000000000000053       0x54 ./Core/Src/system_stm32f0xx.o
 .comment       0x0000000000000053       0x54 ./Drivers/STM32F0xx_HAL_Driver/Src/stm32f0xx_hal.o
 .comment       0x0000000000000053       0x54 ./Drivers/STM32F0xx_HAL_Driver/Src/stm32f0xx_hal_cortex.o
 .comment       0x0000000000000053       0x54 ./Drivers/STM32F0xx_HAL_Driver/Src/stm32f0xx_hal_gpio.o
 .comment       0x0000000000000053       0x54 ./Drivers/STM32F0xx_HAL_Driver/Src/stm32f0xx_hal_pcd.o
 .comment       0x0000000000000053       0x54 ./Drivers/STM32F0xx_HAL_Driver/Src/stm32f0xx_hal_pcd_ex.o
 .comment       0x0000000000000053       0x54 ./Drivers/STM32F0xx_HAL_Driver/Src/stm32f0xx_hal_rcc.o
 .comment       0x0000000000000053       0x54 ./Drivers/STM32F0xx_HAL_Driver/Src/stm32f0xx_hal_rcc_ex.o
 .comment       0x0000000000000053       0x54 ./Drivers/STM32F0xx_HAL_Driver/Src/stm32f0xx_ll_usb.o
 .comment       0x0000000000000053       0x54 ./Middlewares/ST/STM32_USB_Device_Library/Class/HID/Src/usbd_hid.o
 .comment       0x0000000000000053       0x54 ./Middlewares/ST/STM32_USB_Device_Library/Core/Src/usbd_core.o
 .comment       0x0000000000000053       0x54 ./Middlewares/ST/STM32_USB_Device_Library/Core/Src/usbd_ctlreq.o
 .comment       0x0000000000000053       0x54 ./Middlewares/ST/STM32_USB_Device_Library/Core/Src/usbd_ioreq.o
 .comment       0x0000000000000053       0x54 ./USB_DEVICE/App/usb_device.o
 .comment       0x0000000000000053       0x54 ./USB_DEVICE/App/usbd_desc.o
 .comment       0x0000000000000053       0x54 ./USB_DEVICE/Target/usbd_conf.o

.debug_frame    0x0000000000000000     0x2060
 .debug_frame   0x0000000000000000       0x30 ./Core/Src/gpio.o
 .debug_frame   0x0000000000000030       0xe0 ./Core/Src/main.o
 .debug_frame   0x0000000000000110       0x30 ./Core/Src/stm32f0xx_hal_msp.o
 .debug_frame   0x0000000000000140       0xb8 ./Core/Src/stm32f0xx_it.o
 .debug_frame   0x00000000000001f8       0x4c ./Core/Src/system_stm32f0xx.o
 .debug_frame   0x0000000000000244      0x2a4 ./Drivers/STM32F0xx_HAL_Driver/Src/stm32f0xx_hal.o
 .debug_frame   0x00000000000004e8      0x2a0 ./Drivers/STM32F0xx_HAL_Driver/Src/stm32f0xx_hal_cortex.o
 .debug_frame   0x0000000000000788      0x110 ./Drivers/STM32F0xx_HAL_Driver/Src/stm32f0xx_hal_gpio.o
 .debug_frame   0x0000000000000898      0x478 ./Drivers/STM32F0xx_HAL_Driver/Src/stm32f0xx_hal_pcd.o
 .debug_frame   0x0000000000000d10      0x110 ./Drivers/STM32F0xx_HAL_Driver/Src/stm32f0xx_hal_pcd_ex.o
 .debug_frame   0x0000000000000e20      0x198 ./Drivers/STM32F0xx_HAL_Driver/Src/stm32f0xx_hal_rcc.o
 .debug_frame   0x0000000000000fb8      0x180 ./Drivers/STM32F0xx_HAL_Driver/Src/stm32f0xx_hal_rcc_ex.o
 .debug_frame   0x0000000000001138      0x280 ./Drivers/STM32F0xx_HAL_Driver/Src/stm32f0xx_ll_usb.o
 .debug_frame   0x00000000000013b8      0x150 ./Middlewares/ST/STM32_USB_Device_Library/Class/HID/Src/usbd_hid.o
 .debug_frame   0x0000000000001508      0x290 ./Middlewares/ST/STM32_USB_Device_Library/Core/Src/usbd_core.o
 .debug_frame   0x0000000000001798      0x1d8 ./Middlewares/ST/STM32_USB_Device_Library/Core/Src/usbd_ctlreq.o
 .debug_frame   0x0000000000001970       0xf0 ./Middlewares/ST/STM32_USB_Device_Library/Core/Src/usbd_ioreq.o
 .debug_frame   0x0000000000001a60       0x2c ./USB_DEVICE/App/usb_device.o
 .debug_frame   0x0000000000001a8c      0x130 ./USB_DEVICE/App/usbd_desc.o
 .debug_frame   0x0000000000001bbc      0x438 ./USB_DEVICE/Target/usbd_conf.o
 .debug_frame   0x0000000000001ff4       0x2c c:/st/stm32cubeide_1.8.0/stm32cubeide/plugins/com.st.stm32cube.ide.mcu.externaltools.gnu-tools-for-stm32.9-2020-q2-update.win32_2.0.0.202105311346/tools/bin/../lib/gcc/arm-none-eabi/9.3.1/../../../../arm-none-eabi/lib/thumb/v6-m/nofp\libc_nano.a(lib_a-init.o)
 .debug_frame   0x0000000000002020       0x20 c:/st/stm32cubeide_1.8.0/stm32cubeide/plugins/com.st.stm32cube.ide.mcu.externaltools.gnu-tools-for-stm32.9-2020-q2-update.win32_2.0.0.202105311346/tools/bin/../lib/gcc/arm-none-eabi/9.3.1/../../../../arm-none-eabi/lib/thumb/v6-m/nofp\libc_nano.a(lib_a-memset.o)
 .debug_frame   0x0000000000002040       0x20 c:/st/stm32cubeide_1.8.0/stm32cubeide/plugins/com.st.stm32cube.ide.mcu.externaltools.gnu-tools-for-stm32.9-2020-q2-update.win32_2.0.0.202105311346/tools/bin/../lib/gcc/arm-none-eabi/9.3.1/thumb/v6-m/nofp\libgcc.a(_udivsi3.o)
